# Bursting-Bubble reproduction command log
# Started: 2026-07-18T17:29:09+08:00
git -C /home/kqdx/basilisk_work/ring_fountain status --short --branch
git -C /home/kqdx/basilisk_work/ring_fountain log -1 --oneline
git -C /home/kqdx/basilisk_work/ring_fountain remote -v
git clone https://github.com/comphy-lab/Bursting-Bubble.git upstream
git -C upstream checkout --detach fb6090bf287afa5bd8c238272a95df27b9bcec4d
git -C upstream rev-parse HEAD
git -C upstream status --short
git -C upstream submodule status
git -C upstream log -5 --oneline
date; uname -a; wsl.exe --version; nproc; free -h; df -h .; gcc --version; git --version; bash --version; python3 --version; uv --version; command -v mpicc mpirun qcc
cp -a upstream/papers/SingularJets2026/. report/capsule_work/
cd report/capsule_work && sha256sum -c SHA256SUMS
curl -fL https://raw.githubusercontent.com/comphy-lab/basilisk-C/main/reset_install_basilisk-ref-locked.sh -o reset_install_basilisk-ref-locked.sh
sha256sum upstream/reset_install_basilisk-ref-locked.sh
cd upstream && ./reset_install_basilisk-ref-locked.sh --ref=v2026-01-13 --hard
# prior direct execution exited 126 because downloaded mode was non-executable
cd upstream && bash reset_install_basilisk-ref-locked.sh --ref=v2026-01-13 --hard
cd upstream && source .project_config && command -v qcc && qcc --version && sha256sum basilisk/src/qcc basilisk/src/axi.h basilisk/src/two-phase.h basilisk/src/navier-stokes/centered.h basilisk/src/tension.h .project_config basilisk/.comphy-lock && git diff --exit-code && git status --short
# prior bash --hard build stream was interrupted before .project_config creation; preserving partial tree
cd upstream && bash reset_install_basilisk-ref-locked.sh --ref=v2026-01-13
cd upstream/basilisk/src && make -k && make
curl -fL https://api.github.com/repos/astral-sh/uv/releases/latest -o report/logs/uv_latest_release.json
curl -fL https://github.com/astral-sh/uv/releases/download/0.11.29/uv-x86_64-unknown-linux-gnu.tar.gz -o report/logs/uv-0.11.29-x86_64-unknown-linux-gnu.tar.gz
verified release .sha256, inspected archive, extracted into report/tools/uv-0.11.29
cd report/capsule_work && ../tools/uv-0.11.29/uv sync --frozen
cd report/capsule_work && SINGULARJETS_NO_TEX=1 bash reproduce-fig2-v2.sh
cd report/capsule_work && UV_OFFLINE=1 ../tools/uv-0.11.29/uv run --offline pytest
# uv run --offline pytest attempted and failed because uv 0.11.29 re-resolved under a changed global exclude-newer policy
cd report/capsule_work && UV_OFFLINE=1 ../tools/uv-0.11.29/uv run --offline --frozen pytest
cd report/capsule_work && SINGULARJETS_NO_TEX=1 bash reproduce-Oh0.03.sh
cd report/capsule_work && SINGULARJETS_NO_TEX=1 bash reproduce-Oh0.02297.sh
cd report/capsule_work && SINGULARJETS_NO_TEX=1 bash reproduce_facets.sh
# direct optional runners used system python3 and failed without matplotlib; retrying under frozen offline uv environment
cd report/capsule_work && SINGULARJETS_NO_TEX=1 UV_OFFLINE=1 ../tools/uv-0.11.29/uv run --offline --frozen bash reproduce-Oh0.03.sh
cd report/capsule_work && SINGULARJETS_NO_TEX=1 UV_OFFLINE=1 ../tools/uv-0.11.29/uv run --offline --frozen bash reproduce-Oh0.02297.sh
cd report/capsule_work && SINGULARJETS_NO_TEX=1 UV_OFFLINE=1 ../tools/uv-0.11.29/uv run --offline --frozen bash reproduce_facets.sh
cd upstream && source .project_config && ./runSimulation.sh --verbose --compile-only default.params
cd upstream && source .project_config && ./runSimulation.sh ../report/params/smoke_l8_a.params
cd upstream && source .project_config && ./runSimulation.sh ../report/params/smoke_l8_b.params
cd upstream && source .project_config && ./runSimulation.sh ../report/params/smoke_oh002.params
cd report/tools && source ../../upstream/.project_config && qcc -O2 -Wall -disable-dimensions audit_snapshot.c -o audit_snapshot -lm
cd upstream/postProcess && source ../.project_config && qcc -O2 -Wall -disable-dimensions getBase.c -o getBase -lm && qcc -O2 -Wall -disable-dimensions getJetFoot.c -o getJetFoot -lm && qcc -O2 -Wall -disable-dimensions getFacetMain.c -o getFacetMain -lm
bash report/tools/extract_case_metrics.sh 2808 report/tables/case2808
bash report/tools/extract_case_metrics.sh 2809 report/tables/case2809
bash report/tools/extract_case_metrics.sh 2820 report/tables/case2820
# extraction attempt failed: upstream helpers use char filename[80]; retry passes short relative dump paths without source modification
sha256sum upstream/simulationCases/2808/log upstream/simulationCases/2809/log
cmp report/tables/case2808_snapshot_metrics.tsv report/tables/case2809_snapshot_metrics.tsv (after normalizing CaseNo)
upstream/postProcess/getFacetMain on common snapshots 0.5000,0.5800,0.6400,0.6900
cd upstream && source .project_config && ./runSimulation.sh ../report/params/grid_l10.params
bash report/tools/extract_case_metrics.sh 2810 report/tables/case2810
# resource gate: grid L11/L12 not started; L11 estimate exceeds 60 minutes from L8-to-L10 scaling
# audit_snapshot v1 KE used Basilisk postprocess default rho2=1; corrected to solver rho2=1e-3 and regenerated all metrics
report/capsule_work/.venv/bin/python report/tools/analyze_results.py
# first analysis render failed because Tk selected DISPLAY=:0; retry with explicit noninteractive Agg backend
git -C upstream bundle verify ../report/capsule_work/provenance/simulation-source.bundle
numeric PNG comparison: generated capsule_work versus pinned upstream originals
# correction: the original bash installer process ultimately completed with status 0; the apparent interruption was only early tool-session return
# resource gate retained: Case 2811, 2812, and full default Case 1000 were not started
git -C upstream diff --exit-code; git -C /home/kqdx/basilisk_work/ring_fountain status --short --branch
