make -C darcsit 
make[1]: Entering directory '/home/kqdx/basilisk_work/reproductions/bursting_bubble_20260718/upstream/basilisk/src/darcsit'
make[1]: Nothing to be done for 'all'.
make[1]: Leaving directory '/home/kqdx/basilisk_work/reproductions/bursting_bubble_20260718/upstream/basilisk/src/darcsit'
make -C ast 
make[1]: Entering directory '/home/kqdx/basilisk_work/reproductions/bursting_bubble_20260718/upstream/basilisk/src/ast'
make -C interpreter 
make[2]: Entering directory '/home/kqdx/basilisk_work/reproductions/bursting_bubble_20260718/upstream/basilisk/src/ast/interpreter'
make[2]: 'interpreter.o' is up to date.
make[2]: Leaving directory '/home/kqdx/basilisk_work/reproductions/bursting_bubble_20260718/upstream/basilisk/src/ast/interpreter'
make[1]: Leaving directory '/home/kqdx/basilisk_work/reproductions/bursting_bubble_20260718/upstream/basilisk/src/ast'
make -C kdt 
make[1]: Entering directory '/home/kqdx/basilisk_work/reproductions/bursting_bubble_20260718/upstream/basilisk/src/kdt'
make[1]: Nothing to be done for 'all'.
make[1]: Leaving directory '/home/kqdx/basilisk_work/reproductions/bursting_bubble_20260718/upstream/basilisk/src/kdt'
make -C wsServer 
make[1]: Entering directory '/home/kqdx/basilisk_work/reproductions/bursting_bubble_20260718/upstream/basilisk/src/wsServer'
make[1]: Nothing to be done for 'all'.
make[1]: Leaving directory '/home/kqdx/basilisk_work/reproductions/bursting_bubble_20260718/upstream/basilisk/src/wsServer'
make -C gl 
make[1]: Entering directory '/home/kqdx/basilisk_work/reproductions/bursting_bubble_20260718/upstream/basilisk/src/gl'
make -C tinyrenderer 
make[2]: Entering directory '/home/kqdx/basilisk_work/reproductions/bursting_bubble_20260718/upstream/basilisk/src/gl/tinyrenderer'
make[2]: 'tiny.o' is up to date.
make[2]: Leaving directory '/home/kqdx/basilisk_work/reproductions/bursting_bubble_20260718/upstream/basilisk/src/gl/tinyrenderer'
make[1]: Leaving directory '/home/kqdx/basilisk_work/reproductions/bursting_bubble_20260718/upstream/basilisk/src/gl'
cd darcsit && make && cd cgi-bin && make
make[1]: Entering directory '/home/kqdx/basilisk_work/reproductions/bursting_bubble_20260718/upstream/basilisk/src/darcsit'
make[1]: Nothing to be done for 'all'.
make[1]: Leaving directory '/home/kqdx/basilisk_work/reproductions/bursting_bubble_20260718/upstream/basilisk/src/darcsit'
make[1]: Entering directory '/home/kqdx/basilisk_work/reproductions/bursting_bubble_20260718/upstream/basilisk/src/darcsit/cgi-bin'
chmod 755 darcsit
make[1]: Leaving directory '/home/kqdx/basilisk_work/reproductions/bursting_bubble_20260718/upstream/basilisk/src/darcsit/cgi-bin'
make -C darcsit 
make[1]: Entering directory '/home/kqdx/basilisk_work/reproductions/bursting_bubble_20260718/upstream/basilisk/src/darcsit'
make[1]: Nothing to be done for 'all'.
make[1]: Leaving directory '/home/kqdx/basilisk_work/reproductions/bursting_bubble_20260718/upstream/basilisk/src/darcsit'
make -C ast 
make[1]: Entering directory '/home/kqdx/basilisk_work/reproductions/bursting_bubble_20260718/upstream/basilisk/src/ast'
make -C interpreter 
make[2]: Entering directory '/home/kqdx/basilisk_work/reproductions/bursting_bubble_20260718/upstream/basilisk/src/ast/interpreter'
make[2]: 'interpreter.o' is up to date.
make[2]: Leaving directory '/home/kqdx/basilisk_work/reproductions/bursting_bubble_20260718/upstream/basilisk/src/ast/interpreter'
make[1]: Leaving directory '/home/kqdx/basilisk_work/reproductions/bursting_bubble_20260718/upstream/basilisk/src/ast'
make -C kdt 
make[1]: Entering directory '/home/kqdx/basilisk_work/reproductions/bursting_bubble_20260718/upstream/basilisk/src/kdt'
make[1]: Nothing to be done for 'all'.
make[1]: Leaving directory '/home/kqdx/basilisk_work/reproductions/bursting_bubble_20260718/upstream/basilisk/src/kdt'
make -C wsServer 
make[1]: Entering directory '/home/kqdx/basilisk_work/reproductions/bursting_bubble_20260718/upstream/basilisk/src/wsServer'
make[1]: Nothing to be done for 'all'.
make[1]: Leaving directory '/home/kqdx/basilisk_work/reproductions/bursting_bubble_20260718/upstream/basilisk/src/wsServer'
make -C gl 
make[1]: Entering directory '/home/kqdx/basilisk_work/reproductions/bursting_bubble_20260718/upstream/basilisk/src/gl'
make -C tinyrenderer 
make[2]: Entering directory '/home/kqdx/basilisk_work/reproductions/bursting_bubble_20260718/upstream/basilisk/src/gl/tinyrenderer'
make[2]: 'tiny.o' is up to date.
make[2]: Leaving directory '/home/kqdx/basilisk_work/reproductions/bursting_bubble_20260718/upstream/basilisk/src/gl/tinyrenderer'
make[1]: Leaving directory '/home/kqdx/basilisk_work/reproductions/bursting_bubble_20260718/upstream/basilisk/src/gl'
cd darcsit && make && cd cgi-bin && make
make[1]: Entering directory '/home/kqdx/basilisk_work/reproductions/bursting_bubble_20260718/upstream/basilisk/src/darcsit'
make[1]: Nothing to be done for 'all'.
make[1]: Leaving directory '/home/kqdx/basilisk_work/reproductions/bursting_bubble_20260718/upstream/basilisk/src/darcsit'
make[1]: Entering directory '/home/kqdx/basilisk_work/reproductions/bursting_bubble_20260718/upstream/basilisk/src/darcsit/cgi-bin'
chmod 755 darcsit
make[1]: Leaving directory '/home/kqdx/basilisk_work/reproductions/bursting_bubble_20260718/upstream/basilisk/src/darcsit/cgi-bin'
	Command being timed: "sh -c make -k && make"
	User time (seconds): 0.03
	System time (seconds): 0.05
	Percent of CPU this job got: 86%
	Elapsed (wall clock) time (h:mm:ss or m:ss): 0:00.10
	Average shared text size (kbytes): 0
	Average unshared data size (kbytes): 0
	Average stack size (kbytes): 0
	Average total size (kbytes): 0
	Maximum resident set size (kbytes): 8288
	Average resident set size (kbytes): 0
	Major (requiring I/O) page faults: 0
	Minor (reclaiming a frame) page faults: 6198
	Voluntary context switches: 86
	Involuntary context switches: 2
	Swaps: 0
	File system inputs: 0
	File system outputs: 16
	Socket messages sent: 0
	Socket messages received: 0
	Signals delivered: 0
	Page size (bytes): 4096
	Exit status: 0
