Oh=0.02297: cone fit beta=38.31deg nu=0.4089 alpha=0.6285 (R^2=0.9978, n=754)
inertio-capillary (alpha=2/3): q_j~r^1.500  q_l~r^0.500  We_j~r^0.000 (constant)
PRF 2023 (alpha=1/2):          q_j~r^1.000  q_l~r^0.000 (const)  We_j~r^-1.000
Traceback (most recent call last):
  File "/home/kqdx/basilisk_work/reproductions/bursting_bubble_20260718/report/capsule_work/.venv/lib/python3.12/site-packages/matplotlib/texmanager.py", line 258, in _run_checked_subprocess
    report = subprocess.check_output(
             ^^^^^^^^^^^^^^^^^^^^^^^^
  File "/home/kqdx/.local/share/uv/python/cpython-3.12.13-linux-x86_64-gnu/lib/python3.12/subprocess.py", line 466, in check_output
    return run(*popenargs, stdout=PIPE, timeout=timeout, check=True,
           ^^^^^^^^^^^^^^^^^^^^^^^^^^^^^^^^^^^^^^^^^^^^^^^^^^^^^^^^^
  File "/home/kqdx/.local/share/uv/python/cpython-3.12.13-linux-x86_64-gnu/lib/python3.12/subprocess.py", line 548, in run
    with Popen(*popenargs, **kwargs) as process:
         ^^^^^^^^^^^^^^^^^^^^^^^^^^^
  File "/home/kqdx/.local/share/uv/python/cpython-3.12.13-linux-x86_64-gnu/lib/python3.12/subprocess.py", line 1026, in __init__
    self._execute_child(args, executable, preexec_fn, close_fds,
  File "/home/kqdx/.local/share/uv/python/cpython-3.12.13-linux-x86_64-gnu/lib/python3.12/subprocess.py", line 1955, in _execute_child
    raise child_exception_type(errno_num, err_msg, err_filename)
FileNotFoundError: [Errno 2] No such file or directory: 'latex'

The above exception was the direct cause of the following exception:

Traceback (most recent call last):
  File "/home/kqdx/basilisk_work/reproductions/bursting_bubble_20260718/report/capsule_work/plotJetMetricsTheory.py", line 670, in <module>
    main()
  File "/home/kqdx/basilisk_work/reproductions/bursting_bubble_20260718/report/capsule_work/plotJetMetricsTheory.py", line 644, in main
    plt.tight_layout(w_pad=2.4, h_pad=2.2)
  File "/home/kqdx/basilisk_work/reproductions/bursting_bubble_20260718/report/capsule_work/.venv/lib/python3.12/site-packages/matplotlib/pyplot.py", line 2992, in tight_layout
    gcf().tight_layout(pad=pad, h_pad=h_pad, w_pad=w_pad, rect=rect)
  File "/home/kqdx/basilisk_work/reproductions/bursting_bubble_20260718/report/capsule_work/.venv/lib/python3.12/site-packages/matplotlib/figure.py", line 3665, in tight_layout
    engine.execute(self)
  File "/home/kqdx/basilisk_work/reproductions/bursting_bubble_20260718/report/capsule_work/.venv/lib/python3.12/site-packages/matplotlib/layout_engine.py", line 188, in execute
    kwargs = get_tight_layout_figure(
             ^^^^^^^^^^^^^^^^^^^^^^^^
  File "/home/kqdx/basilisk_work/reproductions/bursting_bubble_20260718/report/capsule_work/.venv/lib/python3.12/site-packages/matplotlib/_tight_layout.py", line 266, in get_tight_layout_figure
    kwargs = _auto_adjust_subplotpars(fig, renderer,
             ^^^^^^^^^^^^^^^^^^^^^^^^^^^^^^^^^^^^^^^
  File "/home/kqdx/basilisk_work/reproductions/bursting_bubble_20260718/report/capsule_work/.venv/lib/python3.12/site-packages/matplotlib/_tight_layout.py", line 82, in _auto_adjust_subplotpars
    bb += [martist._get_tightbbox_for_layout_only(ax, renderer)]
           ^^^^^^^^^^^^^^^^^^^^^^^^^^^^^^^^^^^^^^^^^^^^^^^^^^^^
  File "/home/kqdx/basilisk_work/reproductions/bursting_bubble_20260718/report/capsule_work/.venv/lib/python3.12/site-packages/matplotlib/artist.py", line 1485, in _get_tightbbox_for_layout_only
    return obj.get_tightbbox(*args, **{**kwargs, "for_layout_only": True})
           ^^^^^^^^^^^^^^^^^^^^^^^^^^^^^^^^^^^^^^^^^^^^^^^^^^^^^^^^^^^^^^^
  File "/home/kqdx/basilisk_work/reproductions/bursting_bubble_20260718/report/capsule_work/.venv/lib/python3.12/site-packages/matplotlib/axes/_base.py", line 4740, in get_tightbbox
    ba = martist._get_tightbbox_for_layout_only(axis, renderer)
         ^^^^^^^^^^^^^^^^^^^^^^^^^^^^^^^^^^^^^^^^^^^^^^^^^^^^^^
  File "/home/kqdx/basilisk_work/reproductions/bursting_bubble_20260718/report/capsule_work/.venv/lib/python3.12/site-packages/matplotlib/artist.py", line 1485, in _get_tightbbox_for_layout_only
    return obj.get_tightbbox(*args, **{**kwargs, "for_layout_only": True})
           ^^^^^^^^^^^^^^^^^^^^^^^^^^^^^^^^^^^^^^^^^^^^^^^^^^^^^^^^^^^^^^^
  File "/home/kqdx/basilisk_work/reproductions/bursting_bubble_20260718/report/capsule_work/.venv/lib/python3.12/site-packages/matplotlib/axis.py", line 1427, in get_tightbbox
    self._update_label_position(renderer)
  File "/home/kqdx/basilisk_work/reproductions/bursting_bubble_20260718/report/capsule_work/.venv/lib/python3.12/site-packages/matplotlib/axis.py", line 2615, in _update_label_position
    bboxes, bboxes2 = self._get_tick_boxes_siblings(renderer=renderer)
                      ^^^^^^^^^^^^^^^^^^^^^^^^^^^^^^^^^^^^^^^^^^^^^^^^
  File "/home/kqdx/basilisk_work/reproductions/bursting_bubble_20260718/report/capsule_work/.venv/lib/python3.12/site-packages/matplotlib/axis.py", line 2403, in _get_tick_boxes_siblings
    tlb, tlb2 = axis._get_ticklabel_bboxes(ticks_to_draw, renderer)
                ^^^^^^^^^^^^^^^^^^^^^^^^^^^^^^^^^^^^^^^^^^^^^^^^^^^
  File "/home/kqdx/basilisk_work/reproductions/bursting_bubble_20260718/report/capsule_work/.venv/lib/python3.12/site-packages/matplotlib/axis.py", line 1404, in _get_ticklabel_bboxes
    return ([tick.label1.get_window_extent(renderer)
             ^^^^^^^^^^^^^^^^^^^^^^^^^^^^^^^^^^^^^^^
  File "/home/kqdx/basilisk_work/reproductions/bursting_bubble_20260718/report/capsule_work/.venv/lib/python3.12/site-packages/matplotlib/text.py", line 1076, in get_window_extent
    bbox, _, _ = self._get_layout(self._renderer)
                 ^^^^^^^^^^^^^^^^^^^^^^^^^^^^^^^^
  File "/home/kqdx/basilisk_work/reproductions/bursting_bubble_20260718/report/capsule_work/.venv/lib/python3.12/site-packages/matplotlib/text.py", line 465, in _get_layout
    _, h, min_descent = _get_text_metrics_with_cache(
                        ^^^^^^^^^^^^^^^^^^^^^^^^^^^^^
  File "/home/kqdx/basilisk_work/reproductions/bursting_bubble_20260718/report/capsule_work/.venv/lib/python3.12/site-packages/matplotlib/text.py", line 59, in _get_text_metrics_with_cache
    return get_text_metrics(text, fontprop.copy(), ismath, dpi)
           ^^^^^^^^^^^^^^^^^^^^^^^^^^^^^^^^^^^^^^^^^^^^^^^^^^^^
  File "/home/kqdx/basilisk_work/reproductions/bursting_bubble_20260718/report/capsule_work/.venv/lib/python3.12/site-packages/matplotlib/text.py", line 125, in _text_metrics
    return local_renderer.get_text_width_height_descent(text, fontprop, ismath)
           ^^^^^^^^^^^^^^^^^^^^^^^^^^^^^^^^^^^^^^^^^^^^^^^^^^^^^^^^^^^^^^^^^^^^
  File "/home/kqdx/basilisk_work/reproductions/bursting_bubble_20260718/report/capsule_work/.venv/lib/python3.12/site-packages/matplotlib/backends/backend_agg.py", line 256, in get_text_width_height_descent
    return super().get_text_width_height_descent(s, prop, ismath)
           ^^^^^^^^^^^^^^^^^^^^^^^^^^^^^^^^^^^^^^^^^^^^^^^^^^^^^^
  File "/home/kqdx/basilisk_work/reproductions/bursting_bubble_20260718/report/capsule_work/.venv/lib/python3.12/site-packages/matplotlib/backend_bases.py", line 589, in get_text_width_height_descent
    return self.get_texmanager().get_text_width_height_descent(
           ^^^^^^^^^^^^^^^^^^^^^^^^^^^^^^^^^^^^^^^^^^^^^^^^^^^^
  File "/home/kqdx/basilisk_work/reproductions/bursting_bubble_20260718/report/capsule_work/.venv/lib/python3.12/site-packages/matplotlib/texmanager.py", line 369, in get_text_width_height_descent
    dvipath = cls.make_dvi(tex, fontsize)
              ^^^^^^^^^^^^^^^^^^^^^^^^^^^
  File "/home/kqdx/basilisk_work/reproductions/bursting_bubble_20260718/report/capsule_work/.venv/lib/python3.12/site-packages/matplotlib/texmanager.py", line 301, in make_dvi
    cls._run_checked_subprocess(
  File "/home/kqdx/basilisk_work/reproductions/bursting_bubble_20260718/report/capsule_work/.venv/lib/python3.12/site-packages/matplotlib/texmanager.py", line 274, in _run_checked_subprocess
    raise RuntimeError(
RuntimeError: Failed to process string with tex because latex could not be found
Command exited with non-zero status 1
	Command being timed: "env SINGULARJETS_NO_TEX=1 UV_OFFLINE=1 ../tools/uv-0.11.29/uv run --offline --frozen bash reproduce-Oh0.02297.sh"
	User time (seconds): 1.89
	System time (seconds): 0.21
	Percent of CPU this job got: 176%
	Elapsed (wall clock) time (h:mm:ss or m:ss): 0:01.19
	Average shared text size (kbytes): 0
	Average unshared data size (kbytes): 0
	Average stack size (kbytes): 0
	Average total size (kbytes): 0
	Maximum resident set size (kbytes): 84496
	Average resident set size (kbytes): 0
	Major (requiring I/O) page faults: 0
	Minor (reclaiming a frame) page faults: 19289
	Voluntary context switches: 624
	Involuntary context switches: 23
	Swaps: 0
	File system inputs: 0
	File system outputs: 24
	Socket messages sent: 0
	Socket messages received: 0
	Signals delivered: 0
	Page size (bytes): 4096
	Exit status: 1
