Traceback (most recent call last):
  File "/home/kqdx/basilisk_work/reproductions/bursting_bubble_20260718/report/capsule_work/.venv/lib/python3.12/site-packages/matplotlib/texmanager.py", line 258, in _run_checked_subprocess
    report = subprocess.check_output(
             ^^^^^^^^^^^^^^^^^^^^^^^^
  File "/home/kqdx/.local/share/uv/python/cpython-3.12.13-linux-x86_64-gnu/lib/python3.12/subprocess.py", line 466, in check_output
    return run(*popenargs, stdout=PIPE, timeout=timeout, check=True,
           ^^^^^^^^^^^^^^^^^^^^^^^^^^^^^^^^^^^^^^^^^^^^^^^^^^^^^^^^^
  File "/home/kqdx/.local/share/uv/python/cpython-3.12.13-linux-x86_64-gnu/lib/python3.12/subprocess.py", line 548, in run
    with Popen(*popenargs, **kwargs) as process:
         ^^^^^^^^^^^^^^^^^^^^^^^^^^^
  File "/home/kqdx/.local/share/uv/python/cpython-3.12.13-linux-x86_64-gnu/lib/python3.12/subprocess.py", line 1026, in __init__
    self._execute_child(args, executable, preexec_fn, close_fds,
  File "/home/kqdx/.local/share/uv/python/cpython-3.12.13-linux-x86_64-gnu/lib/python3.12/subprocess.py", line 1955, in _execute_child
    raise child_exception_type(errno_num, err_msg, err_filename)
FileNotFoundError: [Errno 2] No such file or directory: 'latex'

The above exception was the direct cause of the following exception:

Traceback (most recent call last):
  File "/home/kqdx/basilisk_work/reproductions/bursting_bubble_20260718/report/capsule_work/facet-collapse-figure3/fig3_collapse.py", line 278, in <module>
    plt.savefig(out + ".png", dpi=600)
  File "/home/kqdx/basilisk_work/reproductions/bursting_bubble_20260718/report/capsule_work/.venv/lib/python3.12/site-packages/matplotlib/pyplot.py", line 1346, in savefig
    res = fig.savefig(fname, **kwargs)  # type: ignore[func-returns-value]
          ^^^^^^^^^^^^^^^^^^^^^^^^^^^^
  File "/home/kqdx/basilisk_work/reproductions/bursting_bubble_20260718/report/capsule_work/.venv/lib/python3.12/site-packages/matplotlib/figure.py", line 3515, in savefig
    self.canvas.print_figure(fname, **kwargs)
  File "/home/kqdx/basilisk_work/reproductions/bursting_bubble_20260718/report/capsule_work/.venv/lib/python3.12/site-packages/matplotlib/backend_bases.py", line 2281, in print_figure
    result = print_method(
             ^^^^^^^^^^^^^
  File "/home/kqdx/basilisk_work/reproductions/bursting_bubble_20260718/report/capsule_work/.venv/lib/python3.12/site-packages/matplotlib/backend_bases.py", line 2138, in <lambda>
    print_method = functools.wraps(meth)(lambda *args, **kwargs: meth(
                                                                 ^^^^^
  File "/home/kqdx/basilisk_work/reproductions/bursting_bubble_20260718/report/capsule_work/.venv/lib/python3.12/site-packages/matplotlib/backends/backend_agg.py", line 537, in print_png
    self._print_pil(filename_or_obj, "png", pil_kwargs, metadata)
  File "/home/kqdx/basilisk_work/reproductions/bursting_bubble_20260718/report/capsule_work/.venv/lib/python3.12/site-packages/matplotlib/backends/backend_agg.py", line 485, in _print_pil
    FigureCanvasAgg.draw(self)
  File "/home/kqdx/basilisk_work/reproductions/bursting_bubble_20260718/report/capsule_work/.venv/lib/python3.12/site-packages/matplotlib/backends/backend_agg.py", line 438, in draw
    self.figure.draw(self.renderer)
  File "/home/kqdx/basilisk_work/reproductions/bursting_bubble_20260718/report/capsule_work/.venv/lib/python3.12/site-packages/matplotlib/artist.py", line 94, in draw_wrapper
    result = draw(artist, renderer, *args, **kwargs)
             ^^^^^^^^^^^^^^^^^^^^^^^^^^^^^^^^^^^^^^^
  File "/home/kqdx/basilisk_work/reproductions/bursting_bubble_20260718/report/capsule_work/.venv/lib/python3.12/site-packages/matplotlib/artist.py", line 71, in draw_wrapper
    return draw(artist, renderer)
           ^^^^^^^^^^^^^^^^^^^^^^
  File "/home/kqdx/basilisk_work/reproductions/bursting_bubble_20260718/report/capsule_work/.venv/lib/python3.12/site-packages/matplotlib/figure.py", line 3282, in draw
    mimage._draw_list_compositing_images(
  File "/home/kqdx/basilisk_work/reproductions/bursting_bubble_20260718/report/capsule_work/.venv/lib/python3.12/site-packages/matplotlib/image.py", line 133, in _draw_list_compositing_images
    a.draw(renderer)
  File "/home/kqdx/basilisk_work/reproductions/bursting_bubble_20260718/report/capsule_work/.venv/lib/python3.12/site-packages/matplotlib/artist.py", line 71, in draw_wrapper
    return draw(artist, renderer)
           ^^^^^^^^^^^^^^^^^^^^^^
  File "/home/kqdx/basilisk_work/reproductions/bursting_bubble_20260718/report/capsule_work/.venv/lib/python3.12/site-packages/matplotlib/axes/_base.py", line 3350, in draw
    mimage._draw_list_compositing_images(
  File "/home/kqdx/basilisk_work/reproductions/bursting_bubble_20260718/report/capsule_work/.venv/lib/python3.12/site-packages/matplotlib/image.py", line 133, in _draw_list_compositing_images
    a.draw(renderer)
  File "/home/kqdx/basilisk_work/reproductions/bursting_bubble_20260718/report/capsule_work/.venv/lib/python3.12/site-packages/matplotlib/artist.py", line 71, in draw_wrapper
    return draw(artist, renderer)
           ^^^^^^^^^^^^^^^^^^^^^^
  File "/home/kqdx/basilisk_work/reproductions/bursting_bubble_20260718/report/capsule_work/.venv/lib/python3.12/site-packages/matplotlib/axis.py", line 1478, in draw
    tlb1, tlb2 = self._get_ticklabel_bboxes(ticks_to_draw, renderer)
                 ^^^^^^^^^^^^^^^^^^^^^^^^^^^^^^^^^^^^^^^^^^^^^^^^^^^
  File "/home/kqdx/basilisk_work/reproductions/bursting_bubble_20260718/report/capsule_work/.venv/lib/python3.12/site-packages/matplotlib/axis.py", line 1404, in _get_ticklabel_bboxes
    return ([tick.label1.get_window_extent(renderer)
             ^^^^^^^^^^^^^^^^^^^^^^^^^^^^^^^^^^^^^^^
  File "/home/kqdx/basilisk_work/reproductions/bursting_bubble_20260718/report/capsule_work/.venv/lib/python3.12/site-packages/matplotlib/text.py", line 1076, in get_window_extent
    bbox, _, _ = self._get_layout(self._renderer)
                 ^^^^^^^^^^^^^^^^^^^^^^^^^^^^^^^^
  File "/home/kqdx/basilisk_work/reproductions/bursting_bubble_20260718/report/capsule_work/.venv/lib/python3.12/site-packages/matplotlib/text.py", line 465, in _get_layout
    _, h, min_descent = _get_text_metrics_with_cache(
                        ^^^^^^^^^^^^^^^^^^^^^^^^^^^^^
  File "/home/kqdx/basilisk_work/reproductions/bursting_bubble_20260718/report/capsule_work/.venv/lib/python3.12/site-packages/matplotlib/text.py", line 59, in _get_text_metrics_with_cache
    return get_text_metrics(text, fontprop.copy(), ismath, dpi)
           ^^^^^^^^^^^^^^^^^^^^^^^^^^^^^^^^^^^^^^^^^^^^^^^^^^^^
  File "/home/kqdx/basilisk_work/reproductions/bursting_bubble_20260718/report/capsule_work/.venv/lib/python3.12/site-packages/matplotlib/text.py", line 125, in _text_metrics
    return local_renderer.get_text_width_height_descent(text, fontprop, ismath)
           ^^^^^^^^^^^^^^^^^^^^^^^^^^^^^^^^^^^^^^^^^^^^^^^^^^^^^^^^^^^^^^^^^^^^
  File "/home/kqdx/basilisk_work/reproductions/bursting_bubble_20260718/report/capsule_work/.venv/lib/python3.12/site-packages/matplotlib/backends/backend_agg.py", line 256, in get_text_width_height_descent
    return super().get_text_width_height_descent(s, prop, ismath)
           ^^^^^^^^^^^^^^^^^^^^^^^^^^^^^^^^^^^^^^^^^^^^^^^^^^^^^^
  File "/home/kqdx/basilisk_work/reproductions/bursting_bubble_20260718/report/capsule_work/.venv/lib/python3.12/site-packages/matplotlib/backend_bases.py", line 589, in get_text_width_height_descent
    return self.get_texmanager().get_text_width_height_descent(
           ^^^^^^^^^^^^^^^^^^^^^^^^^^^^^^^^^^^^^^^^^^^^^^^^^^^^
  File "/home/kqdx/basilisk_work/reproductions/bursting_bubble_20260718/report/capsule_work/.venv/lib/python3.12/site-packages/matplotlib/texmanager.py", line 369, in get_text_width_height_descent
    dvipath = cls.make_dvi(tex, fontsize)
              ^^^^^^^^^^^^^^^^^^^^^^^^^^^
  File "/home/kqdx/basilisk_work/reproductions/bursting_bubble_20260718/report/capsule_work/.venv/lib/python3.12/site-packages/matplotlib/texmanager.py", line 301, in make_dvi
    cls._run_checked_subprocess(
  File "/home/kqdx/basilisk_work/reproductions/bursting_bubble_20260718/report/capsule_work/.venv/lib/python3.12/site-packages/matplotlib/texmanager.py", line 274, in _run_checked_subprocess
    raise RuntimeError(
RuntimeError: Failed to process string with tex because latex could not be found
Command exited with non-zero status 1
	Command being timed: "env SINGULARJETS_NO_TEX=1 UV_OFFLINE=1 ../tools/uv-0.11.29/uv run --offline --frozen bash reproduce_facets.sh"
	User time (seconds): 25.14
	System time (seconds): 0.25
	Percent of CPU this job got: 103%
	Elapsed (wall clock) time (h:mm:ss or m:ss): 0:24.65
	Average shared text size (kbytes): 0
	Average unshared data size (kbytes): 0
	Average stack size (kbytes): 0
	Average total size (kbytes): 0
	Maximum resident set size (kbytes): 138192
	Average resident set size (kbytes): 0
	Major (requiring I/O) page faults: 0
	Minor (reclaiming a frame) page faults: 31870
	Voluntary context switches: 708
	Involuntary context switches: 235
	Swaps: 0
	File system inputs: 0
	File system outputs: 32
	Socket messages sent: 0
	Socket messages received: 0
	Signals delivered: 0
	Page size (bytes): 4096
	Exit status: 1
