CITATION.cff: OK
LICENSE-DATA.md: OK
README.md: OK
cases.csv: OK
data-Oh-0.02297/3010_L13_case.params: OK
data-Oh-0.02297/3010_L13_log.txt: OK
data-Oh-0.02297/4012_L14_case.params: OK
data-Oh-0.02297/4012_L14_log.txt: OK
data-Oh-0.02297/facet_inception.txt: OK
data-Oh-0.02297/gridconv_Oh0.02297_L13-L14.pdf: OK
data-Oh-0.02297/gridconv_Oh0.02297_L13-L14.png: OK
data-Oh-0.03/3013_L13_case.params: OK
data-Oh-0.03/3013_L13_log.txt: OK
data-Oh-0.03/4015_L14_case.params: OK
data-Oh-0.03/4015_L14_log.txt: OK
data-Oh-0.03/5001_L15_focus13_case.params: OK
data-Oh-0.03/5001_L15_focus13_log.txt: OK
data-Oh-0.03/5003_L15_focus14_case.params: OK
data-Oh-0.03/5003_L15_focus14_log.txt: OK
data-Oh-0.03/5004_L15_focus15_case.params: OK
data-Oh-0.03/5004_L15_focus15_log.txt: OK
data-Oh-0.03/5008_L15_focus15_case.params: OK
data-Oh-0.03/5008_L15_focus15_log.txt: OK
data-Oh-0.03/facet_inception.txt: OK
data-Oh-0.03/gridconv3_Oh0.03_L13-L14-L15.pdf: OK
data-Oh-0.03/gridconv3_Oh0.03_L13-L14-L15.png: OK
data-fig2a/fields/snapshot-0.492500.npz: OK
data-fig2a/fields/snapshot-0.494219.npz: OK
data-fig2a/fields/snapshot-0.496719.npz: OK
data-fig2a/fields/snapshot-0.499844.npz: OK
data-fig2a/interfaces/snapshot-0.492500.npz: OK
data-fig2a/interfaces/snapshot-0.494219.npz: OK
data-fig2a/interfaces/snapshot-0.496719.npz: OK
data-fig2a/interfaces/snapshot-0.499844.npz: OK
data-fig2a/manifest.json: OK
data-fig2a/raw-snapshots.json: OK
facet-collapse-figure3/README.md: OK
facet-collapse-figure3/extract_full.py: OK
facet-collapse-figure3/facets/facetmain_0.494453.txt: OK
facet-collapse-figure3/facets/facetmain_0.494531.txt: OK
facet-collapse-figure3/facets/facetmain_0.494609.txt: OK
facet-collapse-figure3/facets/facetmain_0.494687.txt: OK
facet-collapse-figure3/facets/facetmain_0.494766.txt: OK
facet-collapse-figure3/facets/facetmain_0.494844.txt: OK
facet-collapse-figure3/facets/facetmain_0.494922.txt: OK
facet-collapse-figure3/facets/facetmain_0.495000.txt: OK
facet-collapse-figure3/facets/facetmain_0.495078.txt: OK
facet-collapse-figure3/facets/facetmain_0.495156.txt: OK
facet-collapse-figure3/facets/facetmain_0.495234.txt: OK
facet-collapse-figure3/facets/facetmain_0.495312.txt: OK
facet-collapse-figure3/facets/facetmain_0.495391.txt: OK
facet-collapse-figure3/facets/facetmain_0.495469.txt: OK
facet-collapse-figure3/facets/facetmain_0.495547.txt: OK
facet-collapse-figure3/facets/facetmain_0.495625.txt: OK
facet-collapse-figure3/facets/facetmain_0.495703.txt: OK
facet-collapse-figure3/facets/facetmain_0.495781.txt: OK
facet-collapse-figure3/facets/facetmain_0.495859.txt: OK
facet-collapse-figure3/facets/facetmain_0.495937.txt: OK
facet-collapse-figure3/facets/facetmain_0.496016.txt: OK
facet-collapse-figure3/facets/facetmain_0.496094.txt: OK
facet-collapse-figure3/facets/facetmain_0.496172.txt: OK
facet-collapse-figure3/facets/facetmain_0.496250.txt: OK
facet-collapse-figure3/facets/facetmain_0.496328.txt: OK
facet-collapse-figure3/facets/facetmain_0.496406.txt: OK
facet-collapse-figure3/facets/facetmain_0.496484.txt: OK
facet-collapse-figure3/facets/facetmain_0.496562.txt: OK
facet-collapse-figure3/facets/facetmain_0.496641.txt: OK
facet-collapse-figure3/facets/facetmain_0.496719.txt: OK
facet-collapse-figure3/facets/facetmain_0.496797.txt: OK
facet-collapse-figure3/facets/facetmain_0.496875.txt: OK
facet-collapse-figure3/facets/facetmain_0.496953.txt: OK
facet-collapse-figure3/facets/facetmain_0.497031.txt: OK
facet-collapse-figure3/facets/facetmain_0.497109.txt: OK
facet-collapse-figure3/facets/facetmain_0.497187.txt: OK
facet-collapse-figure3/facets/facetmain_0.497266.txt: OK
facet-collapse-figure3/facets/facetmain_0.497344.txt: OK
facet-collapse-figure3/facets/facetmain_0.497422.txt: OK
facet-collapse-figure3/facets/facetmain_0.497500.txt: OK
facet-collapse-figure3/facets/facetmain_0.497578.txt: OK
facet-collapse-figure3/facets/facetmain_0.497656.txt: OK
facet-collapse-figure3/facets/facetmain_0.497734.txt: OK
facet-collapse-figure3/facets/facetmain_0.497812.txt: OK
facet-collapse-figure3/facets/facetmain_0.497891.txt: OK
facet-collapse-figure3/facets/facetmain_0.497969.txt: OK
facet-collapse-figure3/facets/facetmain_0.498047.txt: OK
facet-collapse-figure3/facets/facetmain_0.498125.txt: OK
facet-collapse-figure3/facets/facetmain_0.498203.txt: OK
facet-collapse-figure3/facets/facetmain_0.498281.txt: OK
facet-collapse-figure3/facets/facetmain_0.498359.txt: OK
facet-collapse-figure3/facets/facetmain_0.498437.txt: OK
facet-collapse-figure3/facets/facetmain_0.498516.txt: OK
facet-collapse-figure3/facets/facetmain_0.498594.txt: OK
facet-collapse-figure3/facets/facetmain_0.498672.txt: OK
facet-collapse-figure3/facets/facetmain_0.498750.txt: OK
facet-collapse-figure3/facets/facetmain_0.498828.txt: OK
facet-collapse-figure3/facets/facetmain_0.498906.txt: OK
facet-collapse-figure3/facets/facetmain_0.498984.txt: OK
facet-collapse-figure3/facets/facetmain_0.499062.txt: OK
facet-collapse-figure3/facets/facetmain_0.499141.txt: OK
facet-collapse-figure3/facets/facetmain_0.499219.txt: OK
facet-collapse-figure3/facets/facetmain_0.499297.txt: OK
facet-collapse-figure3/facets/facetmain_0.499375.txt: OK
facet-collapse-figure3/facets/facetmain_0.499453.txt: OK
facet-collapse-figure3/facets/facetmain_0.499531.txt: OK
facet-collapse-figure3/facets/facetmain_0.499609.txt: OK
facet-collapse-figure3/facets/facetmain_0.499687.txt: OK
facet-collapse-figure3/facets/facetmain_0.499766.txt: OK
facet-collapse-figure3/facets/facetmain_0.499844.txt: OK
facet-collapse-figure3/facets/facetmain_0.499922.txt: OK
facet-collapse-figure3/facets/facetmain_0.500000.txt: OK
facet-collapse-figure3/facets/facetmain_0.500078.txt: OK
facet-collapse-figure3/facets/facetmain_0.500156.txt: OK
facet-collapse-figure3/facets/facetmain_0.500234.txt: OK
facet-collapse-figure3/facets/facetmain_0.500312.txt: OK
facet-collapse-figure3/facets/facetmain_0.500391.txt: OK
facet-collapse-figure3/facets/facetmain_0.500469.txt: OK
facet-collapse-figure3/facets/facetmain_0.500547.txt: OK
facet-collapse-figure3/facets/facetmain_0.500625.txt: OK
facet-collapse-figure3/facets/facetmain_0.500703.txt: OK
facet-collapse-figure3/facets/facetpremain_0.446406.txt: OK
facet-collapse-figure3/facets/facetpremain_0.448906.txt: OK
facet-collapse-figure3/facets/facetpremain_0.451406.txt: OK
facet-collapse-figure3/facets/facetpremain_0.453906.txt: OK
facet-collapse-figure3/facets/facetpremain_0.456406.txt: OK
facet-collapse-figure3/facets/facetpremain_0.458906.txt: OK
facet-collapse-figure3/facets/facetpremain_0.461406.txt: OK
facet-collapse-figure3/facets/facetpremain_0.463906.txt: OK
facet-collapse-figure3/facets/facetpremain_0.465156.txt: OK
facet-collapse-figure3/facets/facetpremain_0.466406.txt: OK
facet-collapse-figure3/facets/facetpremain_0.467656.txt: OK
facet-collapse-figure3/facets/facetpremain_0.468906.txt: OK
facet-collapse-figure3/facets/facetpremain_0.470156.txt: OK
facet-collapse-figure3/facets/facetpremain_0.471406.txt: OK
facet-collapse-figure3/facets/facetpremain_0.472656.txt: OK
facet-collapse-figure3/facets/facetpremain_0.473906.txt: OK
facet-collapse-figure3/facets/facetpremain_0.475156.txt: OK
facet-collapse-figure3/facets/facetpremain_0.476406.txt: OK
facet-collapse-figure3/facets/facetpremain_0.477656.txt: OK
facet-collapse-figure3/facets/facetpremain_0.478906.txt: OK
facet-collapse-figure3/facets/facetpremain_0.480156.txt: OK
facet-collapse-figure3/facets/facetpremain_0.481406.txt: OK
facet-collapse-figure3/facets/facetpremain_0.482656.txt: OK
facet-collapse-figure3/facets/facetpremain_0.483281.txt: OK
facet-collapse-figure3/facets/facetpremain_0.483437.txt: OK
facet-collapse-figure3/facets/facetpremain_0.483516.txt: OK
facet-collapse-figure3/facets/facetpremain_0.483594.txt: OK
facet-collapse-figure3/facets/facetpremain_0.483672.txt: OK
facet-collapse-figure3/facets/facetpremain_0.483750.txt: OK
facet-collapse-figure3/facets/facetpremain_0.484375.txt: OK
facet-collapse-figure3/facets/facetpremain_0.486875.txt: OK
facet-collapse-figure3/facets/facetpremain_0.489375.txt: OK
facet-collapse-figure3/facets/facetpremain_0.490625.txt: OK
facet-collapse-figure3/facets/facetpremain_0.491875.txt: OK
facet-collapse-figure3/facets/facetpremain_0.492500.txt: OK
facet-collapse-figure3/facets/facetpremain_0.493125.txt: OK
facet-collapse-figure3/facets/facetpremain_0.493281.txt: OK
facet-collapse-figure3/facets/facetpremain_0.493906.txt: OK
facet-collapse-figure3/facets/facetpremain_0.493984.txt: OK
facet-collapse-figure3/facets/facetpremain_0.494062.txt: OK
facet-collapse-figure3/facets/facetpremain_0.494141.txt: OK
facet-collapse-figure3/facets/facetpremain_0.494219.txt: OK
facet-collapse-figure3/facets/facetpremain_0.494297.txt: OK
facet-collapse-figure3/facets/facetpremain_0.494375.txt: OK
facet-collapse-figure3/facets/index.txt: OK
facet-collapse-figure3/facets/index_pre.txt: OK
facet-collapse-figure3/fig3_Oh0.03_collapse.pdf: OK
facet-collapse-figure3/fig3_Oh0.03_collapse.png: OK
facet-collapse-figure3/fig3_collapse.py: OK
fig2_flux_scalings.pdf: OK
fig2_flux_scalings.png: OK
fig2_v2.pdf: OK
fig2_v2.png: OK
fig2a_streamlines.pdf: OK
fig2a_streamlines.png: OK
fig2a_streamlines_frames/fig2a_streamlines_snapshot_0.492500.pdf: OK
fig2a_streamlines_frames/fig2a_streamlines_snapshot_0.492500.png: OK
fig2a_streamlines_frames/fig2a_streamlines_snapshot_0.494219.pdf: OK
fig2a_streamlines_frames/fig2a_streamlines_snapshot_0.494219.png: OK
fig2a_streamlines_frames/fig2a_streamlines_snapshot_0.496719.pdf: OK
fig2a_streamlines_frames/fig2a_streamlines_snapshot_0.496719.png: OK
fig2a_streamlines_frames/fig2a_streamlines_snapshot_0.499844.pdf: OK
fig2a_streamlines_frames/fig2a_streamlines_snapshot_0.499844.png: OK
figure-scripts/beta_alpha_Oh.csv: OK
figure-scripts/capsule_utils.py: OK
figure-scripts/extract_fig2a_fields.c: OK
figure-scripts/make_fig2_flux_scalings.py: OK
figure-scripts/make_fig2_v2.py: OK
figure-scripts/make_fig2a_streamlines.py: OK
figure-scripts/make_nu_vs_beta.py: OK
figure-scripts/make_sketch_paper_worthington.py: OK
metadata.json: OK
nu_vs_beta.pdf: OK
plotJetMetricsTheory.py: OK
provenance/environment.txt: OK
provenance/paper-capsule-commit.txt: OK
provenance/raw/5008/README.md: OK
provenance/raw/5008/restart.sbatch: OK
provenance/raw/5008/slurm-restart-sbb5008-24472158.err: OK
provenance/raw/5008/slurm-restart-sbb5008-24472158.out: OK
provenance/simulation-source.bundle: OK
pyproject.toml: OK
reproduce-Oh0.02297.sh: OK
reproduce-Oh0.03.sh: OK
reproduce-fig2-v2.sh: OK
reproduce_facets.sh: OK
sketch_paper_worthington.pdf: OK
sketch_paper_worthington.png: OK
tests/conftest.py: OK
tests/offline_guard/sitecustomize.py: OK
tests/test_fig2_regression.py: OK
uv.lock: OK
