Traceback (most recent call last):
  File "/home/kqdx/basilisk_work/reproductions/bursting_bubble_20260718/report/capsule_work/plotJetMetricsTheory.py", line 118, in <module>
    import matplotlib
ModuleNotFoundError: No module named 'matplotlib'
Command exited with non-zero status 1
	Command being timed: "env SINGULARJETS_NO_TEX=1 bash reproduce-Oh0.03.sh"
	User time (seconds): 0.20
	System time (seconds): 0.11
	Percent of CPU this job got: 81%
	Elapsed (wall clock) time (h:mm:ss or m:ss): 0:00.40
	Average shared text size (kbytes): 0
	Average unshared data size (kbytes): 0
	Average stack size (kbytes): 0
	Average total size (kbytes): 0
	Maximum resident set size (kbytes): 45320
	Average resident set size (kbytes): 0
	Major (requiring I/O) page faults: 12
	Minor (reclaiming a frame) page faults: 7897
	Voluntary context switches: 175
	Involuntary context switches: 0
	Swaps: 0
	File system inputs: 52584
	File system outputs: 8
	Socket messages sent: 0
	Socket messages received: 0
	Signals delivered: 0
	Page size (bytes): 4096
	Exit status: 1
