report/tools/extract_case_metrics.sh: line 31: 230774 Aborted                    "$get_base" "$snapshot" 2>&1 > /dev/null
     230775 Done                       | awk -v c="$case_no" 'BEGIN{OFS="\t"}{print c,$0}' >> "$base_out"
Command exited with non-zero status 134
	Command being timed: "bash report/tools/extract_case_metrics.sh 2820 report/tables/case2820"
	User time (seconds): 0.01
	System time (seconds): 0.02
	Percent of CPU this job got: 132%
	Elapsed (wall clock) time (h:mm:ss or m:ss): 0:00.03
	Average shared text size (kbytes): 0
	Average unshared data size (kbytes): 0
	Average stack size (kbytes): 0
	Average total size (kbytes): 0
	Maximum resident set size (kbytes): 8572
	Average resident set size (kbytes): 0
	Major (requiring I/O) page faults: 0
	Minor (reclaiming a frame) page faults: 3791
	Voluntary context switches: 24
	Involuntary context switches: 1
	Swaps: 0
	File system inputs: 0
	File system outputs: 32
	Socket messages sent: 0
	Socket messages received: 0
	Signals delivered: 0
	Page size (bytes): 4096
	Exit status: 134
