Creating case directory: simulationCases/2810

=========================================
Bursting Bubble Simulation (Newtonian)
=========================================
Case Number: 2810
Case Directory: simulationCases/2810
Parameter File: ../report/params/grid_l10.params

Physical Parameters:
  Oh=1e-2, Bond=1e-3
  MAXlevel=10, tmax=0.7, zWall=4.0

Stage: Both (Stage 1 + Stage 2)
Parallelization: Serial

Copied source file to case directory

=========================================
Stage 1: Generate Initial Condition
=========================================
Compiling for serial execution...
Compilation successful: burstingBubble

Running briefly to generate restart file...
  Running single-threaded
  Command: ./burstingBubble case.params tmax=0.10

========================================
Bursting Bubble Simulation Configuration
========================================
Case Number:              2810
Physical Parameters:
  Ohnesorge (liquid):     0.01
  Ohnesorge (gas):        0.0002  (OhRatio=0.02)
  Bond number:            0.001
Geometry:
  zWall:                  4
Adaptive Space:
  Levels (min/max):       4 / 10
  Initial grid level:     5 (2^5 = 32 cells)
  Error tol (f/Vel/K):    0.001 / 0.001 / 1e-06
Adaptive Time:
  CFL:                    0.1
  dtmax (ceiling):        0.01
  Solver TOLERANCE:       0.0001
  ke stop gates (min/max): 1e-06 / 100
Time Control:
  tmax:                   0.1
  tsnap:                  0.01
Drill Trigger (drill solver only):
  drillAMR:               ON
  maxlevel start/floor:   8
  cells/feature (K/jet):  5 / 5
  relax level (post-pinch): disabled
  staged tsnap:           ON (floor factor 0.1)
  focus (pre-incept) cap: disabled
  gas-wisp removal:       OFF
========================================

Level 10, Oh 1.0e-02, Oha 2.0e-04, Bo 0.001, zWall 4, Ldomain 10
i dt t ke
0 1.56525e-06 0 0
1 1.56525e-06 1.56525e-06 5.92187e-09
2 3.63579e-05 3.79232e-05 3.19638e-06
3 6.77692e-05 0.000105692 2.43261e-05
4 9.60612e-05 0.000201754 8.74531e-05
5 0.000122478 0.000324232 0.000222459
6 0.000146603 0.000470834 0.000460946
7 0.000167178 0.000638013 0.000829811
8 0.00018724 0.000825252 0.00135803
9 0.000203883 0.00102914 0.00206307
10 0.000218802 0.00124794 0.00296137
11 0.000236542 0.00148448 0.00408827
12 0.000250456 0.00173494 0.00544746
13 0.000258283 0.00199322 0.00701686
14 0.000266893 0.00226011 0.00879638
15 0.000276425 0.00253654 0.0107899
16 0.000287056 0.00282359 0.0130006
17 0.000299017 0.00312261 0.0154261
18 0.000299017 0.00342163 0.0179554
19 0.000313256 0.00373488 0.0206741
20 0.000313256 0.00404814 0.0234458
21 0.000313256 0.00436139 0.026254
22 0.000331683 0.00469308 0.0293451
23 0.000331683 0.00502476 0.0324596
24 0.000331683 0.00535644 0.035674
25 0.000331683 0.00568813 0.0389553
26 0.000331683 0.00601981 0.0422984
27 0.000331683 0.00635149 0.0456635
28 0.000331683 0.00668317 0.04907
29 0.000331683 0.00701486 0.0523875
30 0.000331683 0.00734654 0.0554859
31 0.000331683 0.00767822 0.0588431
32 0.000331683 0.0080099 0.0622778
33 0.000331683 0.00834159 0.0657104
34 0.000331683 0.00867327 0.0691722
35 0.000331683 0.00900495 0.0726454
36 0.000331683 0.00933663 0.0759856
37 0.000331683 0.00966832 0.0793761
38 0.000331683 0.01 0.0828085
39 0.00037037 0.0103704 0.0867436
40 0.00037037 0.0107407 0.0906054
41 0.00037037 0.0111111 0.0944264
42 0.00037037 0.0114815 0.0982809
43 0.00037037 0.0118519 0.10187
44 0.00037037 0.0122222 0.105587
45 0.00037037 0.0125926 0.1093
46 0.00037037 0.012963 0.113143
47 0.00037037 0.0133333 0.1168
48 0.00037037 0.0137037 0.120623
49 0.00037037 0.0140741 0.123928
50 0.00037037 0.0144444 0.127617
51 0.00037037 0.0148148 0.131349
52 0.00037037 0.0151852 0.13518
53 0.00037037 0.0155556 0.138926
54 0.00037037 0.0159259 0.142812
55 0.00037037 0.0162963 0.146534
56 0.00037037 0.0166667 0.150343
57 0.00037037 0.017037 0.15412
58 0.00037037 0.0174074 0.157825
59 0.00037037 0.0177778 0.161548
60 0.00037037 0.0181481 0.16541
61 0.00037037 0.0185185 0.169133
62 0.00037037 0.0188889 0.17221
63 0.00037037 0.0192593 0.175827
64 0.00037037 0.0196296 0.179412
65 0.00037037 0.02 0.183073
66 0.00037037 0.0203704 0.186864
67 0.00037037 0.0207407 0.190653
68 0.00037037 0.0211111 0.194548
69 0.00037037 0.0214815 0.197597
70 0.00037037 0.0218519 0.201092
71 0.00037037 0.0222222 0.204688
72 0.00037037 0.0225926 0.2085
73 0.00037037 0.022963 0.212391
74 0.00037037 0.0233333 0.216241
75 0.00037037 0.0237037 0.22011
76 0.00037037 0.0240741 0.222812
77 0.00037037 0.0244444 0.226168
78 0.00037037 0.0248148 0.229641
79 0.00037037 0.0251852 0.233443
80 0.00037037 0.0255556 0.237363
81 0.00037037 0.0259259 0.241256
82 0.00037037 0.0262963 0.245098
83 0.00037037 0.0266667 0.248899
84 0.00037037 0.027037 0.252269
85 0.00037037 0.0274074 0.255911
86 0.00037037 0.0277778 0.259746
87 0.00037037 0.0281481 0.263545
88 0.00037037 0.0285185 0.267366
89 0.00037037 0.0288889 0.271029
90 0.00037037 0.0292593 0.274748
91 0.00037037 0.0296296 0.27749
92 0.00037037 0.03 0.280973
93 0.000384615 0.0303846 0.284734
94 0.000384615 0.0307692 0.2886
95 0.000384615 0.0311538 0.292583
96 0.000384615 0.0315385 0.296452
97 0.000384615 0.0319231 0.300302
98 0.000384615 0.0323077 0.304026
99 0.000384615 0.0326923 0.30734
100 0.000384615 0.0330769 0.311131
101 0.000384615 0.0334615 0.315053
102 0.000384615 0.0338462 0.319016
103 0.000384615 0.0342308 0.322839
104 0.000384615 0.0346154 0.326719
105 0.000384615 0.035 0.330694
106 0.000384615 0.0353846 0.334578
107 0.000384615 0.0357692 0.338156
108 0.000384615 0.0361538 0.342047
109 0.000384615 0.0365385 0.346035
110 0.000384615 0.0369231 0.349934
111 0.000384615 0.0373077 0.353935
112 0.000384615 0.0376923 0.358011
113 0.000384615 0.0380769 0.362137
114 0.000384615 0.0384615 0.366099
115 0.000384615 0.0388462 0.369778
116 0.000384615 0.0392308 0.373772
117 0.000384615 0.0396154 0.377715
118 0.000384615 0.04 0.381835
119 0.000384615 0.0403846 0.386014
120 0.000384615 0.0407692 0.390222
121 0.000384615 0.0411538 0.394236
122 0.000384615 0.0415385 0.398313
123 0.000384615 0.0419231 0.401672
124 0.000384615 0.0423077 0.405535
125 0.000384615 0.0426923 0.409607
126 0.000384615 0.0430769 0.413707
127 0.000384615 0.0434615 0.417817
128 0.000384615 0.0438462 0.421896
129 0.000384615 0.0442308 0.425927
130 0.000384615 0.0446154 0.430046
131 0.000384615 0.045 0.43424
132 0.000384615 0.0453846 0.43806
133 0.000384615 0.0457692 0.442136
134 0.000384615 0.0461538 0.446283
135 0.000384615 0.0465385 0.450428
136 0.000384615 0.0469231 0.454625
137 0.000384615 0.0473077 0.458856
138 0.000384615 0.0476923 0.463138
139 0.000384615 0.0480769 0.46743
140 0.000384615 0.0484615 0.471633
141 0.000384615 0.0488462 0.47573
142 0.000384615 0.0492308 0.479937
143 0.000384615 0.0496154 0.484185
144 0.000384615 0.05 0.488541
145 0.000384615 0.0503846 0.492898
146 0.000384615 0.0507692 0.497293
147 0.000384615 0.0511538 0.501623
148 0.000384615 0.0515385 0.505985
149 0.000384615 0.0519231 0.510334
150 0.000384615 0.0523077 0.514469
151 0.000384615 0.0526923 0.518816
152 0.000384615 0.0530769 0.523194
153 0.000384615 0.0534615 0.527562
154 0.000384615 0.0538462 0.531945
155 0.000384615 0.0542308 0.536331
156 0.000384615 0.0546154 0.540754
157 0.000384615 0.055 0.54515
158 0.000384615 0.0553846 0.549572
159 0.000384615 0.0557692 0.55337
160 0.000384615 0.0561538 0.557603
161 0.000384615 0.0565385 0.561917
162 0.000384615 0.0569231 0.566299
163 0.000384615 0.0573077 0.570747
164 0.000384615 0.0576923 0.575274
165 0.000384615 0.0580769 0.579737
166 0.000384615 0.0584615 0.584252
167 0.000384615 0.0588462 0.588665
168 0.000384615 0.0592308 0.593154
169 0.000384615 0.0596154 0.597102
170 0.000384615 0.06 0.601409
171 0.000384615 0.0603846 0.605797
172 0.000384615 0.0607692 0.61023
173 0.000384615 0.0611538 0.614714
174 0.000384615 0.0615385 0.6192
175 0.000384615 0.0619231 0.623722
176 0.000384615 0.0623077 0.628192
177 0.000384615 0.0626923 0.632649
178 0.000384615 0.0630769 0.637071
179 0.000384615 0.0634615 0.641358
180 0.000384615 0.0638462 0.645747
181 0.000384615 0.0642308 0.650199
182 0.000384615 0.0646154 0.654605
183 0.000384615 0.065 0.659019
184 0.000384615 0.0653846 0.663461
185 0.000384615 0.0657692 0.667972
186 0.000384615 0.0661538 0.672433
187 0.000384615 0.0665385 0.676871
188 0.000384615 0.0669231 0.681363
189 0.000384615 0.0673077 0.685812
190 0.000384615 0.0676923 0.690003
191 0.000384615 0.0680769 0.694444
192 0.000384615 0.0684615 0.698883
193 0.000384615 0.0688462 0.703391
194 0.000384615 0.0692308 0.707917
195 0.000384615 0.0696154 0.71249
196 0.000384615 0.07 0.71703
197 0.000384615 0.0703846 0.721602
198 0.000384615 0.0707692 0.726159
199 0.000384615 0.0711538 0.730708
200 0.000384615 0.0715385 0.735272
201 0.000384615 0.0719231 0.73957
202 0.000384615 0.0723077 0.744107
203 0.000384615 0.0726923 0.748627
204 0.000384615 0.0730769 0.753211
205 0.000384615 0.0734615 0.757847
206 0.000384615 0.0738462 0.762509
207 0.000384615 0.0742308 0.767131
208 0.000384615 0.0746154 0.771764
209 0.000384615 0.075 0.776358
210 0.000384615 0.0753846 0.780946
211 0.000384615 0.0757692 0.78554
212 0.000384615 0.0761538 0.789722
213 0.000384615 0.0765385 0.794184
214 0.000384615 0.0769231 0.798713
215 0.000384615 0.0773077 0.803328
216 0.000384615 0.0776923 0.807989
217 0.000384615 0.0780769 0.812601
218 0.000384615 0.0784615 0.817288
219 0.000384615 0.0788462 0.821977
220 0.000384615 0.0792308 0.826628
221 0.000384615 0.0796154 0.831273
222 0.000384615 0.08 0.83594
223 0.000384615 0.0803846 0.840673
224 0.000384615 0.0807692 0.84518
225 0.000384615 0.0811538 0.849753
226 0.000384615 0.0815385 0.854472
227 0.000384615 0.0819231 0.859205
228 0.000384615 0.0823077 0.863941
229 0.000384615 0.0826923 0.868677
230 0.000384615 0.0830769 0.873366
231 0.000384615 0.0834615 0.878067
232 0.000384615 0.0838462 0.882819
233 0.000384615 0.0842308 0.88754
234 0.000384615 0.0846154 0.892326
235 0.000384615 0.085 0.89704
236 0.000384615 0.0853846 0.901537
237 0.000384615 0.0857692 0.906232
238 0.000384615 0.0861538 0.910953
239 0.000384615 0.0865385 0.91564
240 0.000384615 0.0869231 0.920432
241 0.000384615 0.0873077 0.925218
242 0.000384615 0.0876923 0.930047
243 0.000384615 0.0880769 0.934787
244 0.000384615 0.0884615 0.93958
245 0.000384615 0.0888462 0.944375
246 0.000384615 0.0892308 0.949166
247 0.000384615 0.0896154 0.953938
248 0.000384615 0.09 0.958657
249 0.000384615 0.0903846 0.963431
250 0.000384615 0.0907692 0.968315
251 0.000384615 0.0911538 0.973148
252 0.000384615 0.0915385 0.977997
253 0.000384615 0.0919231 0.982873
254 0.000384615 0.0923077 0.987737
255 0.000384615 0.0926923 0.992636
256 0.000384615 0.0930769 0.9975
257 0.000384615 0.0934615 1.00236
258 0.000384615 0.0938462 1.0073
259 0.000384615 0.0942308 1.01216
260 0.000384615 0.0946154 1.01699
261 0.000384615 0.095 1.02181
262 0.000384615 0.0953846 1.02662
263 0.000384615 0.0957692 1.03152
264 0.000384615 0.0961538 1.03641
265 0.000384615 0.0965385 1.04128
266 0.000384615 0.0969231 1.04622
267 0.000384615 0.0973077 1.05116
268 0.000384615 0.0976923 1.05607
269 0.000384615 0.0980769 1.06098
270 0.000384615 0.0984615 1.06592
271 0.000384615 0.0988462 1.07088
272 0.000384615 0.0992308 1.07583
273 0.000384615 0.0996154 1.08067
274 0.000384615 0.1 1.0856
Level 10, Oh 1.0e-02, Oha 2.0e-04, Bo 0.001, zWall 4, Ldomain 10

# Quadtree, 274 steps, 69.2575 CPU, 69.29 real, 8.95e+04 points.step/s, 41 var

=========================================
Stage 1 complete: restart file created
Restart file location: simulationCases/2810/restart
=========================================

=========================================
Stage 2: Full Simulation
=========================================
Compiling for serial execution...
Compilation successful: burstingBubble

Starting full simulation...
  Command: ./burstingBubble case.params  (Oh=1e-2 Bond=1e-3 MAXlevel=10 tmax=0.7 zWall=4.0)
=========================================

========================================
Bursting Bubble Simulation Configuration
========================================
Case Number:              2810
Physical Parameters:
  Ohnesorge (liquid):     0.01
  Ohnesorge (gas):        0.0002  (OhRatio=0.02)
  Bond number:            0.001
Geometry:
  zWall:                  4
Adaptive Space:
  Levels (min/max):       4 / 10
  Initial grid level:     5 (2^5 = 32 cells)
  Error tol (f/Vel/K):    0.001 / 0.001 / 1e-06
Adaptive Time:
  CFL:                    0.1
  dtmax (ceiling):        0.01
  Solver TOLERANCE:       0.0001
  ke stop gates (min/max): 1e-06 / 100
Time Control:
  tmax:                   0.7
  tsnap:                  0.01
Drill Trigger (drill solver only):
  drillAMR:               ON
  maxlevel start/floor:   8
  cells/feature (K/jet):  5 / 5
  relax level (post-pinch): disabled
  staged tsnap:           ON (floor factor 0.1)
  focus (pre-incept) cap: disabled
  gas-wisp removal:       OFF
========================================

275 3.4965e-05 0.100035 1.0856
276 6.64336e-05 0.100101 1.08647
277 9.51789e-05 0.100197 1.08772
278 0.00012103 0.100318 1.08931
279 0.000144513 0.100462 1.09118
280 0.000167331 0.100629 1.09334
281 0.000187411 0.100817 1.09578
282 0.00020407 0.101021 1.09843
283 0.000219002 0.10124 1.10127
284 0.000230528 0.10147 1.10427
285 0.000243701 0.101714 1.10746
286 0.000258932 0.101973 1.11084
287 0.000267563 0.102241 1.11436
288 0.000277119 0.102518 1.11799
289 0.000287778 0.102806 1.12169
290 0.000299768 0.103105 1.1256
291 0.000299768 0.103405 1.1295
292 0.000314043 0.103719 1.13354
293 0.000314043 0.104033 1.13757
294 0.000314043 0.104347 1.1416
295 0.000332516 0.10468 1.14589
296 0.000332516 0.105012 1.15019
297 0.000332516 0.105345 1.15448
298 0.000332516 0.105677 1.15875
299 0.000332516 0.10601 1.16294
300 0.000332516 0.106342 1.16723
301 0.000332516 0.106675 1.17153
302 0.000332516 0.107007 1.1758
303 0.000332516 0.10734 1.18008
304 0.000332516 0.107672 1.18444
305 0.000332516 0.108005 1.18878
306 0.000332516 0.108337 1.1931
307 0.000332516 0.10867 1.19736
308 0.000332516 0.109002 1.20168
309 0.000332516 0.109335 1.20602
310 0.000332516 0.109667 1.21038
311 0.000332516 0.11 1.21464
312 0.00037037 0.11037 1.21945
313 0.00037037 0.110741 1.22431
314 0.00037037 0.111111 1.22919
315 0.00037037 0.111481 1.23393
316 0.00037037 0.111852 1.23867
317 0.00037037 0.112222 1.24352
318 0.00037037 0.112593 1.24839
319 0.00037037 0.112963 1.25325
320 0.00037037 0.113333 1.25806
321 0.00037037 0.113704 1.26293
322 0.00037037 0.114074 1.26782
323 0.00037037 0.114444 1.2727
324 0.00037037 0.114815 1.27758
325 0.00037037 0.115185 1.2825
326 0.00037037 0.115556 1.28743
327 0.00037037 0.115926 1.29231
328 0.00037037 0.116296 1.2972
329 0.00037037 0.116667 1.30209
330 0.00037037 0.117037 1.30703
331 0.00037037 0.117407 1.31197
332 0.00037037 0.117778 1.31675
333 0.00037037 0.118148 1.32166
334 0.00037037 0.118519 1.32662
335 0.00037037 0.118889 1.33153
336 0.00037037 0.119259 1.33646
337 0.00037037 0.11963 1.34139
338 0.00037037 0.12 1.34636
339 0.00037037 0.12037 1.3513
340 0.00037037 0.120741 1.35621
341 0.00037037 0.121111 1.36116
342 0.00037037 0.121481 1.36614
343 0.00037037 0.121852 1.37111
344 0.00037037 0.122222 1.37608
345 0.00037037 0.122593 1.38111
346 0.00037037 0.122963 1.38608
347 0.00037037 0.123333 1.39107
348 0.00037037 0.123704 1.39604
349 0.00037037 0.124074 1.40087
350 0.00037037 0.124444 1.40584
351 0.00037037 0.124815 1.41079
352 0.00037037 0.125185 1.41577
353 0.00037037 0.125556 1.42078
354 0.00037037 0.125926 1.42579
355 0.00037037 0.126296 1.43078
356 0.00037037 0.126667 1.43583
357 0.00037037 0.127037 1.44082
358 0.00037037 0.127407 1.4459
359 0.00037037 0.127778 1.45088
360 0.00037037 0.128148 1.45586
361 0.00037037 0.128519 1.46092
362 0.00037037 0.128889 1.46599
363 0.00037037 0.129259 1.47107
364 0.00037037 0.12963 1.47615
365 0.00037037 0.13 1.48117
366 0.000384615 0.130385 1.48643
367 0.000384615 0.130769 1.4916
368 0.000384615 0.131154 1.49685
369 0.000384615 0.131538 1.50216
370 0.000384615 0.131923 1.50741
371 0.000384615 0.132308 1.51268
372 0.000384615 0.132692 1.51796
373 0.000384615 0.133077 1.52321
374 0.000384615 0.133462 1.52847
375 0.000384615 0.133846 1.53371
376 0.000384615 0.134231 1.53898
377 0.000384615 0.134615 1.54422
378 0.000384615 0.135 1.54951
379 0.000384615 0.135385 1.55487
380 0.000384615 0.135769 1.56022
381 0.000384615 0.136154 1.56557
382 0.000384615 0.136538 1.57089
383 0.000384615 0.136923 1.57621
384 0.000384615 0.137308 1.58155
385 0.000384615 0.137692 1.58685
386 0.000384615 0.138077 1.59215
387 0.000384615 0.138462 1.5975
388 0.000384615 0.138846 1.60288
389 0.000384615 0.139231 1.6083
390 0.000384615 0.139615 1.61361
391 0.000384615 0.14 1.61904
392 0.000384615 0.140385 1.62446
393 0.000384615 0.140769 1.62979
394 0.000384615 0.141154 1.63511
395 0.000384615 0.141538 1.64043
396 0.000384615 0.141923 1.64581
397 0.000384615 0.142308 1.65111
398 0.000384615 0.142692 1.65648
399 0.000384615 0.143077 1.66183
400 0.000384615 0.143462 1.66722
401 0.000384615 0.143846 1.67255
402 0.000384615 0.144231 1.67791
403 0.000384615 0.144615 1.68327
404 0.000384615 0.145 1.68871
405 0.000384615 0.145385 1.69413
406 0.000384615 0.145769 1.69952
407 0.000384615 0.146154 1.70491
408 0.000384615 0.146538 1.71029
409 0.000384615 0.146923 1.71578
410 0.000384615 0.147308 1.72124
411 0.000384615 0.147692 1.72675
412 0.000384615 0.148077 1.73222
413 0.000384615 0.148462 1.73767
414 0.000384615 0.148846 1.7431
415 0.000384615 0.149231 1.74849
416 0.000384615 0.149615 1.75396
417 0.000384615 0.15 1.75947
418 0.000384615 0.150385 1.76497
419 0.000384615 0.150769 1.77039
420 0.000384615 0.151154 1.77583
421 0.000384615 0.151538 1.78124
422 0.000384615 0.151923 1.78664
423 0.000384615 0.152308 1.79206
424 0.000384615 0.152692 1.79747
425 0.000384615 0.153077 1.803
426 0.000384615 0.153462 1.80846
427 0.000384615 0.153846 1.81386
428 0.000384615 0.154231 1.81927
429 0.000384615 0.154615 1.82469
430 0.000384615 0.155 1.83015
431 0.000384615 0.155385 1.83556
432 0.000384615 0.155769 1.84101
433 0.000384615 0.156154 1.84648
434 0.000384615 0.156538 1.85198
435 0.000384615 0.156923 1.85743
436 0.000384615 0.157308 1.86296
437 0.000384615 0.157692 1.86838
438 0.000384615 0.158077 1.87387
439 0.000384615 0.158462 1.87936
440 0.000384615 0.158846 1.88487
441 0.000384615 0.159231 1.89037
442 0.000384615 0.159615 1.89593
443 0.000384615 0.16 1.90151
444 0.000384615 0.160385 1.90701
445 0.000384615 0.160769 1.9125
446 0.000384615 0.161154 1.91805
447 0.000384615 0.161538 1.92365
448 0.000384615 0.161923 1.92925
449 0.000384615 0.162308 1.9348
450 0.000384615 0.162692 1.94032
451 0.000384615 0.163077 1.9458
452 0.000384615 0.163462 1.95133
453 0.000384615 0.163846 1.95691
454 0.000384615 0.164231 1.96254
455 0.000384615 0.164615 1.96813
456 0.000384615 0.165 1.97372
457 0.000384615 0.165385 1.97925
458 0.000384615 0.165769 1.98478
459 0.000384615 0.166154 1.99036
460 0.000384615 0.166538 1.99598
461 0.000384615 0.166923 2.00165
462 0.000384615 0.167308 2.00728
463 0.000384615 0.167692 2.01288
464 0.000384615 0.168077 2.0184
465 0.000384615 0.168462 2.02392
466 0.000384615 0.168846 2.02954
467 0.000384615 0.169231 2.03517
468 0.000384615 0.169615 2.04082
469 0.000384615 0.17 2.04647
470 0.000384615 0.170385 2.05205
471 0.000384615 0.170769 2.05757
472 0.000384615 0.171154 2.06315
473 0.000384615 0.171538 2.06878
474 0.000384615 0.171923 2.07445
475 0.000384615 0.172308 2.08012
476 0.000384615 0.172692 2.08577
477 0.000384615 0.173077 2.09137
478 0.000384615 0.173462 2.09695
479 0.000384615 0.173846 2.10256
480 0.000384615 0.174231 2.10822
481 0.000384615 0.174615 2.1139
482 0.000384615 0.175 2.1196
483 0.000384615 0.175385 2.12521
484 0.000384615 0.175769 2.13083
485 0.000384615 0.176154 2.1364
486 0.000384615 0.176538 2.14207
487 0.000384615 0.176923 2.14776
488 0.000384615 0.177308 2.15346
489 0.000384615 0.177692 2.15914
490 0.000384615 0.178077 2.1648
491 0.000384615 0.178462 2.17043
492 0.000384615 0.178846 2.17607
493 0.000384615 0.179231 2.18181
494 0.000384615 0.179615 2.18752
495 0.000384615 0.18 2.19325
496 0.000384615 0.180385 2.19899
497 0.000384615 0.180769 2.20468
498 0.000384615 0.181154 2.21028
499 0.000384615 0.181538 2.21599
500 0.000384615 0.181923 2.22172
501 0.000384615 0.182308 2.22747
502 0.000384615 0.182692 2.2332
503 0.000384615 0.183077 2.2389
504 0.000384615 0.183462 2.24457
505 0.000384615 0.183846 2.25024
506 0.000384615 0.184231 2.25593
507 0.000384615 0.184615 2.26164
508 0.000384615 0.185 2.26733
509 0.000384615 0.185385 2.27307
510 0.000384615 0.185769 2.27873
511 0.000384615 0.186154 2.2844
512 0.000384615 0.186538 2.29009
513 0.000384615 0.186923 2.29581
514 0.000384615 0.187308 2.30156
515 0.000384615 0.187692 2.30728
516 0.000384615 0.188077 2.31294
517 0.000384615 0.188462 2.31859
518 0.000384615 0.188846 2.32429
519 0.000384615 0.189231 2.33001
520 0.000384615 0.189615 2.33575
521 0.000384615 0.19 2.34153
522 0.000384615 0.190385 2.34722
523 0.000384615 0.190769 2.35286
524 0.000384615 0.191154 2.35858
525 0.000384615 0.191538 2.36435
526 0.000384615 0.191923 2.37013
527 0.000384615 0.192308 2.37594
528 0.000384615 0.192692 2.38171
529 0.000384615 0.193077 2.38738
530 0.000384615 0.193462 2.39304
531 0.000384615 0.193846 2.39878
532 0.000384615 0.194231 2.40454
533 0.000384615 0.194615 2.4103
534 0.000384615 0.195 2.41607
535 0.000384615 0.195385 2.42178
536 0.000384615 0.195769 2.42749
537 0.000384615 0.196154 2.43326
538 0.000384615 0.196538 2.43902
539 0.000384615 0.196923 2.44476
540 0.000384615 0.197308 2.45053
541 0.000384615 0.197692 2.45629
542 0.000384615 0.198077 2.46198
543 0.000384615 0.198462 2.4678
544 0.000384615 0.198846 2.4736
545 0.000384615 0.199231 2.47942
546 0.000384615 0.199615 2.48523
547 0.000384615 0.2 2.491
548 0.000384615 0.200385 2.49677
549 0.000384615 0.200769 2.5026
550 0.000384615 0.201154 2.50844
551 0.000384615 0.201538 2.51425
552 0.000384615 0.201923 2.52006
553 0.000384615 0.202308 2.52586
554 0.000384615 0.202692 2.53164
555 0.000384615 0.203077 2.53749
556 0.000384615 0.203462 2.54331
557 0.000384615 0.203846 2.54914
558 0.000384615 0.204231 2.55495
559 0.000384615 0.204615 2.56078
560 0.000384615 0.205 2.56658
561 0.000384615 0.205385 2.57242
562 0.000384615 0.205769 2.57826
563 0.000384615 0.206154 2.58413
564 0.000384615 0.206538 2.58998
565 0.000384615 0.206923 2.5959
566 0.000384615 0.207308 2.60175
567 0.000384615 0.207692 2.6076
568 0.000384615 0.208077 2.61347
569 0.000384615 0.208462 2.61933
570 0.000384615 0.208846 2.62518
571 0.000384615 0.209231 2.63104
572 0.000384615 0.209615 2.63688
573 0.000384615 0.21 2.64277
574 0.000384615 0.210385 2.64865
575 0.000384615 0.210769 2.65452
576 0.000384615 0.211154 2.66039
577 0.000384615 0.211538 2.66626
578 0.000384615 0.211923 2.6722
579 0.000384615 0.212308 2.67811
580 0.000384615 0.212692 2.684
581 0.000384615 0.213077 2.68991
582 0.000384615 0.213462 2.69579
583 0.000384615 0.213846 2.70169
584 0.000384615 0.214231 2.70757
585 0.000384615 0.214615 2.71347
586 0.000384615 0.215 2.71939
587 0.000384615 0.215385 2.72527
588 0.000384615 0.215769 2.73114
589 0.000384615 0.216154 2.73699
590 0.000384615 0.216538 2.74286
591 0.000384615 0.216923 2.74876
592 0.000384615 0.217308 2.75461
593 0.000384615 0.217692 2.76052
594 0.000384615 0.218077 2.76642
595 0.000384615 0.218462 2.77237
596 0.000384615 0.218846 2.77825
597 0.000384615 0.219231 2.78416
598 0.000384615 0.219615 2.79005
599 0.000384615 0.22 2.79597
600 0.000384615 0.220385 2.80186
601 0.000384615 0.220769 2.80776
602 0.000384615 0.221154 2.81371
603 0.000384615 0.221538 2.81964
604 0.000384615 0.221923 2.82558
605 0.000384615 0.222308 2.8315
606 0.000384615 0.222692 2.83742
607 0.000384615 0.223077 2.84337
608 0.000384615 0.223462 2.84929
609 0.000384615 0.223846 2.85524
610 0.000384615 0.224231 2.86114
611 0.000384615 0.224615 2.86709
612 0.000384615 0.225 2.87311
613 0.000384615 0.225385 2.87906
614 0.000384615 0.225769 2.88504
615 0.000384615 0.226154 2.891
616 0.000384615 0.226538 2.89689
617 0.000384615 0.226923 2.90286
618 0.000384615 0.227308 2.90879
619 0.000384615 0.227692 2.91478
620 0.000384615 0.228077 2.92072
621 0.000384615 0.228462 2.92669
622 0.000384615 0.228846 2.93265
623 0.000384615 0.229231 2.93859
624 0.000384615 0.229615 2.94455
625 0.000384615 0.23 2.9505
626 0.000384615 0.230385 2.95646
627 0.000384615 0.230769 2.96241
628 0.000384615 0.231154 2.96834
629 0.000384615 0.231538 2.97432
630 0.000384615 0.231923 2.98028
631 0.000384615 0.232308 2.98626
632 0.000384615 0.232692 2.99221
633 0.000384615 0.233077 2.99821
634 0.000384615 0.233462 3.00421
635 0.000384615 0.233846 3.0102
636 0.000384615 0.234231 3.01618
637 0.000384615 0.234615 3.02218
638 0.000384615 0.235 3.02816
639 0.000384615 0.235385 3.03417
640 0.000384615 0.235769 3.04016
641 0.000384615 0.236154 3.04609
642 0.000384615 0.236538 3.05205
643 0.000384615 0.236923 3.05805
644 0.000384615 0.237308 3.06402
645 0.000384615 0.237692 3.07001
646 0.000384615 0.238077 3.07598
647 0.000384615 0.238462 3.08189
648 0.000384615 0.238846 3.08787
649 0.000384615 0.239231 3.09386
650 0.000384615 0.239615 3.09989
651 0.000384615 0.24 3.10593
652 0.000384615 0.240385 3.1119
653 0.000384615 0.240769 3.11787
654 0.000384615 0.241154 3.12388
655 0.000384615 0.241538 3.12993
656 0.000384615 0.241923 3.1359
657 0.000384615 0.242308 3.14191
658 0.000384615 0.242692 3.14793
659 0.000384615 0.243077 3.15397
660 0.000384615 0.243462 3.15996
661 0.000384615 0.243846 3.16599
662 0.000384615 0.244231 3.17198
663 0.000384615 0.244615 3.17801
664 0.000384615 0.245 3.18404
665 0.000384615 0.245385 3.19005
666 0.000384615 0.245769 3.19605
667 0.000384615 0.246154 3.20207
668 0.000384615 0.246538 3.20813
669 0.000384615 0.246923 3.21412
670 0.000384615 0.247308 3.22013
671 0.000384615 0.247692 3.22629
672 0.000384615 0.248077 3.23233
673 0.000384615 0.248462 3.23834
674 0.000384615 0.248846 3.24435
675 0.000384615 0.249231 3.25041
676 0.000384615 0.249615 3.25642
677 0.000384615 0.25 3.26246
678 0.000384615 0.250385 3.26848
679 0.000384615 0.250769 3.27451
680 0.000384615 0.251154 3.28058
681 0.000384615 0.251538 3.2866
682 0.000384615 0.251923 3.29263
683 0.000384615 0.252308 3.29864
684 0.000384615 0.252692 3.30469
685 0.000384615 0.253077 3.31072
686 0.000384615 0.253462 3.31675
687 0.000384615 0.253846 3.32281
688 0.000384615 0.254231 3.32886
689 0.000384615 0.254615 3.33488
690 0.000384615 0.255 3.34091
691 0.000384615 0.255385 3.34698
692 0.000384615 0.255769 3.35304
693 0.000384615 0.256154 3.35909
694 0.000384615 0.256538 3.36515
695 0.000384615 0.256923 3.37122
696 0.000384615 0.257308 3.37724
697 0.000384615 0.257692 3.3833
698 0.000384615 0.258077 3.38939
699 0.000384615 0.258462 3.39546
700 0.000384615 0.258846 3.40146
701 0.000384615 0.259231 3.40752
702 0.000384615 0.259615 3.4136
703 0.000384615 0.26 3.41967
704 0.000384615 0.260385 3.42569
705 0.000384615 0.260769 3.43177
706 0.000384615 0.261154 3.43785
707 0.000384615 0.261538 3.44388
708 0.000384615 0.261923 3.4499
709 0.000384615 0.262308 3.45602
710 0.000384615 0.262692 3.46207
711 0.000384615 0.263077 3.46813
712 0.000384615 0.263462 3.47418
713 0.000384615 0.263846 3.48027
714 0.000384615 0.264231 3.48631
715 0.000384615 0.264615 3.49234
716 0.000384615 0.265 3.49842
717 0.000384615 0.265385 3.50452
718 0.000384615 0.265769 3.51056
719 0.000384615 0.266154 3.51664
720 0.000384615 0.266538 3.52274
721 0.000384615 0.266923 3.52885
722 0.000384615 0.267308 3.53487
723 0.000384615 0.267692 3.54096
724 0.000384615 0.268077 3.54704
725 0.000384615 0.268462 3.55315
726 0.000384615 0.268846 3.5592
727 0.000384615 0.269231 3.56527
728 0.000384615 0.269615 3.57135
729 0.000384615 0.27 3.57739
730 0.000384615 0.270385 3.58342
731 0.000384615 0.270769 3.58954
732 0.000384615 0.271154 3.59563
733 0.000384615 0.271538 3.60169
734 0.000384615 0.271923 3.60777
735 0.000384615 0.272308 3.61387
736 0.000384615 0.272692 3.61993
737 0.000384615 0.273077 3.62607
738 0.000384615 0.273462 3.63213
739 0.000384615 0.273846 3.63822
740 0.000384615 0.274231 3.64429
741 0.000384615 0.274615 3.65036
742 0.000384615 0.275 3.65638
743 0.000384615 0.275385 3.66238
744 0.000384615 0.275769 3.66841
745 0.000384615 0.276154 3.67451
746 0.000384615 0.276538 3.68053
747 0.000384615 0.276923 3.6866
748 0.000384615 0.277308 3.69271
749 0.000384615 0.277692 3.6988
750 0.000384615 0.278077 3.70487
751 0.000384615 0.278462 3.71096
752 0.000384615 0.278846 3.717
753 0.000384615 0.279231 3.7231
754 0.000384615 0.279615 3.72905
755 0.000384615 0.28 3.73518
756 0.000384615 0.280385 3.74126
757 0.000384615 0.280769 3.74725
758 0.000384615 0.281154 3.7533
759 0.000384615 0.281538 3.7594
760 0.000384615 0.281923 3.76551
761 0.000384615 0.282308 3.7716
762 0.000384615 0.282692 3.7777
763 0.000384615 0.283077 3.78386
764 0.000384615 0.283462 3.78991
765 0.000384615 0.283846 3.79598
766 0.000384615 0.284231 3.80206
767 0.000384615 0.284615 3.80813
768 0.000384615 0.285 3.81418
769 0.000384615 0.285385 3.82026
770 0.000384615 0.285769 3.82634
771 0.000384615 0.286154 3.83243
772 0.000384615 0.286538 3.83848
773 0.000384615 0.286923 3.84457
774 0.000384615 0.287308 3.85068
775 0.000384615 0.287692 3.85683
776 0.000384615 0.288077 3.86292
777 0.000384615 0.288462 3.86903
778 0.000384615 0.288846 3.87509
779 0.000384615 0.289231 3.88118
780 0.000384615 0.289615 3.8872
781 0.000384615 0.29 3.89325
782 0.000384615 0.290385 3.89932
783 0.000384615 0.290769 3.90544
784 0.000384615 0.291154 3.91154
785 0.000384615 0.291538 3.91764
786 0.000384615 0.291923 3.92373
787 0.000384615 0.292308 3.92986
788 0.000384615 0.292692 3.93589
789 0.000384615 0.293077 3.94201
790 0.000384615 0.293462 3.94805
791 0.000384615 0.293846 3.95412
792 0.000384615 0.294231 3.96014
793 0.000384615 0.294615 3.96622
794 0.000384615 0.295 3.97235
795 0.000384615 0.295385 3.97848
796 0.000384615 0.295769 3.98457
797 0.000384615 0.296154 3.99072
798 0.000384615 0.296538 3.99684
799 0.000384615 0.296923 4.00295
800 0.000384615 0.297308 4.00899
801 0.000384615 0.297692 4.01506
802 0.000384615 0.298077 4.02106
803 0.000384615 0.298462 4.02708
804 0.000384615 0.298846 4.03316
805 0.000384615 0.299231 4.03924
806 0.000384615 0.299615 4.04533
807 0.000384615 0.3 4.05144
808 0.000384615 0.300385 4.05747
809 0.000384615 0.300769 4.06359
810 0.000384615 0.301154 4.0696
811 0.000384615 0.301538 4.07566
812 0.000384615 0.301923 4.08168
813 0.000384615 0.302308 4.08769
814 0.000384615 0.302692 4.09373
815 0.000384615 0.303077 4.09982
816 0.000384615 0.303462 4.10596
817 0.000384615 0.303846 4.11204
818 0.000384615 0.304231 4.11815
819 0.000384615 0.304615 4.12423
820 0.000384615 0.305 4.1303
821 0.000384615 0.305385 4.13638
822 0.000384615 0.305769 4.14242
823 0.000384615 0.306154 4.14846
824 0.000384615 0.306538 4.15452
825 0.000384615 0.306923 4.16066
826 0.000384615 0.307308 4.16687
827 0.000384615 0.307692 4.17299
828 0.000384615 0.308077 4.17913
829 0.000384615 0.308462 4.18523
830 0.000384615 0.308846 4.19132
831 0.000384615 0.309231 4.19739
832 0.000384615 0.309615 4.20342
833 0.000384615 0.31 4.20945
834 0.000384615 0.310385 4.2155
835 0.000384615 0.310769 4.22162
836 0.000384615 0.311154 4.2277
837 0.000384615 0.311538 4.23383
838 0.000384615 0.311923 4.23988
839 0.000384615 0.312308 4.24595
840 0.000384615 0.312692 4.25192
841 0.000384615 0.313077 4.25791
842 0.000384615 0.313462 4.26388
843 0.000384615 0.313846 4.26986
844 0.000384615 0.314231 4.27592
845 0.000384615 0.314615 4.28197
846 0.000384615 0.315 4.28806
847 0.000384615 0.315385 4.29409
848 0.000384615 0.315769 4.30016
849 0.000384615 0.316154 4.30621
850 0.000384615 0.316538 4.31216
851 0.000384615 0.316923 4.31819
852 0.000384615 0.317308 4.32413
853 0.000384615 0.317692 4.3302
854 0.000384615 0.318077 4.33624
855 0.000384615 0.318462 4.34232
856 0.000384615 0.318846 4.34837
857 0.000384615 0.319231 4.35444
858 0.000384615 0.319615 4.36045
859 0.000384615 0.32 4.36645
860 0.000384615 0.320385 4.37242
861 0.000384615 0.320769 4.37841
862 0.000384615 0.321154 4.38447
863 0.000384615 0.321538 4.39054
864 0.000384615 0.321923 4.39665
865 0.000384615 0.322308 4.40271
866 0.000384615 0.322692 4.40876
867 0.000384615 0.323077 4.41478
868 0.000384615 0.323462 4.42077
869 0.000384615 0.323846 4.4267
870 0.000384615 0.324231 4.43275
871 0.000384615 0.324615 4.43881
872 0.000384615 0.325 4.44487
873 0.000384615 0.325385 4.45094
874 0.000384615 0.325769 4.45703
875 0.000384615 0.326154 4.46304
876 0.000384615 0.326538 4.46897
877 0.000384615 0.326923 4.47502
878 0.000384615 0.327308 4.48098
879 0.000384615 0.327692 4.48709
880 0.000384615 0.328077 4.49317
881 0.000384615 0.328462 4.49932
882 0.000384615 0.328846 4.50539
883 0.000384615 0.329231 4.51142
884 0.000384615 0.329615 4.51739
885 0.000384615 0.33 4.52339
886 0.000384615 0.330385 4.52938
887 0.000384615 0.330769 4.53545
888 0.000384615 0.331154 4.54153
889 0.000384615 0.331538 4.54766
890 0.000384615 0.331923 4.55375
891 0.000384615 0.332308 4.5598
892 0.000384615 0.332692 4.56581
893 0.000384615 0.333077 4.57179
894 0.000384615 0.333462 4.57776
895 0.000384615 0.333846 4.58383
896 0.000384615 0.334231 4.58994
897 0.000384615 0.334615 4.59605
898 0.000384615 0.335 4.60211
899 0.000384615 0.335385 4.60814
900 0.000384615 0.335769 4.6141
901 0.000384615 0.336154 4.62006
902 0.000384615 0.336538 4.62604
903 0.000384615 0.336923 4.63206
904 0.000384615 0.337308 4.63808
905 0.000384615 0.337692 4.64411
906 0.000384615 0.338077 4.65006
907 0.000384615 0.338462 4.65595
908 0.000384615 0.338846 4.66183
909 0.000384615 0.339231 4.66757
910 0.000384615 0.339615 4.67346
911 0.000384615 0.34 4.67945
912 0.000384615 0.340385 4.68546
913 0.000384615 0.340769 4.69146
914 0.000384615 0.341154 4.69738
915 0.000384615 0.341538 4.70321
916 0.000384615 0.341923 4.70905
917 0.000384615 0.342308 4.71486
918 0.000384615 0.342692 4.72079
919 0.000384615 0.343077 4.72679
920 0.000384615 0.343462 4.73277
921 0.000384615 0.343846 4.73876
922 0.000384615 0.344231 4.74475
923 0.000384615 0.344615 4.75068
924 0.000384615 0.345 4.75653
925 0.000384615 0.345385 4.76245
926 0.000384615 0.345769 4.76843
927 0.000384615 0.346154 4.77454
928 0.000384615 0.346538 4.7805
929 0.000384615 0.346923 4.78645
930 0.000384615 0.347308 4.79242
931 0.000384615 0.347692 4.79827
932 0.000384615 0.348077 4.80418
933 0.000384615 0.348462 4.81021
934 0.000384615 0.348846 4.81623
935 0.000384615 0.349231 4.82224
936 0.000384615 0.349615 4.82829
937 0.000384615 0.35 4.83417
938 0.000384615 0.350385 4.84
939 0.000384615 0.350769 4.8459
940 0.000384615 0.351154 4.85187
941 0.000384615 0.351538 4.85787
942 0.000384615 0.351923 4.86388
943 0.000384615 0.352308 4.86977
944 0.000384615 0.352692 4.87559
945 0.000384615 0.353077 4.88132
946 0.000384615 0.353462 4.88717
947 0.000384615 0.353846 4.89313
948 0.000384615 0.354231 4.8991
949 0.000384615 0.354615 4.90502
950 0.000384615 0.355 4.91084
951 0.000384615 0.355385 4.9167
952 0.000384615 0.355769 4.92239
953 0.000384615 0.356154 4.92825
954 0.000384615 0.356538 4.93421
955 0.000384615 0.356923 4.94025
956 0.000384615 0.357308 4.9462
957 0.000384615 0.357692 4.95219
958 0.000384615 0.358077 4.95802
959 0.000384615 0.358462 4.9638
960 0.000384615 0.358846 4.96976
961 0.000384615 0.359231 4.97575
962 0.000384615 0.359615 4.98173
963 0.000384615 0.36 4.98767
964 0.000384615 0.360385 4.99349
965 0.000384615 0.360769 4.99917
966 0.000384615 0.361154 5.00502
967 0.000384615 0.361538 5.01096
968 0.000384615 0.361923 5.0169
969 0.000384615 0.362308 5.02279
970 0.000384615 0.362692 5.0286
971 0.000384615 0.363077 5.03427
972 0.000384615 0.363462 5.04002
973 0.000384615 0.363846 5.04593
974 0.000384615 0.364231 5.05185
975 0.000384615 0.364615 5.05774
976 0.000384615 0.365 5.06358
977 0.000384615 0.365385 5.06931
978 0.000384615 0.365769 5.07498
979 0.000384615 0.366154 5.08085
980 0.000384615 0.366538 5.08672
981 0.000384615 0.366923 5.09256
982 0.000384615 0.367308 5.09834
983 0.000384615 0.367692 5.10406
984 0.000384615 0.368077 5.10963
985 0.000384615 0.368462 5.11543
986 0.000384615 0.368846 5.1213
987 0.000384615 0.369231 5.12715
988 0.000384615 0.369615 5.13292
989 0.000384615 0.37 5.13865
990 0.000384615 0.370385 5.1442
991 0.000384615 0.370769 5.15001
992 0.000384615 0.371154 5.15587
993 0.000384615 0.371538 5.16168
994 0.000384615 0.371923 5.16745
995 0.000384615 0.372308 5.17317
996 0.000384615 0.372692 5.17872
997 0.000384615 0.373077 5.1845
998 0.000384615 0.373462 5.19033
999 0.000384615 0.373846 5.19613
1000 0.000384615 0.374231 5.20184
1001 0.000384615 0.374615 5.20752
1002 0.000384615 0.375 5.21307
1003 0.000384615 0.375385 5.21894
1004 0.000384615 0.375769 5.22476
1005 0.000384615 0.376154 5.23051
1006 0.000384615 0.376538 5.23622
1007 0.000384615 0.376923 5.24191
1008 0.000384615 0.377308 5.24755
1009 0.000384615 0.377692 5.25339
1010 0.000384615 0.378077 5.25922
1011 0.000384615 0.378462 5.26496
1012 0.000384615 0.378846 5.27062
1013 0.000384615 0.379231 5.27623
1014 0.000384615 0.379615 5.28197
1015 0.000384615 0.38 5.2878
1016 0.000384615 0.380385 5.2936
1017 0.000384615 0.380769 5.29931
1018 0.000384615 0.381154 5.30487
1019 0.000384615 0.381538 5.3104
1020 0.000384615 0.381923 5.31621
1021 0.000384615 0.382308 5.32204
1022 0.000384615 0.382692 5.3278
1023 0.000384615 0.383077 5.33349
1024 0.000384615 0.383462 5.339
1025 0.000384615 0.383846 5.34468
1026 0.000384615 0.384231 5.35041
1027 0.000384615 0.384615 5.3561
1028 0.000384615 0.385 5.36173
1029 0.000384615 0.385385 5.36723
1030 0.000384615 0.385769 5.37263
1031 0.000384615 0.386154 5.37826
1032 0.000384615 0.386538 5.38394
1033 0.000384615 0.386923 5.38959
1034 0.000384615 0.387308 5.39518
1035 0.000384615 0.387692 5.40053
1036 0.000384615 0.388077 5.40609
1037 0.000384615 0.388462 5.41168
1038 0.000384615 0.388846 5.41723
1039 0.000384615 0.389231 5.42268
1040 0.000384615 0.389615 5.42791
1041 0.000384615 0.39 5.43349
1042 0.000384615 0.390385 5.43915
1043 0.000384615 0.390769 5.44473
1044 0.000384615 0.391154 5.45024
1045 0.000384615 0.391538 5.45547
1046 0.000384615 0.391923 5.46092
1047 0.000384615 0.392308 5.46644
1048 0.000384615 0.392692 5.47189
1049 0.000384615 0.393077 5.47724
1050 0.000384615 0.393462 5.48252
1051 0.000384615 0.393846 5.48788
1052 0.000384615 0.394231 5.49328
1053 0.000384615 0.394615 5.49857
1054 0.000384615 0.395 5.50379
1055 0.000384615 0.395385 5.50894
1056 0.000384615 0.395769 5.51442
1057 0.000384615 0.396154 5.52004
1058 0.000384615 0.396538 5.5255
1059 0.000384615 0.396923 5.5309
1060 0.000384615 0.397308 5.53612
1061 0.000384615 0.397692 5.54171
1062 0.000384615 0.398077 5.54742
1063 0.000384615 0.398462 5.55304
1064 0.000384615 0.398846 5.55859
1065 0.000384615 0.399231 5.56405
1066 0.000384615 0.399615 5.56976
1067 0.000384615 0.4 5.57549
1068 0.000384615 0.400385 5.58116
1069 0.000384615 0.400769 5.58663
1070 0.000384615 0.401154 5.59221
1071 0.000384615 0.401538 5.59788
1072 0.000367893 0.401906 5.60322
1073 0.000367893 0.402274 5.60843
1074 0.000367893 0.402642 5.61354
1075 0.000367893 0.40301 5.61895
1076 0.000367893 0.403378 5.62439
1077 0.000367893 0.403746 5.62978
1078 0.000367893 0.404114 5.63507
1079 0.000367893 0.404482 5.6402
1080 0.000367893 0.404849 5.64573
1081 0.000367893 0.405217 5.65133
1082 0.000367893 0.405585 5.65691
1083 0.000367893 0.405953 5.66234
1084 0.000367893 0.406321 5.66772
1085 0.000334448 0.406656 5.67282
1086 0.000334448 0.40699 5.67792
1087 0.000334448 0.407324 5.68275
1088 0.000334448 0.407659 5.68752
1089 0.000334448 0.407993 5.69217
1090 0.000334448 0.408328 5.6971
1091 0.000334448 0.408662 5.70195
1092 0.000334448 0.408997 5.70658
1093 0.000334448 0.409331 5.71127
1094 0.000334448 0.409666 5.71587
1095 0.000334448 0.41 5.72063
1096 0.000344828 0.410345 5.72555
1097 0.000344828 0.41069 5.73007
1098 0.000344828 0.411034 5.73466
1099 0.000344828 0.411379 5.73949
1100 0.000344828 0.411724 5.74425
1101 0.000344828 0.412069 5.7489
1102 0.00033046 0.412399 5.75323
1103 0.00033046 0.41273 5.75763
1104 0.00033046 0.41306 5.76224
1105 0.00033046 0.413391 5.76694
1106 0.00033046 0.413721 5.77128
1107 0.00033046 0.414052 5.77543
1108 0.00033046 0.414382 5.77974
1109 0.00033046 0.414713 5.78434
1110 0.00033046 0.415043 5.78897
1111 0.00033046 0.415374 5.79327
1112 0.00033046 0.415704 5.7975
1113 0.000306856 0.416011 5.80178
1114 0.000306856 0.416318 5.80605
1115 0.000306856 0.416625 5.81023
1116 0.000306856 0.416931 5.81409
1117 0.000306856 0.417238 5.81808
1118 0.000306856 0.417545 5.82242
1119 0.000306856 0.417852 5.82669
1120 0.000306856 0.418159 5.83078
1121 0.000306856 0.418466 5.83458
1122 0.000306856 0.418773 5.83865
1123 0.000306856 0.419079 5.84291
1124 0.000306856 0.419386 5.84718
1125 0.000306856 0.419693 5.85116
1126 0.000306856 0.42 5.85492
1127 0.00030303 0.420303 5.85878
1128 0.00030303 0.420606 5.86286
1129 0.00030303 0.420909 5.8665
1130 0.00030303 0.421212 5.87046
1131 0.00030303 0.421515 5.87422
1132 0.000292581 0.421808 5.8778
1133 0.000292581 0.4221 5.88132
1134 0.000292581 0.422393 5.88467
1135 0.000292581 0.422685 5.88867
1136 0.000292581 0.422978 5.89228
1137 0.000292581 0.423271 5.89603
1138 0.00028039 0.423551 5.89927
1139 0.00028039 0.423831 5.90268
1140 0.00028039 0.424112 5.90637
1141 0.00028039 0.424392 5.91022
1142 0.00028039 0.424673 5.91392
1143 0.00028039 0.424953 5.91716
1144 0.00028039 0.425233 5.92063
1145 0.00028039 0.425514 5.92455
1146 0.000263897 0.425778 5.92837
1147 0.000248373 0.426026 5.93165
1148 0.000220776 0.426247 5.93453
1149 0.000208511 0.426455 5.93726
1150 0.000196927 0.426652 5.93973
1151 0.000185987 0.426838 5.94264
1152 0.000175654 0.427014 5.94522
1153 0.000165895 0.42718 5.94762
1154 0.000156679 0.427336 5.94978
1155 0.000156679 0.427493 5.95179
1156 0.000147463 0.427641 5.95374
1157 0.000138788 0.427779 5.95558
1158 0.000138788 0.427918 5.95732
1159 0.000138788 0.428057 5.95936
1160 0.000138788 0.428196 5.96132
1161 0.000138788 0.428335 5.96325
1162 0.000128112 0.428463 5.9651
1163 0.000128112 0.428591 5.96689
1164 0.000117436 0.428708 5.96834
1165 0.000117436 0.428826 5.96994
1166 0.000117436 0.428943 5.97142
1167 0.000117436 0.429061 5.97286
1168 0.000117436 0.429178 5.97435
1169 0.000117436 0.429295 5.97597
1170 0.000117436 0.429413 5.97753
1171 0.000117436 0.42953 5.97916
1172 0.000117436 0.429648 5.98084
1173 0.000117436 0.429765 5.98247
1174 0.000117436 0.429883 5.9839
1175 0.000117436 0.43 5.98541
1176 0.000131579 0.430132 5.98703
1177 0.000131579 0.430263 5.98862
1178 0.000133381 0.430397 5.99046
1179 0.00013526 0.430532 5.99213
1180 0.00013722 0.430669 5.99368
1181 0.000139268 0.430808 5.99562
1182 0.000139268 0.430948 5.99765
1183 0.00014369 0.431091 5.99935
1184 0.000146045 0.431237 6.00101
1185 0.00014852 0.431386 6.00277
1186 0.000151126 0.431537 6.00481
1187 0.000156723 0.431694 6.00657
1188 0.000159737 0.431853 6.00835
1189 0.000162932 0.432016 6.01063
1190 0.000166326 0.432183 6.01257
1191 0.000173719 0.432356 6.01441
1192 0.000177759 0.432534 6.0168
1193 0.000182094 0.432716 6.01925
1194 0.000186763 0.432903 6.02113
1195 0.000191811 0.433095 6.02373
1196 0.000191811 0.433287 6.02577
1197 0.000197453 0.433484 6.02846
1198 0.000197453 0.433682 6.03072
1199 0.000203822 0.433885 6.03287
1200 0.000203822 0.434089 6.03446
1201 0.000203822 0.434293 6.03622
1202 0.000203822 0.434497 6.03867
1203 0.000203822 0.434701 6.04112
1204 0.000203822 0.434904 6.04289
1205 0.000212315 0.435117 6.04452
1206 0.000212315 0.435329 6.04624
1207 0.000212315 0.435541 6.04855
1208 0.000212315 0.435754 6.05077
1209 0.000202204 0.435956 6.05225
1210 0.000202204 0.436158 6.0531
1211 0.000202204 0.43636 6.05398
1212 0.000202204 0.436563 6.05644
1213 0.000202204 0.436765 6.05845
1214 0.000202204 0.436967 6.05971
1215 0.000202204 0.437169 6.0608
1216 0.000188724 0.437358 6.06168
1217 0.000188724 0.437547 6.06269
1218 0.000188724 0.437735 6.06374
1219 0.000188724 0.437924 6.0647
1220 0.000188724 0.438113 6.06531
1221 0.000188724 0.438301 6.06615
1222 0.000188724 0.43849 6.06714
1223 0.000188724 0.438679 6.06818
1224 0.000165134 0.438844 6.06902
1225 0.000165134 0.439009 6.06975
1226 0.000165134 0.439174 6.07026
1227 0.000165134 0.439339 6.07102
1228 0.000165134 0.439505 6.07295
1229 0.000165134 0.43967 6.07411
1230 0.000165134 0.439835 6.07487
1231 0.000165134 0.44 6.07519
1232 0.000175439 0.440175 6.07573
1233 0.000172361 0.440348 6.07774
1234 0.000172361 0.44052 6.07826
1235 0.000169283 0.440689 6.07862
1236 0.000169283 0.440859 6.07905
1237 0.000166205 0.441025 6.07947
1238 0.000166205 0.441191 6.08011
1239 0.000163127 0.441354 6.08092
1240 0.000163127 0.441517 6.08158
1241 0.000163127 0.441681 6.08194
1242 0.00015999 0.441841 6.08206
1243 0.00015999 0.442 6.08227
1244 0.000156853 0.442157 6.08352
1245 0.000156853 0.442314 6.08393
1246 0.000153716 0.442468 6.08375
1247 0.000153716 0.442622 6.08307
1248 0.000147567 0.442769 6.08354
1249 0.00014178 0.442911 6.08348
1250 0.000136327 0.443047 6.08354
1251 0.000133706 0.443181 6.08323
1252 0.000131134 0.443312 6.08279
1253 0.000128613 0.443441 6.08175
1254 0.000123759 0.443565 6.08004
1255 0.000119176 0.443684 6.07883
1256 0.000114842 0.443799 6.07768
1257 0.000108798 0.443907 6.07677
1258 0.000105046 0.444012 6.07568
1259 0.000101485 0.444114 6.07438
1260 0.000101485 0.444215 6.07313
1261 0.000101485 0.444317 6.07027
1262 0.000101485 0.444418 6.06777
1263 0.000101485 0.44452 6.06587
1264 0.000101485 0.444621 6.0639
1265 0.000103437 0.444725 6.06197
1266 0.000103437 0.444828 6.06017
1267 0.000103437 0.444932 6.05783
1268 0.000101368 0.445033 6.05575
1269 9.93406e-05 0.445132 6.05226
1270 9.93406e-05 0.445232 6.05017
1271 9.93406e-05 0.445331 6.04779
1272 9.7271e-05 0.445428 6.04622
1273 9.7271e-05 0.445526 6.0442
1274 9.7271e-05 0.445623 6.04189
1275 9.94817e-05 0.445722 6.04014
1276 9.94817e-05 0.445822 6.03893
1277 9.94817e-05 0.445921 6.03721
1278 0.000101969 0.446023 6.03468
1279 0.000101969 0.446125 6.0329
1280 0.000101969 0.446227 6.032
1281 0.000101969 0.446329 6.03064
1282 0.000101969 0.446431 6.02962
1283 0.000101969 0.446533 6.02826
1284 0.000101969 0.446635 6.02751
1285 0.000101969 0.446737 6.02605
1286 0.000101969 0.446839 6.0253
1287 0.000101969 0.446941 6.02463
1288 0.000101969 0.447043 6.02457
1289 0.000101969 0.447145 6.02355
1290 0.000101969 0.447247 6.02319
1291 0.000101969 0.447349 6.02296
1292 0.000101969 0.447451 6.02278
1293 0.000101969 0.447553 6.0221
1294 0.000101969 0.447655 6.02188
1295 0.000101969 0.447757 6.02144
1296 0.000101969 0.447859 6.02068
1297 9.73338e-05 0.447956 6.02005
1298 9.73338e-05 0.448053 6.01961
1299 9.73338e-05 0.448151 6.01925
1300 9.24671e-05 0.448243 6.01902
1301 9.24671e-05 0.448336 6.01865
1302 8.76004e-05 0.448423 6.01839
1303 8.76004e-05 0.448511 6.01749
1304 8.27337e-05 0.448594 6.01692
1305 7.81374e-05 0.448672 6.01668
1306 6.99124e-05 0.448742 6.01624
1307 6.99124e-05 0.448811 6.01598
1308 6.60284e-05 0.448878 6.01602
1309 6.23602e-05 0.44894 6.01602
1310 5.88957e-05 0.448999 6.01606
1311 5.88957e-05 0.449058 6.01593
1312 5.88957e-05 0.449117 6.01566
1313 5.88957e-05 0.449175 6.01515
1314 5.49693e-05 0.44923 6.01469
1315 5.49693e-05 0.449285 6.01435
1316 5.49693e-05 0.44934 6.01368
1317 5.49693e-05 0.449395 6.01294
1318 5.49693e-05 0.44945 6.01236
1319 5.49693e-05 0.449505 6.01194
1320 5.49693e-05 0.44956 6.01158
1321 5.49693e-05 0.449615 6.01096
1322 5.49693e-05 0.44967 6.01029
1323 5.49693e-05 0.449725 6.00964
1324 5.49693e-05 0.44978 6.00914
1325 5.49693e-05 0.449835 6.00863
1326 5.49693e-05 0.44989 6.00801
1327 5.49693e-05 0.449945 6.00745
1328 5.49693e-05 0.45 6.00703
1329 6.25e-05 0.450063 6.00658
1330 6.37019e-05 0.450126 6.00605
1331 6.45346e-05 0.450191 6.00545
1332 6.5834e-05 0.450257 6.00491
1333 6.67358e-05 0.450323 6.00429
1334 6.81457e-05 0.450391 6.00385
1335 6.96272e-05 0.450461 6.00337
1336 7.06587e-05 0.450532 6.00301
1337 7.17293e-05 0.450603 6.00224
1338 7.34104e-05 0.450677 6.00186
1339 7.4585e-05 0.450751 6.00153
1340 7.51914e-05 0.450827 6.00119
1341 7.64446e-05 0.450903 6.00044
1342 7.77513e-05 0.450981 5.99994
1343 7.91154e-05 0.45106 5.99944
1344 7.98217e-05 0.45114 5.99905
1345 8.12864e-05 0.451221 5.99862
1346 8.28201e-05 0.451304 5.99828
1347 8.36164e-05 0.451388 5.99773
1348 8.52722e-05 0.451473 5.9971
1349 8.61335e-05 0.451559 5.99646
1350 8.70215e-05 0.451646 5.99601
1351 8.79375e-05 0.451734 5.99564
1352 8.88831e-05 0.451823 5.9952
1353 8.98598e-05 0.451913 5.99464
1354 9.08695e-05 0.452003 5.99422
1355 9.19139e-05 0.452095 5.9937
1356 9.29953e-05 0.452188 5.99328
1357 9.41157e-05 0.452283 5.99272
1358 9.41157e-05 0.452377 5.99234
1359 9.52922e-05 0.452472 5.99174
1360 9.65139e-05 0.452568 5.99121
1361 9.65139e-05 0.452665 5.99079
1362 9.78007e-05 0.452763 5.99037
1363 9.91404e-05 0.452862 5.98984
1364 9.91404e-05 0.452961 5.98915
1365 0.000100557 0.453062 5.98861
1366 0.000100557 0.453162 5.98821
1367 0.000102058 0.453264 5.98762
1368 0.000102058 0.453366 5.98712
1369 0.000103652 0.45347 5.98652
1370 0.000103652 0.453574 5.98609
1371 0.000103652 0.453677 5.98572
1372 0.00010538 0.453783 5.98536
1373 0.00010538 0.453888 5.98473
1374 0.00010538 0.453993 5.98405
1375 0.000107262 0.454101 5.98352
1376 0.000107262 0.454208 5.98312
1377 0.000107262 0.454315 5.98261
1378 0.000109324 0.454424 5.982
1379 0.000109324 0.454534 5.9813
1380 0.000109324 0.454643 5.98077
1381 0.000111602 0.454755 5.98015
1382 0.000111602 0.454866 5.97962
1383 0.000111602 0.454978 5.97897
1384 0.000111602 0.45509 5.9783
1385 0.000114197 0.455204 5.97757
1386 0.000114197 0.455318 5.97701
1387 0.000114197 0.455432 5.97664
1388 0.000114197 0.455546 5.97625
1389 0.000114197 0.455661 5.97566
1390 0.000117284 0.455778 5.97518
1391 0.000117284 0.455895 5.97467
1392 0.000117284 0.456012 5.97433
1393 0.000117284 0.45613 5.97394
1394 0.000117284 0.456247 5.97335
1395 0.000117284 0.456364 5.97296
1396 0.000121193 0.456485 5.97265
1397 0.000121193 0.456607 5.97228
1398 0.000121193 0.456728 5.97186
1399 0.000121193 0.456849 5.9713
1400 0.000121193 0.45697 5.97095
1401 0.000121193 0.457091 5.97056
1402 0.000121193 0.457213 5.9702
1403 0.000121193 0.457334 5.96963
1404 0.000121193 0.457455 5.96909
1405 0.000127253 0.457582 5.96867
1406 0.000127253 0.457709 5.96833
1407 0.000127253 0.457837 5.96779
1408 0.000127253 0.457964 5.96735
1409 0.000127253 0.458091 5.96685
1410 0.000127253 0.458218 5.96652
1411 0.000127253 0.458346 5.96616
1412 0.000127253 0.458473 5.96577
1413 0.000127253 0.4586 5.96525
1414 0.000127253 0.458727 5.96491
1415 0.000127253 0.458855 5.96451
1416 0.000127253 0.458982 5.96418
1417 0.000127253 0.459109 5.9637
1418 0.000127253 0.459236 5.96322
1419 0.000127253 0.459364 5.96282
1420 0.000127253 0.459491 5.96225
1421 0.000127253 0.459618 5.96173
1422 0.000127253 0.459745 5.96132
1423 0.000127253 0.459873 5.96082
1424 0.000127253 0.46 5.96035
1425 0.000138889 0.460139 5.95984
1426 0.000138889 0.460278 5.95935
1427 0.000138889 0.460417 5.9589
1428 0.000140931 0.460558 5.95825
1429 0.000140931 0.460699 5.95764
1430 0.000140931 0.460839 5.95718
1431 0.000140931 0.46098 5.95663
1432 0.000143168 0.461124 5.95613
1433 0.000143168 0.461267 5.95549
1434 0.000143168 0.46141 5.95502
1435 0.000143168 0.461553 5.95456
1436 0.000143168 0.461696 5.95404
1437 0.00014568 0.461842 5.95341
1438 0.00014568 0.461988 5.95285
1439 0.00014568 0.462133 5.95233
1440 0.00014568 0.462279 5.95188
1441 0.00014568 0.462425 5.9513
1442 0.00014568 0.46257 5.95061
1443 0.00014568 0.462716 5.95013
1444 0.00014568 0.462862 5.94962
1445 0.00014568 0.463007 5.94907
1446 0.00014878 0.463156 5.94859
1447 0.00014878 0.463305 5.94796
1448 0.00014878 0.463454 5.94747
1449 0.00014878 0.463602 5.94692
1450 0.00014878 0.463751 5.9464
1451 0.00014878 0.4639 5.94582
1452 0.00014878 0.464049 5.94519
1453 0.00014878 0.464198 5.94461
1454 0.00014878 0.464346 5.94413
1455 0.00014878 0.464495 5.94356
1456 0.00014878 0.464644 5.94308
1457 0.00014878 0.464793 5.94245
1458 0.00014878 0.464941 5.94186
1459 0.00014878 0.46509 5.94136
1460 0.00014878 0.465239 5.94089
1461 0.00014878 0.465388 5.94036
1462 0.00014878 0.465537 5.9398
1463 0.00014878 0.465685 5.93929
1464 0.00014878 0.465834 5.93882
1465 0.00014878 0.465983 5.93826
1466 0.00014878 0.466132 5.93771
1467 0.00014878 0.466281 5.93715
1468 0.00014878 0.466429 5.93668
1469 0.00014878 0.466578 5.93618
1470 0.00014878 0.466727 5.93576
1471 0.00014878 0.466876 5.9352
1472 0.00014878 0.467024 5.93463
1473 0.00014878 0.467173 5.93408
1474 0.00014878 0.467322 5.93362
1475 0.00014878 0.467471 5.93312
1476 0.00014878 0.46762 5.93264
1477 0.00014878 0.467768 5.93213
1478 0.00014878 0.467917 5.93155
1479 0.00014878 0.468066 5.93099
1480 0.00014878 0.468215 5.93055
1481 0.00014878 0.468363 5.93001
1482 0.00014878 0.468512 5.92951
1483 0.00014878 0.468661 5.92897
1484 0.00014878 0.46881 5.92839
1485 0.00014878 0.468959 5.92786
1486 0.00014878 0.469107 5.92732
1487 0.00014878 0.469256 5.92683
1488 0.00014878 0.469405 5.92637
1489 0.00014878 0.469554 5.92585
1490 0.00014878 0.469702 5.9254
1491 0.00014878 0.469851 5.92486
1492 0.00014878 0.47 5.92434
1493 0.00015625 0.470156 5.92374
1494 0.00015625 0.470313 5.92317
1495 0.00015625 0.470469 5.92259
1496 0.00015625 0.470625 5.92207
1497 0.00015625 0.470781 5.9216
1498 0.00015625 0.470938 5.92115
1499 0.00015625 0.471094 5.92059
1500 0.00015625 0.47125 5.91999
1501 0.00015625 0.471406 5.91953
1502 0.000159144 0.471565 5.91891
1503 0.000159144 0.471725 5.91838
1504 0.000159144 0.471884 5.9178
1505 0.000159144 0.472043 5.91719
1506 0.000159144 0.472202 5.91659
1507 0.000159144 0.472361 5.91608
1508 0.000159144 0.47252 5.91558
1509 0.000159144 0.472679 5.91494
1510 0.000159144 0.472839 5.91437
1511 0.000159144 0.472998 5.91366
1512 0.000159144 0.473157 5.91305
1513 0.000159144 0.473316 5.91249
1514 0.000159144 0.473475 5.91194
1515 0.000159144 0.473634 5.91137
1516 0.000159144 0.473793 5.91079
1517 0.000159144 0.473953 5.91022
1518 0.000159144 0.474112 5.9097
1519 0.000159144 0.474271 5.90908
1520 0.000159144 0.47443 5.90848
1521 0.000159144 0.474589 5.90791
1522 0.000159144 0.474748 5.90733
1523 0.000159144 0.474907 5.9067
1524 0.000159144 0.475067 5.90609
1525 0.000159144 0.475226 5.90548
1526 0.000159144 0.475385 5.90492
1527 0.000159144 0.475544 5.90434
1528 0.000159144 0.475703 5.90371
1529 0.000159144 0.475862 5.90305
1530 0.000159144 0.476021 5.90237
1531 0.000159144 0.476181 5.90176
1532 0.000159144 0.47634 5.90115
1533 0.000159144 0.476499 5.90049
1534 0.000159144 0.476658 5.89985
1535 0.000159144 0.476817 5.8992
1536 0.000159144 0.476976 5.89854
1537 0.000159144 0.477135 5.89791
1538 0.000159144 0.477295 5.8973
1539 0.000159144 0.477454 5.89666
1540 0.000159144 0.477613 5.89601
1541 0.000159144 0.477772 5.89534
1542 0.000159144 0.477931 5.89466
1543 0.000159144 0.47809 5.89401
1544 0.000159144 0.478249 5.8934
1545 0.000159144 0.478409 5.89271
1546 0.000159144 0.478568 5.89208
1547 0.000159144 0.478727 5.89144
1548 0.000159144 0.478886 5.89076
1549 0.000159144 0.479045 5.89006
1550 0.000159144 0.479204 5.8894
1551 0.000159144 0.479363 5.88878
1552 0.000159144 0.479523 5.88813
1553 0.000159144 0.479682 5.8875
1554 0.000159144 0.479841 5.88683
1555 0.000159144 0.48 5.88611
1556 0.000163934 0.480164 5.88543
1557 0.000163934 0.480328 5.88475
1558 0.000163934 0.480492 5.8841
1559 0.000163934 0.480656 5.8834
1560 0.000163934 0.48082 5.88271
1561 0.000163934 0.480984 5.882
1562 0.000163934 0.481148 5.88128
1563 0.000163934 0.481311 5.88057
1564 0.000163934 0.481475 5.87987
1565 0.000163934 0.481639 5.87919
1566 0.000163934 0.481803 5.87848
1567 0.000163934 0.481967 5.87779
1568 0.000163934 0.482131 5.87705
1569 0.000163934 0.482295 5.87633
1570 0.000163934 0.482459 5.87562
1571 0.000163934 0.482623 5.87489
1572 0.000163934 0.482787 5.87419
1573 0.000163934 0.482951 5.87351
1574 0.000163934 0.483115 5.87279
1575 0.000163934 0.483279 5.87205
1576 0.000163934 0.483443 5.87131
1577 0.000163934 0.483607 5.87063
1578 0.000163934 0.48377 5.86992
1579 0.000163934 0.483934 5.86919
1580 0.000163934 0.484098 5.8685
1581 0.000163934 0.484262 5.86774
1582 0.000163934 0.484426 5.86696
1583 0.000163934 0.48459 5.86623
1584 0.000163934 0.484754 5.86553
1585 0.000163934 0.484918 5.86482
1586 0.000163934 0.485082 5.86409
1587 0.000163934 0.485246 5.86335
1588 0.000163934 0.48541 5.8626
1589 0.000163934 0.485574 5.86185
1590 0.000163934 0.485738 5.8611
1591 0.000163934 0.485902 5.8603
1592 0.000163934 0.486066 5.85958
1593 0.000163934 0.48623 5.85883
1594 0.000163934 0.486393 5.85808
1595 0.000163934 0.486557 5.85735
1596 0.000163934 0.486721 5.85656
1597 0.000163934 0.486885 5.85578
1598 0.000163934 0.487049 5.85501
1599 0.000163934 0.487213 5.85425
1600 0.000163934 0.487377 5.85352
1601 0.000163934 0.487541 5.85276
1602 0.000163934 0.487705 5.852
1603 0.000163934 0.487869 5.85121
1604 0.000163934 0.488033 5.85039
1605 0.000163934 0.488197 5.84962
1606 0.000163934 0.488361 5.84888
1607 0.000163934 0.488525 5.84813
1608 0.000163934 0.488689 5.84735
1609 0.000163934 0.488852 5.84655
1610 0.000163934 0.489016 5.84574
1611 0.000163934 0.48918 5.84495
1612 0.000163934 0.489344 5.84418
1613 0.000163934 0.489508 5.84344
1614 0.000163934 0.489672 5.84268
1615 0.000163934 0.489836 5.8419
1616 0.000163934 0.49 5.84112
1617 0.000166667 0.490167 5.84033
1618 0.000166667 0.490333 5.83954
1619 0.000166667 0.4905 5.8387
1620 0.000166667 0.490667 5.83788
1621 0.000166667 0.490833 5.83705
1622 0.000166667 0.491 5.83624
1623 0.000166667 0.491167 5.83544
1624 0.000166667 0.491333 5.83467
1625 0.000166667 0.4915 5.83382
1626 0.000166667 0.491667 5.83302
1627 0.000166667 0.491833 5.83218
1628 0.000166667 0.492 5.83135
1629 0.000166667 0.492167 5.83054
1630 0.000166667 0.492333 5.82971
1631 0.000166667 0.4925 5.82892
1632 0.000166667 0.492667 5.82809
1633 0.000166667 0.492833 5.82726
1634 0.000166667 0.493 5.8264
1635 0.000166667 0.493167 5.82556
1636 0.000166667 0.493333 5.82474
1637 0.000166667 0.4935 5.82391
1638 0.000166667 0.493667 5.82309
1639 0.000166667 0.493833 5.82227
1640 0.000166667 0.494 5.82146
1641 0.000166667 0.494167 5.82063
1642 0.000166667 0.494333 5.81974
1643 0.000166667 0.4945 5.81887
1644 0.000166667 0.494667 5.818
1645 0.000166667 0.494833 5.81719
1646 0.000166667 0.495 5.81635
1647 0.000166667 0.495167 5.81544
1648 0.000166667 0.495333 5.81458
1649 0.000166667 0.4955 5.81372
1650 0.000166667 0.495667 5.81288
1651 0.000166667 0.495833 5.81198
1652 0.000166667 0.496 5.81112
1653 0.000166667 0.496167 5.81025
1654 0.000166667 0.496333 5.80936
1655 0.000166667 0.4965 5.80849
1656 0.000166667 0.496667 5.80762
1657 0.000166667 0.496833 5.80676
1658 0.000166667 0.497 5.80588
1659 0.000166667 0.497167 5.80496
1660 0.000166667 0.497333 5.80407
1661 0.000166667 0.4975 5.80317
1662 0.000166667 0.497667 5.8023
1663 0.000166667 0.497833 5.80142
1664 0.000166667 0.498 5.80054
1665 0.000166667 0.498167 5.79968
1666 0.000166667 0.498333 5.79879
1667 0.000166667 0.4985 5.79791
1668 0.000166667 0.498667 5.79697
1669 0.000166667 0.498833 5.79606
1670 0.000166667 0.499 5.79517
1671 0.000166667 0.499167 5.7943
1672 0.000166667 0.499333 5.79343
1673 0.000166667 0.4995 5.79253
1674 0.000166667 0.499667 5.79164
1675 0.000166667 0.499833 5.79076
1676 0.000166667 0.5 5.78983
1677 0.000166667 0.500167 5.7889
1678 0.000166667 0.500333 5.78801
1679 0.000166667 0.5005 5.7871
1680 0.000166667 0.500667 5.7862
1681 0.000166667 0.500833 5.78526
1682 0.000166667 0.501 5.78433
1683 0.000166667 0.501167 5.78346
1684 0.000166667 0.501333 5.78255
1685 0.000166667 0.5015 5.78162
1686 0.000166667 0.501667 5.78068
1687 0.000166667 0.501833 5.77977
1688 0.000166667 0.502 5.77886
1689 0.000166667 0.502167 5.77793
1690 0.000166667 0.502333 5.77703
1691 0.000166667 0.5025 5.77611
1692 0.000166667 0.502667 5.7752
1693 0.000166667 0.502833 5.77425
1694 0.000166667 0.503 5.77332
1695 0.000166667 0.503167 5.77238
1696 0.000162698 0.503329 5.77148
1697 0.000162698 0.503492 5.7706
1698 0.000162698 0.503655 5.7697
1699 0.000162698 0.503817 5.76879
1700 0.000162698 0.50398 5.76788
1701 0.000162698 0.504143 5.76697
1702 0.000162698 0.504306 5.7661
1703 0.000162698 0.504468 5.7652
1704 0.000162698 0.504631 5.76425
1705 0.000162698 0.504794 5.76331
1706 0.000162698 0.504956 5.76237
1707 0.000162698 0.505119 5.76149
1708 0.000162698 0.505282 5.76058
1709 0.000162698 0.505444 5.75967
1710 0.000162698 0.505607 5.75877
1711 0.000162698 0.50577 5.75783
1712 0.000162698 0.505933 5.75695
1713 0.000162698 0.506095 5.75601
1714 0.000162698 0.506258 5.75504
1715 0.000162698 0.506421 5.75411
1716 0.000162698 0.506583 5.75321
1717 0.000162698 0.506746 5.75229
1718 0.000162698 0.506909 5.75138
1719 0.000162698 0.507071 5.75047
1720 0.000162698 0.507234 5.74958
1721 0.000162698 0.507397 5.74868
1722 0.000162698 0.50756 5.74775
1723 0.000162698 0.507722 5.74683
1724 0.000162698 0.507885 5.74586
1725 0.000162698 0.508048 5.74497
1726 0.000162698 0.50821 5.74409
1727 0.000162698 0.508373 5.74315
1728 0.000162698 0.508536 5.74224
1729 0.000162698 0.508698 5.74131
1730 0.000162698 0.508861 5.7404
1731 0.000162698 0.509024 5.73948
1732 0.000162698 0.509187 5.73857
1733 0.000162698 0.509349 5.73764
1734 0.000162698 0.509512 5.73669
1735 0.000162698 0.509675 5.73579
1736 0.000162698 0.509837 5.73487
1737 0.000162698 0.51 5.73394
1738 0.00016129 0.510161 5.73302
1739 0.00016129 0.510323 5.73211
1740 0.00016129 0.510484 5.7312
1741 0.00016129 0.510645 5.73025
1742 0.00016129 0.510806 5.72934
1743 0.00016129 0.510968 5.72841
1744 0.00016129 0.511129 5.72747
1745 0.00016129 0.51129 5.72654
1746 0.00016129 0.511452 5.72566
1747 0.00016129 0.511613 5.72472
1748 0.00016129 0.511774 5.72375
1749 0.00016129 0.511935 5.72282
1750 0.00016129 0.512097 5.72188
1751 0.00016129 0.512258 5.72096
1752 0.000157999 0.512416 5.72003
1753 0.000157999 0.512574 5.71912
1754 0.000157999 0.512732 5.71821
1755 0.000157999 0.51289 5.71725
1756 0.000157999 0.513048 5.71636
1757 0.000157999 0.513206 5.71546
1758 0.000157999 0.513364 5.71463
1759 0.000157999 0.513522 5.71372
1760 0.000157999 0.51368 5.7129
1761 0.000157999 0.513838 5.71202
1762 0.000157999 0.513996 5.71122
1763 0.000157999 0.514154 5.7104
1764 0.000157999 0.514312 5.70942
1765 0.000157999 0.51447 5.7086
1766 0.000157999 0.514628 5.70772
1767 0.000157999 0.514786 5.70695
1768 0.000157999 0.514944 5.70616
1769 0.000157999 0.515102 5.70519
1770 0.000157999 0.51526 5.70444
1771 0.000157999 0.515418 5.7037
1772 0.000163641 0.515582 5.70291
1773 0.000163641 0.515745 5.70214
1774 0.000163641 0.515909 5.70134
1775 0.000163641 0.516073 5.70059
1776 0.000163641 0.516236 5.69984
1777 0.000163641 0.5164 5.69909
1778 0.000163641 0.516564 5.69835
1779 0.000163641 0.516727 5.69763
1780 0.000163641 0.516891 5.69689
1781 0.000163641 0.517054 5.69617
1782 0.000163641 0.517218 5.69543
1783 0.000163641 0.517382 5.69474
1784 0.000154016 0.517536 5.69409
1785 0.000154016 0.51769 5.69339
1786 0.000154016 0.517844 5.69276
1787 0.000154016 0.517998 5.6921
1788 0.000154016 0.518152 5.69133
1789 0.000142168 0.518294 5.69074
1790 0.000142168 0.518436 5.69012
1791 0.000142168 0.518578 5.68962
1792 0.000142168 0.51872 5.6889
1793 0.000142168 0.518863 5.68839
1794 0.000126372 0.518989 5.68793
1795 0.000126372 0.519115 5.68752
1796 0.000110575 0.519226 5.6871
1797 0.000110575 0.519337 5.68677
1798 0.000110575 0.519447 5.68629
1799 0.000110575 0.519558 5.68576
1800 0.000110575 0.519668 5.6852
1801 0.000110575 0.519779 5.68462
1802 0.000110575 0.519889 5.68398
1803 0.000110575 0.52 5.68338
1804 0.000113636 0.520114 5.68268
1805 0.000114958 0.520229 5.68196
1806 0.000114958 0.520344 5.68119
1807 0.000114958 0.520459 5.68048
1808 0.00011636 0.520575 5.67981
1809 0.000117814 0.520693 5.67911
1810 0.000119325 0.520812 5.67843
1811 0.000120895 0.520933 5.67776
1812 0.000122528 0.521055 5.67706
1813 0.00012598 0.521181 5.67636
1814 0.000129685 0.521311 5.67564
1815 0.000133675 0.521445 5.67489
1816 0.000137988 0.521583 5.67412
1817 0.000142665 0.521725 5.67332
1818 0.000145168 0.521871 5.67247
1819 0.000150545 0.522021 5.6716
1820 0.00015344 0.522175 5.67071
1821 0.000156508 0.522331 5.66982
1822 0.000156508 0.522488 5.66887
1823 0.000159838 0.522647 5.6679
1824 0.00016339 0.522811 5.6669
1825 0.00016339 0.522974 5.66596
1826 0.000167281 0.523141 5.66493
1827 0.000167281 0.523309 5.66388
1828 0.00017157 0.52348 5.6628
1829 0.00017157 0.523652 5.66171
1830 0.00017157 0.523823 5.66078
1831 0.000176472 0.524 5.6597
1832 0.000176472 0.524176 5.65864
1833 0.000176472 0.524353 5.65754
1834 0.000176472 0.524529 5.65651
1835 0.000182354 0.524712 5.65536
1836 0.000182354 0.524894 5.65427
1837 0.000182354 0.525076 5.65318
1838 0.000182354 0.525259 5.65206
1839 0.000182354 0.525441 5.65096
1840 0.000182354 0.525623 5.6499
1841 0.000182354 0.525806 5.64872
1842 0.000182354 0.525988 5.64753
1843 0.000182354 0.526171 5.64641
1844 0.000182354 0.526353 5.64526
1845 0.000182354 0.526535 5.64424
1846 0.000182354 0.526718 5.64307
1847 0.000182354 0.5269 5.642
1848 0.000182354 0.527082 5.64087
1849 0.000182354 0.527265 5.63975
1850 0.000182354 0.527447 5.6386
1851 0.000182354 0.527629 5.63748
1852 0.000182354 0.527812 5.63633
1853 0.000182354 0.527994 5.63523
1854 0.000182354 0.528176 5.63411
1855 0.000182354 0.528359 5.63304
1856 0.000182354 0.528541 5.63189
1857 0.000182354 0.528724 5.63081
1858 0.000182354 0.528906 5.62972
1859 0.000182354 0.529088 5.62861
1860 0.000182354 0.529271 5.6275
1861 0.000182354 0.529453 5.6264
1862 0.000182354 0.529635 5.62528
1863 0.000182354 0.529818 5.62419
1864 0.000182354 0.53 5.62306
1865 0.000192308 0.530192 5.62189
1866 0.000192308 0.530385 5.62073
1867 0.000192308 0.530577 5.61957
1868 0.000192308 0.530769 5.61838
1869 0.000192308 0.530962 5.61723
1870 0.000192308 0.531154 5.61603
1871 0.000192308 0.531346 5.61487
1872 0.000192308 0.531538 5.61369
1873 0.000192308 0.531731 5.61254
1874 0.000192308 0.531923 5.61138
1875 0.000192308 0.532115 5.61018
1876 0.000192308 0.532308 5.609
1877 0.000192308 0.5325 5.60783
1878 0.000192308 0.532692 5.60664
1879 0.000192308 0.532885 5.60544
1880 0.000192308 0.533077 5.60427
1881 0.000192308 0.533269 5.60306
1882 0.000192308 0.533462 5.60189
1883 0.000192308 0.533654 5.60072
1884 0.000192308 0.533846 5.59956
1885 0.000192308 0.534038 5.59836
1886 0.000192308 0.534231 5.59718
1887 0.000192308 0.534423 5.59599
1888 0.000185897 0.534609 5.59484
1889 0.000185897 0.534795 5.59367
1890 0.000185897 0.534981 5.59251
1891 0.000185897 0.535167 5.59134
1892 0.000185897 0.535353 5.59015
1893 0.000185897 0.535538 5.58896
1894 0.000185897 0.535724 5.58779
1895 0.000185897 0.53591 5.58659
1896 0.000185897 0.536096 5.58538
1897 0.000185897 0.536282 5.58415
1898 0.000177045 0.536459 5.58303
1899 0.000177045 0.536636 5.58188
1900 0.000177045 0.536813 5.58074
1901 0.000177045 0.53699 5.57961
1902 0.000177045 0.537167 5.57848
1903 0.000177045 0.537344 5.57734
1904 0.000177045 0.537521 5.57621
1905 0.000177045 0.537698 5.57508
1906 0.000177045 0.537875 5.57393
1907 0.000177045 0.538053 5.57274
1908 0.000177045 0.53823 5.5716
1909 0.000177045 0.538407 5.57045
1910 0.000177045 0.538584 5.56926
1911 0.000177045 0.538761 5.56813
1912 0.000177045 0.538938 5.56697
1913 0.000177045 0.539115 5.56578
1914 0.000177045 0.539292 5.56462
1915 0.000177045 0.539469 5.56348
1916 0.000177045 0.539646 5.5623
1917 0.000177045 0.539823 5.56114
1918 0.000177045 0.54 5.56002
1919 0.000181818 0.540182 5.55882
1920 0.000181818 0.540364 5.55758
1921 0.000181818 0.540545 5.55641
1922 0.000181818 0.540727 5.55521
1923 0.000185455 0.540913 5.55395
1924 0.000185455 0.541098 5.55276
1925 0.000185455 0.541284 5.55154
1926 0.000185455 0.541469 5.55029
1927 0.000185455 0.541655 5.5491
1928 0.000185455 0.54184 5.54792
1929 0.000185455 0.542025 5.54676
1930 0.000185455 0.542211 5.54557
1931 0.000189978 0.542401 5.54442
1932 0.000189978 0.542591 5.54319
1933 0.000189978 0.542781 5.54201
1934 0.000189978 0.542971 5.54079
1935 0.000189978 0.543161 5.53959
1936 0.000189978 0.543351 5.53837
1937 0.000189978 0.543541 5.5372
1938 0.000189978 0.543731 5.53599
1939 0.000189978 0.543921 5.53481
1940 0.000189978 0.544111 5.53362
1941 0.000189978 0.544301 5.53242
1942 0.000189978 0.544491 5.53125
1943 0.000189978 0.544681 5.53007
1944 0.000189978 0.544871 5.52885
1945 0.000189978 0.545061 5.52765
1946 0.000189978 0.545251 5.52644
1947 0.000189978 0.545441 5.52514
1948 0.000189978 0.545631 5.52391
1949 0.000189978 0.54582 5.52265
1950 0.000189978 0.54601 5.52139
1951 0.000189978 0.5462 5.52015
1952 0.000189978 0.54639 5.51892
1953 0.000189978 0.54658 5.51767
1954 0.000189978 0.54677 5.51644
1955 0.000189978 0.54696 5.51515
1956 0.000189978 0.54715 5.5139
1957 0.000189978 0.54734 5.51267
1958 0.000189978 0.54753 5.5114
1959 0.000189978 0.54772 5.51013
1960 0.000189978 0.54791 5.5089
1961 0.000189978 0.5481 5.50762
1962 0.000189978 0.54829 5.50635
1963 0.000189978 0.54848 5.50511
1964 0.000189978 0.54867 5.50382
1965 0.000189978 0.54886 5.50255
1966 0.000189978 0.54905 5.5013
1967 0.000189978 0.54924 5.50002
1968 0.000189978 0.54943 5.49875
1969 0.000189978 0.54962 5.49752
1970 0.000189978 0.54981 5.49624
1971 0.000189978 0.55 5.49499
1972 0.000196078 0.550196 5.49365
1973 0.000196078 0.550392 5.49232
1974 0.000196078 0.550588 5.49105
1975 0.000196078 0.550784 5.48976
1976 0.000196078 0.55098 5.48845
1977 0.000196078 0.551176 5.48717
1978 0.000196078 0.551373 5.48584
1979 0.000196078 0.551569 5.48459
1980 0.000196078 0.551765 5.48334
1981 0.000196078 0.551961 5.48206
1982 0.000196078 0.552157 5.48079
1983 0.000196078 0.552353 5.47963
1984 0.000196078 0.552549 5.47843
1985 0.000196078 0.552745 5.47717
1986 0.000196078 0.552941 5.47596
1987 0.000196078 0.553137 5.47476
1988 0.000196078 0.553333 5.47362
1989 0.000196078 0.553529 5.47244
1990 0.000196078 0.553725 5.47125
1991 0.000196078 0.553922 5.47008
1992 0.000196078 0.554118 5.46887
1993 0.000196078 0.554314 5.46769
1994 0.000189542 0.554503 5.46651
1995 0.000189542 0.554693 5.4653
1996 0.000189542 0.554882 5.46411
1997 0.000189542 0.555072 5.46288
1998 0.000189542 0.555261 5.46163
1999 0.000189542 0.555451 5.46035
2000 0.000189542 0.555641 5.45909
2001 0.000189542 0.55583 5.45787
2002 0.000189542 0.55602 5.45665
2003 0.000189542 0.556209 5.45541
2004 0.000189542 0.556399 5.45415
2005 0.000189542 0.556588 5.45291
2006 0.000189542 0.556778 5.45166
2007 0.000189542 0.556967 5.4504
2008 0.000189542 0.557157 5.44914
2009 0.000189542 0.557346 5.44789
2010 0.000189542 0.557536 5.44661
2011 0.000189542 0.557725 5.44533
2012 0.000189542 0.557915 5.44405
2013 0.000189542 0.558105 5.44277
2014 0.000189542 0.558294 5.4415
2015 0.000189542 0.558484 5.44021
2016 0.000189542 0.558673 5.43891
2017 0.000189542 0.558863 5.43764
2018 0.000189542 0.559052 5.43634
2019 0.000189542 0.559242 5.43506
2020 0.000189542 0.559431 5.43378
2021 0.000189542 0.559621 5.43248
2022 0.000189542 0.55981 5.43119
2023 0.000189542 0.56 5.42989
2024 0.000192308 0.560192 5.42858
2025 0.000192308 0.560385 5.42724
2026 0.000192308 0.560577 5.42592
2027 0.000192308 0.560769 5.42459
2028 0.000192308 0.560962 5.42326
2029 0.000192308 0.561154 5.42192
2030 0.000192308 0.561346 5.42059
2031 0.000192308 0.561538 5.41928
2032 0.000192308 0.561731 5.41793
2033 0.000192308 0.561923 5.4166
2034 0.000192308 0.562115 5.41524
2035 0.000192308 0.562308 5.4139
2036 0.000192308 0.5625 5.41265
2037 0.000192308 0.562692 5.4112
2038 0.000192308 0.562885 5.40998
2039 0.000192308 0.563077 5.40873
2040 0.000192308 0.563269 5.40723
2041 0.000192308 0.563462 5.40603
2042 0.000192308 0.563654 5.40457
2043 0.000192308 0.563846 5.40342
2044 0.000192308 0.564038 5.40225
2045 0.000192308 0.564231 5.4009
2046 0.000192308 0.564423 5.39973
2047 0.000192308 0.564615 5.39855
2048 0.000192308 0.564808 5.39717
2049 0.000192308 0.565 5.39601
2050 0.000192308 0.565192 5.39483
2051 0.000192308 0.565385 5.39348
2052 0.000192308 0.565577 5.39235
2053 0.000192308 0.565769 5.39124
2054 0.000192308 0.565962 5.39012
2055 0.000192308 0.566154 5.38897
2056 0.000192308 0.566346 5.38784
2057 0.000192308 0.566538 5.3867
2058 0.000192308 0.566731 5.38554
2059 0.000192308 0.566923 5.38438
2060 0.000192308 0.567115 5.38323
2061 0.000192308 0.567308 5.38209
2062 0.000192308 0.5675 5.38093
2063 0.000192308 0.567692 5.37983
2064 0.000192308 0.567885 5.37868
2065 0.000192308 0.568077 5.3775
2066 0.000192308 0.568269 5.3763
2067 0.000192308 0.568462 5.37518
2068 0.000192308 0.568654 5.37403
2069 0.000192308 0.568846 5.37287
2070 0.000192308 0.569038 5.3718
2071 0.000192308 0.569231 5.37065
2072 0.000192308 0.569423 5.36951
2073 0.000192308 0.569615 5.36834
2074 0.000192308 0.569808 5.36717
2075 0.000192308 0.57 5.36605
2076 0.000196078 0.570196 5.36491
2077 0.000196078 0.570392 5.36371
2078 0.000196078 0.570588 5.3625
2079 0.000196078 0.570784 5.36136
2080 0.000196078 0.57098 5.36015
2081 0.000196078 0.571176 5.3589
2082 0.000196078 0.571373 5.35772
2083 0.000196078 0.571569 5.35648
2084 0.000196078 0.571765 5.35519
2085 0.000196078 0.571961 5.354
2086 0.000196078 0.572157 5.35269
2087 0.000196078 0.572353 5.3515
2088 0.000196078 0.572549 5.35026
2089 0.000196078 0.572745 5.34894
2090 0.000196078 0.572941 5.34771
2091 0.000196078 0.573137 5.34652
2092 0.000196078 0.573333 5.3452
2093 0.000196078 0.573529 5.34402
2094 0.000196078 0.573725 5.34268
2095 0.000196078 0.573922 5.34138
2096 0.000196078 0.574118 5.34018
2097 0.000189753 0.574307 5.33891
2098 0.000189753 0.574497 5.33759
2099 0.000189753 0.574687 5.33635
2100 0.000189753 0.574877 5.33504
2101 0.000189753 0.575066 5.33372
2102 0.000189753 0.575256 5.33268
2103 0.000169423 0.575426 5.33186
2104 0.000157738 0.575583 5.33098
2105 0.000152299 0.575736 5.33021
2106 0.000142146 0.575878 5.32938
2107 0.000142146 0.57602 5.32852
2108 0.000132669 0.576153 5.32765
2109 0.000132669 0.576285 5.32676
2110 0.000132669 0.576418 5.32589
2111 0.000132669 0.576551 5.32499
2112 0.000132669 0.576683 5.32407
2113 0.000132669 0.576816 5.32315
2114 0.000132669 0.576949 5.32219
2115 0.0001387 0.577087 5.32126
2116 0.0001387 0.577226 5.32029
2117 0.0001387 0.577365 5.31932
2118 0.000146405 0.577511 5.31829
2119 0.000146405 0.577658 5.31729
2120 0.000156166 0.577814 5.31622
2121 0.000156166 0.57797 5.31514
2122 0.000156166 0.578126 5.31407
2123 0.000156166 0.578282 5.31301
2124 0.000156166 0.578438 5.31195
2125 0.000156166 0.578595 5.3109
2126 0.000156166 0.578751 5.3098
2127 0.000156166 0.578907 5.30874
2128 0.000156166 0.579063 5.30769
2129 0.000156166 0.579219 5.30664
2130 0.000156166 0.579375 5.30559
2131 0.000156166 0.579532 5.30454
2132 0.000156166 0.579688 5.3035
2133 0.000156166 0.579844 5.30246
2134 0.000156166 0.58 5.30144
2135 0.000185185 0.580185 5.30019
2136 0.000188746 0.580374 5.29893
2137 0.000188746 0.580563 5.2977
2138 0.000188746 0.580751 5.29644
2139 0.000188746 0.58094 5.29522
2140 0.000188746 0.581129 5.29392
2141 0.00019285 0.581322 5.2926
2142 0.00019285 0.581515 5.29127
2143 0.00019285 0.581707 5.28992
2144 0.00019285 0.5819 5.28858
2145 0.00019285 0.582093 5.28722
2146 0.00019285 0.582286 5.28584
2147 0.00019285 0.582479 5.28447
2148 0.00019285 0.582672 5.28306
2149 0.00019285 0.582865 5.28172
2150 0.00019285 0.583057 5.28034
2151 0.00019285 0.58325 5.27896
2152 0.00019285 0.583443 5.27759
2153 0.00019285 0.583636 5.27623
2154 0.000198876 0.583835 5.2748
2155 0.000198876 0.584034 5.27349
2156 0.000198876 0.584233 5.27211
2157 0.000198876 0.584431 5.27071
2158 0.000198876 0.58463 5.26931
2159 0.000198876 0.584829 5.26788
2160 0.000198876 0.585028 5.26653
2161 0.000198876 0.585227 5.26519
2162 0.000198876 0.585426 5.26383
2163 0.000198876 0.585625 5.26244
2164 0.000198876 0.585824 5.26106
2165 0.000198876 0.586022 5.25966
2166 0.000198876 0.586221 5.25829
2167 0.000198876 0.58642 5.25687
2168 0.000198876 0.586619 5.25551
2169 0.000198876 0.586818 5.25412
2170 0.000198876 0.587017 5.25282
2171 0.000198876 0.587216 5.25146
2172 0.000198876 0.587415 5.25011
2173 0.000198876 0.587613 5.24872
2174 0.000198876 0.587812 5.24738
2175 0.000198876 0.588011 5.246
2176 0.000198876 0.58821 5.24465
2177 0.000198876 0.588409 5.24329
2178 0.000198876 0.588608 5.24197
2179 0.000198876 0.588807 5.24063
2180 0.000198876 0.589006 5.23928
2181 0.000198876 0.589204 5.2379
2182 0.000198876 0.589403 5.23656
2183 0.000198876 0.589602 5.23519
2184 0.000198876 0.589801 5.23387
2185 0.000198876 0.59 5.23253
2186 0.0002 0.5902 5.23123
2187 0.0002 0.5904 5.22986
2188 0.0002 0.5906 5.2285
2189 0.0002 0.5908 5.22714
2190 0.0002 0.591 5.2258
2191 0.0002 0.5912 5.22443
2192 0.0002 0.5914 5.22306
2193 0.0002 0.5916 5.2217
2194 0.0002 0.5918 5.22039
2195 0.0002 0.592 5.21902
2196 0.0002 0.5922 5.21761
2197 0.0002 0.5924 5.21621
2198 0.0002 0.5926 5.21485
2199 0.0002 0.5928 5.21347
2200 0.000194595 0.592995 5.21209
2201 0.000194595 0.593189 5.21075
2202 0.000194595 0.593384 5.20944
2203 0.000194595 0.593578 5.20814
2204 0.000194595 0.593773 5.20676
2205 0.000194595 0.593968 5.20542
2206 0.000194595 0.594162 5.20409
2207 0.000194595 0.594357 5.20277
2208 0.000194595 0.594551 5.20142
2209 0.000194595 0.594746 5.20008
2210 0.000194595 0.594941 5.19879
2211 0.000194595 0.595135 5.19747
2212 0.000194595 0.59533 5.19611
2213 0.000194595 0.595524 5.19479
2214 0.000194595 0.595719 5.19348
2215 0.000194595 0.595914 5.19215
2216 0.000194595 0.596108 5.19085
2217 0.000194595 0.596303 5.18956
2218 0.000194595 0.596497 5.18823
2219 0.000194595 0.596692 5.1869
2220 0.000194595 0.596886 5.18555
2221 0.000194595 0.597081 5.1842
2222 0.000194595 0.597276 5.18285
2223 0.000194595 0.59747 5.18151
2224 0.000194595 0.597665 5.18017
2225 0.000194595 0.597859 5.17881
2226 0.000194595 0.598054 5.17747
2227 0.000194595 0.598249 5.17612
2228 0.000194595 0.598443 5.17476
2229 0.000194595 0.598638 5.17339
2230 0.000194595 0.598832 5.17204
2231 0.000194595 0.599027 5.17069
2232 0.000194595 0.599222 5.16935
2233 0.000194595 0.599416 5.16799
2234 0.000194595 0.599611 5.16662
2235 0.000194595 0.599805 5.16526
2236 0.000194595 0.6 5.16392
2237 0.0002 0.6002 5.16254
2238 0.0002 0.6004 5.16113
2239 0.0002 0.6006 5.15974
2240 0.0002 0.6008 5.15835
2241 0.0002 0.601 5.15697
2242 0.0002 0.6012 5.15557
2243 0.0002 0.6014 5.15416
2244 0.0002 0.6016 5.15278
2245 0.0002 0.6018 5.15141
2246 0.0002 0.602 5.15001
2247 0.0002 0.6022 5.14861
2248 0.0002 0.6024 5.1472
2249 0.0002 0.6026 5.14583
2250 0.0002 0.6028 5.14444
2251 0.0002 0.603 5.14304
2252 0.0002 0.6032 5.14165
2253 0.0002 0.6034 5.14029
2254 0.0002 0.6036 5.13891
2255 0.0002 0.6038 5.13752
2256 0.0002 0.604 5.13615
2257 0.0002 0.6042 5.1348
2258 0.0002 0.6044 5.13343
2259 0.0002 0.6046 5.13206
2260 0.0002 0.6048 5.13069
2261 0.0002 0.605 5.12933
2262 0.0002 0.6052 5.12796
2263 0.0002 0.6054 5.12656
2264 0.0002 0.6056 5.12516
2265 0.0002 0.6058 5.12377
2266 0.0002 0.606 5.12239
2267 0.0002 0.6062 5.12101
2268 0.0002 0.6064 5.11962
2269 0.0002 0.6066 5.11821
2270 0.0002 0.6068 5.11684
2271 0.0002 0.607 5.11545
2272 0.0002 0.6072 5.11408
2273 0.0002 0.6074 5.11272
2274 0.0002 0.6076 5.11134
2275 0.0002 0.6078 5.10996
2276 0.0002 0.608 5.10857
2277 0.0002 0.6082 5.10721
2278 0.0002 0.6084 5.10583
2279 0.0002 0.6086 5.10445
2280 0.0002 0.6088 5.10306
2281 0.0002 0.609 5.10167
2282 0.0002 0.6092 5.10029
2283 0.0002 0.6094 5.09892
2284 0.0002 0.6096 5.09753
2285 0.0002 0.6098 5.09615
2286 0.0002 0.61 5.09478
2287 0.0002 0.6102 5.09341
2288 0.0002 0.6104 5.09204
2289 0.0002 0.6106 5.09066
2290 0.0002 0.6108 5.08927
2291 0.0002 0.611 5.08791
2292 0.0002 0.6112 5.08653
2293 0.0002 0.6114 5.08516
2294 0.0002 0.6116 5.08378
2295 0.0002 0.6118 5.0824
2296 0.0002 0.612 5.08104
2297 0.0002 0.6122 5.07966
2298 0.0002 0.6124 5.07829
2299 0.0002 0.6126 5.07691
2300 0.0002 0.6128 5.07554
2301 0.0002 0.613 5.07416
2302 0.0002 0.6132 5.07279
2303 0.0002 0.6134 5.07142
2304 0.0002 0.6136 5.07005
2305 0.0002 0.6138 5.06866
2306 0.0002 0.614 5.06729
2307 0.0002 0.6142 5.06592
2308 0.0002 0.6144 5.06455
2309 0.0002 0.6146 5.06316
2310 0.0002 0.6148 5.0618
2311 0.0002 0.615 5.06043
2312 0.0002 0.6152 5.05905
2313 0.0002 0.6154 5.05769
2314 0.0002 0.6156 5.05632
2315 0.0002 0.6158 5.05494
2316 0.0002 0.616 5.05356
2317 0.0002 0.6162 5.05219
2318 0.0002 0.6164 5.05081
2319 0.0002 0.6166 5.04945
2320 0.0002 0.6168 5.04807
2321 0.0002 0.617 5.04669
2322 0.0002 0.6172 5.04531
2323 0.0002 0.6174 5.04394
2324 0.0002 0.6176 5.04257
2325 0.0002 0.6178 5.04119
2326 0.0002 0.618 5.03982
2327 0.0002 0.6182 5.03848
2328 0.0002 0.6184 5.03711
2329 0.0002 0.6186 5.03575
2330 0.0002 0.6188 5.03436
2331 0.0002 0.619 5.03299
2332 0.0002 0.6192 5.03162
2333 0.0002 0.6194 5.03025
2334 0.0002 0.6196 5.02887
2335 0.0002 0.6198 5.02749
2336 0.0002 0.62 5.02611
2337 0.0002 0.6202 5.02476
2338 0.0002 0.6204 5.0234
2339 0.0002 0.6206 5.02203
2340 0.0002 0.6208 5.02066
2341 0.0002 0.621 5.0193
2342 0.0002 0.6212 5.01794
2343 0.0002 0.6214 5.01659
2344 0.0002 0.6216 5.01522
2345 0.0002 0.6218 5.01388
2346 0.0002 0.622 5.01253
2347 0.0002 0.6222 5.01116
2348 0.0002 0.6224 5.00978
2349 0.0002 0.6226 5.00842
2350 0.0002 0.6228 5.00707
2351 0.0002 0.623 5.0057
2352 0.0002 0.6232 5.00431
2353 0.0002 0.6234 5.00295
2354 0.0002 0.6236 5.0016
2355 0.0002 0.6238 5.00022
2356 0.0002 0.624 4.99884
2357 0.0002 0.6242 4.99749
2358 0.0002 0.6244 4.99615
2359 0.0002 0.6246 4.9948
2360 0.0002 0.6248 4.99347
2361 0.0002 0.625 4.99209
2362 0.0002 0.6252 4.99074
2363 0.0002 0.6254 4.98938
2364 0.0002 0.6256 4.98802
2365 0.0002 0.6258 4.98667
2366 0.0002 0.626 4.98531
2367 0.0002 0.6262 4.98395
2368 0.0002 0.6264 4.9826
2369 0.0002 0.6266 4.98123
2370 0.0002 0.6268 4.97985
2371 0.0002 0.627 4.97848
2372 0.0002 0.6272 4.97713
2373 0.0002 0.6274 4.97577
2374 0.0002 0.6276 4.97441
2375 0.0002 0.6278 4.97306
2376 0.0002 0.628 4.97173
2377 0.0002 0.6282 4.97036
2378 0.0002 0.6284 4.969
2379 0.0002 0.6286 4.96764
2380 0.0002 0.6288 4.96628
2381 0.0002 0.629 4.96493
2382 0.0002 0.6292 4.96356
2383 0.0002 0.6294 4.96218
2384 0.0002 0.6296 4.96082
2385 0.0002 0.6298 4.95948
2386 0.0002 0.63 4.95811
2387 0.0002 0.6302 4.95676
2388 0.0002 0.6304 4.95539
2389 0.0002 0.6306 4.95402
2390 0.0002 0.6308 4.95265
2391 0.0002 0.631 4.95128
2392 0.0002 0.6312 4.94992
2393 0.0002 0.6314 4.94852
2394 0.0002 0.6316 4.94715
2395 0.0002 0.6318 4.9458
2396 0.0002 0.632 4.94441
2397 0.0002 0.6322 4.94306
2398 0.0002 0.6324 4.94171
2399 0.0002 0.6326 4.94036
2400 0.0002 0.6328 4.93899
2401 0.0002 0.633 4.93764
2402 0.0002 0.6332 4.93629
2403 0.0002 0.6334 4.93494
2404 0.0002 0.6336 4.93357
2405 0.0002 0.6338 4.93221
2406 0.0002 0.634 4.93085
2407 0.0002 0.6342 4.92948
2408 0.0002 0.6344 4.92811
2409 0.0002 0.6346 4.92674
2410 0.0002 0.6348 4.92537
2411 0.0002 0.635 4.92407
2412 0.0002 0.6352 4.9227
2413 0.0002 0.6354 4.92133
2414 0.0002 0.6356 4.91996
2415 0.0002 0.6358 4.91857
2416 0.0002 0.636 4.9172
2417 0.0002 0.6362 4.91578
2418 0.0002 0.6364 4.9144
2419 0.0002 0.6366 4.91303
2420 0.0002 0.6368 4.91167
2421 0.0002 0.637 4.9103
2422 0.0002 0.6372 4.90893
2423 0.0002 0.6374 4.90755
2424 0.0002 0.6376 4.90616
2425 0.0002 0.6378 4.90481
2426 0.0002 0.638 4.90343
2427 0.0002 0.6382 4.90206
2428 0.0002 0.6384 4.9007
2429 0.0002 0.6386 4.89934
2430 0.0002 0.6388 4.89797
2431 0.0002 0.639 4.89658
2432 0.0002 0.6392 4.89523
2433 0.0002 0.6394 4.8939
2434 0.0002 0.6396 4.89253
2435 0.0002 0.6398 4.89116
2436 0.0002 0.64 4.88981
2437 0.0002 0.6402 4.88847
2438 0.0002 0.6404 4.88717
2439 0.0002 0.6406 4.88577
2440 0.0002 0.6408 4.88441
2441 0.0002 0.641 4.88305
2442 0.0002 0.6412 4.88168
2443 0.0002 0.6414 4.88025
2444 0.0002 0.6416 4.87887
2445 0.0002 0.6418 4.87752
2446 0.0002 0.642 4.87617
2447 0.0002 0.6422 4.87481
2448 0.0002 0.6424 4.87344
2449 0.0002 0.6426 4.87206
2450 0.0002 0.6428 4.8707
2451 0.0002 0.643 4.86934
2452 0.0002 0.6432 4.86798
2453 0.0002 0.6434 4.86661
2454 0.0002 0.6436 4.86526
2455 0.0002 0.6438 4.86393
2456 0.0002 0.644 4.86255
2457 0.0002 0.6442 4.86119
2458 0.0002 0.6444 4.85983
2459 0.0002 0.6446 4.85848
2460 0.0002 0.6448 4.85714
2461 0.0002 0.645 4.85577
2462 0.0002 0.6452 4.85441
2463 0.0002 0.6454 4.85307
2464 0.0002 0.6456 4.85172
2465 0.0002 0.6458 4.85034
2466 0.0002 0.646 4.84896
2467 0.0002 0.6462 4.84761
2468 0.0002 0.6464 4.84625
2469 0.0002 0.6466 4.84489
2470 0.0002 0.6468 4.84352
2471 0.0002 0.647 4.8422
2472 0.0002 0.6472 4.84085
2473 0.0002 0.6474 4.83948
2474 0.0002 0.6476 4.83809
2475 0.0002 0.6478 4.83667
2476 0.0002 0.648 4.83531
2477 0.0002 0.6482 4.83396
2478 0.0002 0.6484 4.83258
2479 0.0002 0.6486 4.8312
2480 0.0002 0.6488 4.82985
2481 0.0002 0.649 4.82851
2482 0.0002 0.6492 4.82715
2483 0.0002 0.6494 4.82579
2484 0.0002 0.6496 4.82441
2485 0.0002 0.6498 4.82305
2486 0.0002 0.65 4.8217
2487 0.0002 0.6502 4.82032
2488 0.0002 0.6504 4.81895
2489 0.0002 0.6506 4.81758
2490 0.0002 0.6508 4.81623
2491 0.0002 0.651 4.81486
2492 0.0002 0.6512 4.81351
2493 0.0002 0.6514 4.81215
2494 0.0002 0.6516 4.81079
2495 0.0002 0.6518 4.80943
2496 0.0002 0.652 4.80806
2497 0.0002 0.6522 4.8067
2498 0.0002 0.6524 4.80534
2499 0.0002 0.6526 4.80397
2500 0.0002 0.6528 4.8026
2501 0.0002 0.653 4.80123
2502 0.0002 0.6532 4.79986
2503 0.0002 0.6534 4.79853
2504 0.0002 0.6536 4.79722
2505 0.0002 0.6538 4.79584
2506 0.0002 0.654 4.79447
2507 0.0002 0.6542 4.7931
2508 0.0002 0.6544 4.79172
2509 0.0002 0.6546 4.79036
2510 0.0002 0.6548 4.78901
2511 0.0002 0.655 4.78765
2512 0.0002 0.6552 4.78629
2513 0.0002 0.6554 4.78496
2514 0.0002 0.6556 4.7836
2515 0.0002 0.6558 4.78225
2516 0.0002 0.656 4.7809
2517 0.0002 0.6562 4.77957
2518 0.0002 0.6564 4.77822
2519 0.0002 0.6566 4.77689
2520 0.0002 0.6568 4.77552
2521 0.0002 0.657 4.77418
2522 0.0002 0.6572 4.77283
2523 0.0002 0.6574 4.77149
2524 0.0002 0.6576 4.77015
2525 0.0002 0.6578 4.76882
2526 0.0002 0.658 4.7675
2527 0.0002 0.6582 4.76616
2528 0.0002 0.6584 4.76482
2529 0.0002 0.6586 4.76347
2530 0.0002 0.6588 4.76214
2531 0.0002 0.659 4.76079
2532 0.0002 0.6592 4.75945
2533 0.0002 0.6594 4.7581
2534 0.0002 0.6596 4.75676
2535 0.0002 0.6598 4.75541
2536 0.0002 0.66 4.75407
2537 0.000204082 0.660204 4.75269
2538 0.000204082 0.660408 4.75131
2539 0.000204082 0.660612 4.74995
2540 0.000204082 0.660816 4.74862
2541 0.000204082 0.66102 4.74725
2542 0.000204082 0.661224 4.74585
2543 0.000204082 0.661429 4.74449
2544 0.000204082 0.661633 4.74312
2545 0.000204082 0.661837 4.74177
2546 0.000204082 0.662041 4.74041
2547 0.000204082 0.662245 4.73905
2548 0.000204082 0.662449 4.73769
2549 0.000204082 0.662653 4.73636
2550 0.000204082 0.662857 4.735
2551 0.000204082 0.663061 4.73363
2552 0.000204082 0.663265 4.73227
2553 0.000204082 0.663469 4.7309
2554 0.000204082 0.663673 4.72954
2555 0.000204082 0.663878 4.72818
2556 0.000204082 0.664082 4.72682
2557 0.000204082 0.664286 4.72547
2558 0.000204082 0.66449 4.72415
2559 0.000204082 0.664694 4.72281
2560 0.000204082 0.664898 4.72146
2561 0.000204082 0.665102 4.72009
2562 0.000204082 0.665306 4.71874
2563 0.000204082 0.66551 4.7174
2564 0.000204082 0.665714 4.71606
2565 0.000204082 0.665918 4.71469
2566 0.000204082 0.666122 4.71334
2567 0.000204082 0.666327 4.71198
2568 0.000204082 0.666531 4.71062
2569 0.000204082 0.666735 4.70926
2570 0.000204082 0.666939 4.70787
2571 0.000204082 0.667143 4.70651
2572 0.000204082 0.667347 4.70515
2573 0.000204082 0.667551 4.7038
2574 0.000204082 0.667755 4.70242
2575 0.000204082 0.667959 4.70103
2576 0.000204082 0.668163 4.69961
2577 0.000204082 0.668367 4.69827
2578 0.000204082 0.668571 4.69722
2579 0.000204082 0.668776 4.69447
2580 0.000204082 0.66898 4.68975
2581 0.000170068 0.66915 4.68446
2582 0.000170068 0.66932 4.67746
2583 0.000170068 0.66949 4.66939
2584 0.000170068 0.66966 4.65974
2585 0.000170068 0.66983 4.64881
2586 0.000170068 0.67 4.63695
2587 0.000196078 0.670196 4.62225
2588 0.000196078 0.670392 4.60617
2589 0.000196078 0.670588 4.58917
2590 0.000196078 0.670784 4.57147
2591 0.000196078 0.67098 4.55316
2592 0.000191907 0.671172 4.53493
2593 0.000191907 0.671364 4.51636
2594 0.000191907 0.671556 4.49798
2595 0.000191907 0.671748 4.47944
2596 0.000187545 0.671936 4.4619
2597 0.000187545 0.672123 4.44471
2598 0.000183184 0.672306 4.42892
2599 0.000178923 0.672485 4.41385
2600 0.000178923 0.672664 4.40021
2601 0.000178923 0.672843 4.38735
2602 0.000170403 0.673013 4.37703
2603 0.000166346 0.67318 4.36786
2604 0.000162385 0.673342 4.3605
2605 0.000154833 0.673497 4.35281
2606 0.000154833 0.673652 4.34811
2607 0.000158703 0.673811 4.34532
2608 0.000158703 0.673969 4.34403
2609 0.000158703 0.674128 4.34298
2610 0.000163112 0.674291 4.34188
2611 0.000163112 0.674454 4.34078
2612 0.000163112 0.674617 4.33968
2613 0.000168209 0.674786 4.33856
2614 0.000168209 0.674954 4.33744
2615 0.000174009 0.675128 4.3363
2616 0.000174009 0.675302 4.33513
2617 0.000180702 0.675482 4.33393
2618 0.000180702 0.675663 4.33274
2619 0.000188559 0.675852 4.33149
2620 0.000188559 0.67604 4.33023
2621 0.000197987 0.676238 4.32893
2622 0.000197987 0.676436 4.32763
2623 0.000197987 0.676634 4.32631
2624 0.000210361 0.676845 4.32492
2625 0.000210361 0.677055 4.32353
2626 0.000210361 0.677265 4.32216
2627 0.000210361 0.677476 4.32079
2628 0.000210361 0.677686 4.31941
2629 0.000231397 0.677917 4.3179
2630 0.000231397 0.678149 4.31637
2631 0.000231397 0.67838 4.31486
2632 0.000231397 0.678612 4.31333
2633 0.000231397 0.678843 4.31182
2634 0.000231397 0.679074 4.3103
2635 0.000231397 0.679306 4.30879
2636 0.000231397 0.679537 4.30729
2637 0.000231397 0.679769 4.30579
2638 0.000231397 0.68 4.3043
2639 0.00025641 0.680256 4.30262
2640 0.00025641 0.680513 4.30094
2641 0.00025641 0.680769 4.29928
2642 0.00025641 0.681026 4.29762
2643 0.00025641 0.681282 4.29596
2644 0.00025641 0.681538 4.29431
2645 0.00025641 0.681795 4.29266
2646 0.000264682 0.68206 4.29095
2647 0.000264682 0.682324 4.28924
2648 0.000264682 0.682589 4.28755
2649 0.000264682 0.682854 4.28586
2650 0.000264682 0.683118 4.28417
2651 0.000264682 0.683383 4.28248
2652 0.000264682 0.683648 4.28079
2653 0.000264682 0.683912 4.27909
2654 0.000264682 0.684177 4.2774
2655 0.000264682 0.684442 4.27569
2656 0.000264682 0.684706 4.274
2657 0.000264682 0.684971 4.27231
2658 0.000264682 0.685236 4.27062
2659 0.000264682 0.6855 4.26893
2660 0.000264682 0.685765 4.26723
2661 0.000264682 0.68603 4.26554
2662 0.000264682 0.686294 4.26384
2663 0.000264682 0.686559 4.26216
2664 0.000264682 0.686824 4.26047
2665 0.000264682 0.687089 4.25878
2666 0.000264682 0.687353 4.2571
2667 0.000264682 0.687618 4.25541
2668 0.000264682 0.687883 4.25371
2669 0.000264682 0.688147 4.25202
2670 0.000264682 0.688412 4.25033
2671 0.000264682 0.688677 4.24866
2672 0.000264682 0.688941 4.24698
2673 0.000264682 0.689206 4.24529
2674 0.000264682 0.689471 4.24361
2675 0.000264682 0.689735 4.24195
2676 0.000264682 0.69 4.24027
Level 10, Oh 1.0e-02, Oha 2.0e-04, Bo 0.001, zWall 4, Ldomain 10

# Quadtree, 2676 steps, 1037.66 CPU, 1038 real, 8.3e+04 points.step/s, 41 var
=========================================
Simulation completed successfully
Output location: simulationCases/2810
=========================================
	Command being timed: "./runSimulation.sh ../report/params/grid_l10.params"
	User time (seconds): 1132.63
	System time (seconds): 5.61
	Percent of CPU this job got: 99%
	Elapsed (wall clock) time (h:mm:ss or m:ss): 18:59.61
	Average shared text size (kbytes): 0
	Average unshared data size (kbytes): 0
	Average stack size (kbytes): 0
	Average total size (kbytes): 0
	Maximum resident set size (kbytes): 547508
	Average resident set size (kbytes): 0
	Major (requiring I/O) page faults: 0
	Minor (reclaiming a frame) page faults: 542195
	Voluntary context switches: 4079
	Involuntary context switches: 6923
	Swaps: 0
	File system inputs: 0
	File system outputs: 946248
	Socket messages sent: 0
	Socket messages received: 0
	Signals delivered: 0
	Page size (bytes): 4096
	Exit status: 0
