report/tools/extract_case_metrics.sh: line 31: 230761 Aborted                    "$get_base" "$snapshot" 2>&1 > /dev/null
     230762 Done                       | awk -v c="$case_no" 'BEGIN{OFS="\t"}{print c,$0}' >> "$base_out"
Command exited with non-zero status 134
	Command being timed: "bash report/tools/extract_case_metrics.sh 2809 report/tables/case2809"
	User time (seconds): 0.00
	System time (seconds): 0.04
	Percent of CPU this job got: 128%
	Elapsed (wall clock) time (h:mm:ss or m:ss): 0:00.03
	Average shared text size (kbytes): 0
	Average unshared data size (kbytes): 0
	Average stack size (kbytes): 0
	Average total size (kbytes): 0
	Maximum resident set size (kbytes): 8668
	Average resident set size (kbytes): 0
	Major (requiring I/O) page faults: 1
	Minor (reclaiming a frame) page faults: 3801
	Voluntary context switches: 27
	Involuntary context switches: 0
	Swaps: 0
	File system inputs: 0
	File system outputs: 32
	Socket messages sent: 0
	Socket messages received: 0
	Signals delivered: 0
	Page size (bytes): 4096
	Exit status: 134
