Creating case directory: simulationCases/2809

=========================================
Bursting Bubble Simulation (Newtonian)
=========================================
Case Number: 2809
Case Directory: simulationCases/2809
Parameter File: ../report/params/smoke_l8_b.params

Physical Parameters:
  Oh=1e-2, Bond=1e-3
  MAXlevel=8, tmax=0.7, zWall=4.0

Stage: Both (Stage 1 + Stage 2)
Parallelization: Serial

Copied source file to case directory

=========================================
Stage 1: Generate Initial Condition
=========================================
Compiling for serial execution...
Compilation successful: burstingBubble

Running briefly to generate restart file...
  Running single-threaded
  Command: ./burstingBubble case.params tmax=0.10

========================================
Bursting Bubble Simulation Configuration
========================================
Case Number:              2809
Physical Parameters:
  Ohnesorge (liquid):     0.01
  Ohnesorge (gas):        0.0002  (OhRatio=0.02)
  Bond number:            0.001
Geometry:
  zWall:                  4
Adaptive Space:
  Levels (min/max):       4 / 8
  Initial grid level:     5 (2^5 = 32 cells)
  Error tol (f/Vel/K):    0.001 / 0.001 / 1e-06
Adaptive Time:
  CFL:                    0.1
  dtmax (ceiling):        0.01
  Solver TOLERANCE:       0.0001
  ke stop gates (min/max): 1e-06 / 100
Time Control:
  tmax:                   0.1
  tsnap:                  0.01
Drill Trigger (drill solver only):
  drillAMR:               ON
  maxlevel start/floor:   8
  cells/feature (K/jet):  5 / 5
  relax level (post-pinch): disabled
  staged tsnap:           ON (floor factor 0.1)
  focus (pre-incept) cap: disabled
  gas-wisp removal:       OFF
========================================

Level 8, Oh 1.0e-02, Oha 2.0e-04, Bo 0.001, zWall 4, Ldomain 10
i dt t ke
0 1.2522e-05 0 0
1 1.2522e-05 1.2522e-05 1.17447e-07
2 0.000285357 0.000297878 6.41056e-05
3 0.000539007 0.000836885 0.000490208
4 0.000763593 0.00160048 0.00170697
5 0.00093328 0.00253376 0.00396317
6 0.00106661 0.00360036 0.00722731
7 0.00127993 0.00488029 0.01078
8 0.00127993 0.00616022 0.0133114
9 0.00127993 0.00744015 0.0200949
10 0.00127993 0.00872007 0.0301856
11 0.00127993 0.01 0.0433187
12 0.002 0.012 0.0704982
13 0.002 0.014 0.0878127
14 0.002 0.016 0.10561
15 0.002 0.018 0.124649
16 0.002 0.02 0.146207
17 0.002 0.022 0.162967
18 0.002 0.024 0.183792
19 0.002 0.026 0.226968
20 0.001 0.027 0.199862
21 0.001 0.028 0.211389
22 0.001 0.029 0.224418
23 0.001 0.03 0.23978
24 0.00166667 0.0316667 0.269139
25 0.00166667 0.0333333 0.292062
26 0.00166667 0.035 0.315091
27 0.00166667 0.0366667 0.321304
28 0.00166667 0.0383333 0.336347
29 0.00166667 0.04 0.355122
30 0.00166667 0.0416667 0.376972
31 0.00166667 0.0433333 0.400931
32 0.00166667 0.045 0.422554
33 0.00166667 0.0466667 0.443112
34 0.00166667 0.0483333 0.4495
35 0.00166667 0.05 0.464287
36 0.002 0.052 0.493439
37 0.002 0.054 0.525248
38 0.002 0.056 0.556314
39 0.002 0.058 0.583865
40 0.002 0.06 0.604016
41 0.002 0.062 0.622128
42 0.002 0.064 0.646578
43 0.002 0.066 0.673924
44 0.002 0.068 0.703638
45 0.002 0.07 0.727246
46 0.002 0.072 0.753599
47 0.002 0.074 0.779521
48 0.002 0.076 0.804129
49 0.002 0.078 0.826805
50 0.002 0.08 0.84453
51 0.002 0.082 0.858921
52 0.002 0.084 0.881527
53 0.002 0.086 0.906124
54 0.002 0.088 0.931435
55 0.002 0.09 0.952459
56 0.002 0.092 0.973763
57 0.002 0.094 0.995331
58 0.002 0.096 1.01852
59 0.002 0.098 1.04096
60 0.002 0.1 1.06054
Level 8, Oh 1.0e-02, Oha 2.0e-04, Bo 0.001, zWall 4, Ldomain 10

# Quadtree, 60 steps, 2.1333 CPU, 2.134 real, 1.39e+05 points.step/s, 41 var

=========================================
Stage 1 complete: restart file created
Restart file location: simulationCases/2809/restart
=========================================

=========================================
Stage 2: Full Simulation
=========================================
Compiling for serial execution...
Compilation successful: burstingBubble

Starting full simulation...
  Command: ./burstingBubble case.params  (Oh=1e-2 Bond=1e-3 MAXlevel=8 tmax=0.7 zWall=4.0)
=========================================

========================================
Bursting Bubble Simulation Configuration
========================================
Case Number:              2809
Physical Parameters:
  Ohnesorge (liquid):     0.01
  Ohnesorge (gas):        0.0002  (OhRatio=0.02)
  Bond number:            0.001
Geometry:
  zWall:                  4
Adaptive Space:
  Levels (min/max):       4 / 8
  Initial grid level:     5 (2^5 = 32 cells)
  Error tol (f/Vel/K):    0.001 / 0.001 / 1e-06
Adaptive Time:
  CFL:                    0.1
  dtmax (ceiling):        0.01
  Solver TOLERANCE:       0.0001
  ke stop gates (min/max): 1e-06 / 100
Time Control:
  tmax:                   0.7
  tsnap:                  0.01
Drill Trigger (drill solver only):
  drillAMR:               ON
  maxlevel start/floor:   8
  cells/feature (K/jet):  5 / 5
  relax level (post-pinch): disabled
  staged tsnap:           ON (floor factor 0.1)
  focus (pre-incept) cap: disabled
  gas-wisp removal:       OFF
========================================

61 0.000277778 0.100278 1.06054
62 0.000441919 0.10072 1.06434
63 0.000580019 0.1013 1.07096
64 0.000725024 0.102025 1.07979
65 0.000797526 0.102822 1.08955
66 0.000897217 0.103719 1.10066
67 0.00104675 0.104766 1.11367
68 0.00104675 0.105813 1.1263
69 0.00104675 0.10686 1.13944
70 0.00104675 0.107906 1.15249
71 0.00104675 0.108953 1.16066
72 0.00104675 0.11 1.1716
73 0.00142857 0.111429 1.18817
74 0.00142857 0.112857 1.20475
75 0.00142857 0.114286 1.2196
76 0.00142857 0.115714 1.23556
77 0.00142857 0.117143 1.24895
78 0.00142857 0.118571 1.26469
79 0.00142857 0.12 1.28247
80 0.00166667 0.121667 1.30238
81 0.00166667 0.123333 1.32214
82 0.00166667 0.125 1.34101
83 0.00166667 0.126667 1.36084
84 0.00166667 0.128333 1.37854
85 0.00166667 0.13 1.39672
86 0.00166667 0.131667 1.41725
87 0.00166667 0.133333 1.43823
88 0.00166667 0.135 1.45804
89 0.00166667 0.136667 1.47696
90 0.00166667 0.138333 1.49866
91 0.00166667 0.14 1.5209
92 0.00166667 0.141667 1.54267
93 0.00166667 0.143333 1.56286
94 0.00166667 0.145 1.58436
95 0.00166667 0.146667 1.60402
96 0.00166667 0.148333 1.62377
97 0.00166667 0.15 1.64444
98 0.002 0.152 1.6666
99 0.002 0.154 1.6915
100 0.002 0.156 1.71753
101 0.002 0.158 1.74436
102 0.002 0.16 1.77075
103 0.002 0.162 1.79998
104 0.002 0.164 1.82676
105 0.002 0.166 1.85575
106 0.002 0.168 1.88747
107 0.002 0.17 1.91758
108 0.002 0.172 1.94644
109 0.002 0.174 1.97424
110 0.002 0.176 2.00436
111 0.002 0.178 2.03314
112 0.002 0.18 2.06153
113 0.002 0.182 2.0909
114 0.002 0.184 2.11599
115 0.002 0.186 2.14416
116 0.002 0.188 2.17172
117 0.002 0.19 2.19995
118 0.002 0.192 2.22972
119 0.002 0.194 2.25797
120 0.002 0.196 2.28422
121 0.002 0.198 2.31091
122 0.002 0.2 2.33802
123 0.002 0.202 2.36567
124 0.002 0.204 2.38918
125 0.002 0.206 2.41686
126 0.002 0.208 2.44418
127 0.002 0.21 2.47357
128 0.002 0.212 2.5023
129 0.002 0.214 2.52899
130 0.002 0.216 2.55859
131 0.002 0.218 2.58872
132 0.002 0.22 2.61849
133 0.002 0.222 2.64745
134 0.002 0.224 2.67708
135 0.002 0.226 2.70725
136 0.002 0.228 2.73664
137 0.002 0.23 2.76566
138 0.002 0.232 2.79444
139 0.002 0.234 2.82448
140 0.002 0.236 2.85386
141 0.002 0.238 2.88341
142 0.002 0.24 2.91221
143 0.002 0.242 2.94175
144 0.002 0.244 2.97023
145 0.002 0.246 2.99879
146 0.002 0.248 3.02785
147 0.002 0.25 3.05695
148 0.002 0.252 3.08598
149 0.002 0.254 3.11564
150 0.002 0.256 3.14565
151 0.002 0.258 3.17503
152 0.002 0.26 3.20443
153 0.002 0.262 3.2341
154 0.002 0.264 3.26456
155 0.002 0.266 3.29447
156 0.002 0.268 3.32436
157 0.002 0.27 3.35333
158 0.002 0.272 3.38138
159 0.002 0.274 3.41019
160 0.002 0.276 3.43962
161 0.002 0.278 3.46911
162 0.002 0.28 3.49818
163 0.002 0.282 3.52837
164 0.002 0.284 3.55771
165 0.002 0.286 3.58768
166 0.002 0.288 3.61779
167 0.002 0.29 3.64738
168 0.002 0.292 3.67608
169 0.002 0.294 3.70484
170 0.002 0.296 3.73343
171 0.002 0.298 3.76326
172 0.001 0.299 3.77858
173 0.001 0.3 3.79382
174 0.00166667 0.301667 3.81738
175 0.00166667 0.303333 3.84242
176 0.00166667 0.305 3.86773
177 0.00166667 0.306667 3.89213
178 0.00166667 0.308333 3.91685
179 0.00166667 0.31 3.94182
180 0.00166667 0.311667 3.9653
181 0.00166667 0.313333 3.99005
182 0.00166667 0.315 4.01402
183 0.00166667 0.316667 4.03854
184 0.00166667 0.318333 4.06378
185 0.00166667 0.32 4.08835
186 0.00166667 0.321667 4.11206
187 0.00166667 0.323333 4.13607
188 0.00166667 0.325 4.16058
189 0.00166667 0.326667 4.18386
190 0.00166667 0.328333 4.20848
191 0.00166667 0.33 4.23224
192 0.00166667 0.331667 4.25611
193 0.00166667 0.333333 4.28019
194 0.00166667 0.335 4.30301
195 0.00166667 0.336667 4.32688
196 0.00166667 0.338333 4.35045
197 0.00166667 0.34 4.37305
198 0.00166667 0.341667 4.39722
199 0.00166667 0.343333 4.42052
200 0.00166667 0.345 4.44474
201 0.00166667 0.346667 4.46888
202 0.00166667 0.348333 4.49133
203 0.00166667 0.35 4.51383
204 0.00166667 0.351667 4.53555
205 0.00166667 0.353333 4.55807
206 0.00166667 0.355 4.58118
207 0.00166667 0.356667 4.60355
208 0.00166667 0.358333 4.62701
209 0.00166667 0.36 4.64875
210 0.00142857 0.361429 4.66664
211 0.00142857 0.362857 4.68531
212 0.00142857 0.364286 4.70401
213 0.00142857 0.365714 4.72279
214 0.00142857 0.367143 4.74097
215 0.00142857 0.368571 4.75874
216 0.00142857 0.37 4.77759
217 0.00142857 0.371429 4.79478
218 0.00142857 0.372857 4.81309
219 0.00142857 0.374286 4.8317
220 0.00142857 0.375714 4.8493
221 0.00142857 0.377143 4.86575
222 0.00142857 0.378571 4.88435
223 0.00142857 0.38 4.90158
224 0.00142857 0.381429 4.91979
225 0.00142857 0.382857 4.93706
226 0.00142857 0.384286 4.95519
227 0.00142857 0.385714 4.97233
228 0.00142857 0.387143 4.98493
229 0.00142857 0.388571 5.00033
230 0.000714286 0.389286 5.00838
231 0.000714286 0.39 5.01485
232 0.00125 0.39125 5.02973
233 0.00125 0.3925 5.04512
234 0.00125 0.39375 5.06001
235 0.00125 0.395 5.07443
236 0.00125 0.39625 5.08628
237 0.00125 0.3975 5.09804
238 0.00125 0.39875 5.11082
239 0.00125 0.4 5.12515
240 0.00125 0.40125 5.14031
241 0.00125 0.4025 5.15489
242 0.00125 0.40375 5.1685
243 0.00125 0.405 5.17722
244 0.001 0.406 5.18556
245 0.001 0.407 5.19402
246 0.001 0.408 5.20337
247 0.001 0.409 5.21315
248 0.001 0.41 5.22188
249 0.00111111 0.411111 5.23127
250 0.00111111 0.412222 5.23941
251 0.00111111 0.413333 5.24432
252 0.00111111 0.414444 5.25033
253 0.00111111 0.415556 5.25902
254 0.000888889 0.416444 5.26637
255 0.000888889 0.417333 5.27409
256 0.000888889 0.418222 5.28139
257 0.000888889 0.419111 5.28785
258 0.000888889 0.42 5.2902
259 0.001 0.421 5.29349
260 0.001 0.422 5.29998
261 0.000888889 0.422889 5.30642
262 0.000888889 0.423778 5.31388
263 0.000888889 0.424667 5.32082
264 0.000888889 0.425556 5.32762
265 0.000888889 0.426444 5.33359
266 0.000888889 0.427333 5.33206
267 0.000888889 0.428222 5.33196
268 0.000592593 0.428815 5.33254
269 0.000592593 0.429407 5.33565
270 0.000592593 0.43 5.34077
271 0.000833333 0.430833 5.34814
272 0.000763889 0.431597 5.35483
273 0.000763889 0.432361 5.36009
274 0.000763889 0.433125 5.36421
275 0.000763889 0.433889 5.36388
276 0.000763889 0.434653 5.36272
277 0.000668403 0.435321 5.36156
278 0.000668403 0.43599 5.36355
279 0.000668403 0.436658 5.36827
280 0.000668403 0.437326 5.37125
281 0.000668403 0.437995 5.37441
282 0.000668403 0.438663 5.37297
283 0.000445602 0.439109 5.37176
284 0.000445602 0.439554 5.37154
285 0.000445602 0.44 5.37061
286 0.000588235 0.440588 5.36558
287 0.000588235 0.441176 5.36363
288 0.000588235 0.441765 5.36127
289 0.00054902 0.442314 5.36217
290 0.00054902 0.442863 5.36483
291 0.00054902 0.443412 5.3634
292 0.000506787 0.443919 5.36264
293 0.000506787 0.444425 5.36175
294 0.000506787 0.444932 5.36125
295 0.000460716 0.445393 5.35998
296 0.000460716 0.445854 5.36035
297 0.000460716 0.446314 5.35525
298 0.000409525 0.446724 5.34958
299 0.000409525 0.447133 5.34639
300 0.000409525 0.447543 5.34253
301 0.000409525 0.447952 5.34028
302 0.000409525 0.448362 5.34037
303 0.00032762 0.44869 5.34066
304 0.00032762 0.449017 5.34105
305 0.00032762 0.449345 5.34107
306 0.00032762 0.449672 5.34049
307 0.00032762 0.45 5.33913
308 0.000357143 0.450357 5.33742
309 0.000344388 0.450702 5.33519
310 0.000332088 0.451034 5.33249
311 0.000320228 0.451354 5.33038
312 0.000320228 0.451674 5.31937
313 0.000308368 0.451982 5.31402
314 0.000308368 0.452291 5.30648
315 0.000296507 0.452587 5.30125
316 0.000285103 0.452872 5.29707
317 0.000274138 0.453147 5.29336
318 0.000263594 0.45341 5.28996
319 0.000263594 0.453674 5.28708
320 0.00025305 0.453927 5.28324
321 0.000242928 0.45417 5.27954
322 0.000233211 0.454403 5.27522
323 0.000233211 0.454636 5.27017
324 0.000223494 0.45486 5.26496
325 0.000214182 0.455074 5.25923
326 0.000214182 0.455288 5.25324
327 0.000204869 0.455493 5.24685
328 0.000204869 0.455698 5.23995
329 0.000204869 0.455903 5.23263
330 0.000195114 0.456098 5.22477
331 0.000195114 0.456293 5.21145
332 0.000195114 0.456488 5.1982
333 0.000195114 0.456683 5.18443
334 0.000195114 0.456878 5.17449
335 0.000183636 0.457062 5.16714
336 0.000183636 0.457245 5.16105
337 0.000172159 0.457418 5.15567
338 0.000161399 0.457579 5.15078
339 0.000161399 0.45774 5.14569
340 0.000150639 0.457891 5.1404
341 0.000150639 0.458042 5.13372
342 0.000150639 0.458192 5.12868
343 0.000139052 0.458331 5.12483
344 0.000139052 0.45847 5.12072
345 0.000139052 0.458609 5.11365
346 0.000139052 0.458749 5.10748
347 0.000139052 0.458888 5.10183
348 0.000123601 0.459011 5.09647
349 0.000123601 0.459135 5.09026
350 0.000123601 0.459258 5.08313
351 0.000123601 0.459382 5.07603
352 0.000123601 0.459506 5.06901
353 0.000123601 0.459629 5.06146
354 0.000123601 0.459753 5.05332
355 0.000123601 0.459876 5.04518
356 0.000123601 0.46 5.03739
357 0.00012987 0.46013 5.02907
358 0.00012987 0.46026 5.02114
359 0.00012987 0.46039 5.00873
360 0.00012987 0.460519 4.99139
361 0.00012987 0.460649 4.97842
362 0.00012987 0.460779 4.96902
363 0.000131725 0.460911 4.96044
364 0.000131725 0.461043 4.94935
365 0.000131725 0.461174 4.93821
366 0.000131725 0.461306 4.92834
367 0.000133752 0.46144 4.91888
368 0.000133752 0.461574 4.90993
369 0.000133752 0.461707 4.9007
370 0.000135945 0.461843 4.89161
371 0.000135945 0.461979 4.8823
372 0.000135945 0.462115 4.87221
373 0.00013833 0.462254 4.86124
374 0.00013833 0.462392 4.84819
375 0.000140891 0.462533 4.83636
376 0.000140891 0.462674 4.82641
377 0.000143654 0.462817 4.81595
378 0.000143654 0.462961 4.80662
379 0.000146647 0.463108 4.79728
380 0.000146647 0.463254 4.78871
381 0.000149905 0.463404 4.78035
382 0.000149905 0.463554 4.77289
383 0.000153475 0.463708 4.76542
384 0.000153475 0.463861 4.75814
385 0.00015741 0.464018 4.74964
386 0.00015741 0.464176 4.73882
387 0.000161782 0.464338 4.72933
388 0.000161782 0.464499 4.72202
389 0.000166685 0.464666 4.7152
390 0.000166685 0.464833 4.70764
391 0.000166685 0.464999 4.70065
392 0.000172433 0.465172 4.69403
393 0.000172433 0.465344 4.68645
394 0.000172433 0.465517 4.68002
395 0.00017933 0.465696 4.67329
396 0.00017933 0.465875 4.66479
397 0.00017933 0.466055 4.65767
398 0.00017933 0.466234 4.65273
399 0.000188296 0.466422 4.6455
400 0.000188296 0.466611 4.6414
401 0.000188296 0.466799 4.63472
402 0.000188296 0.466987 4.63004
403 0.000188296 0.467176 4.62567
404 0.000188296 0.467364 4.62197
405 0.000202781 0.467567 4.61794
406 0.000202781 0.467769 4.61249
407 0.000202781 0.467972 4.60779
408 0.000202781 0.468175 4.60147
409 0.000202781 0.468378 4.59672
410 0.000202781 0.468581 4.59304
411 0.000202781 0.468783 4.58786
412 0.000202781 0.468986 4.58414
413 0.000202781 0.469189 4.57928
414 0.000202781 0.469392 4.5749
415 0.000202781 0.469594 4.57103
416 0.000202781 0.469797 4.56773
417 0.000202781 0.47 4.56472
418 0.000238095 0.470238 4.56109
419 0.000238095 0.470476 4.55638
420 0.0002442 0.47072 4.55281
421 0.0002442 0.470965 4.54581
422 0.0002442 0.471209 4.54217
423 0.000251177 0.47146 4.53834
424 0.000251177 0.471711 4.53676
425 0.000259027 0.47197 4.53604
426 0.000259027 0.472229 4.53533
427 0.000259027 0.472488 4.53373
428 0.000268278 0.472757 4.53171
429 0.000268278 0.473025 4.52893
430 0.000268278 0.473293 4.52802
431 0.000279456 0.473573 4.52845
432 0.000279456 0.473852 4.52497
433 0.000279456 0.474131 4.51782
434 0.000279456 0.474411 4.51271
435 0.000279456 0.47469 4.50686
436 0.000294981 0.474985 4.50232
437 0.000294981 0.47528 4.49777
438 0.000294981 0.475575 4.49451
439 0.000294981 0.47587 4.49184
440 0.000294981 0.476165 4.48919
441 0.000294981 0.47646 4.48647
442 0.000294981 0.476755 4.48294
443 0.000294981 0.47705 4.47862
444 0.000294981 0.477345 4.47531
445 0.000294981 0.47764 4.47069
446 0.000294981 0.477935 4.46754
447 0.000294981 0.47823 4.46412
448 0.000294981 0.478525 4.4608
449 0.000294981 0.47882 4.45787
450 0.000294981 0.479115 4.45374
451 0.000294981 0.47941 4.44966
452 0.000294981 0.479705 4.44672
453 0.000294981 0.48 4.44348
454 0.000357143 0.480357 4.43975
455 0.000357143 0.480714 4.43561
456 0.000371429 0.481086 4.43172
457 0.000371429 0.481457 4.4283
458 0.000371429 0.481829 4.42484
459 0.000371429 0.4822 4.42141
460 0.000371429 0.482571 4.41817
461 0.000390977 0.482962 4.41362
462 0.000390977 0.483353 4.40819
463 0.000390977 0.483744 4.40446
464 0.000390977 0.484135 4.40114
465 0.000390977 0.484526 4.39678
466 0.000390977 0.484917 4.39248
467 0.000390977 0.485308 4.38909
468 0.000390977 0.485699 4.38614
469 0.000390977 0.48609 4.3834
470 0.000390977 0.486481 4.38008
471 0.000390977 0.486872 4.37563
472 0.000390977 0.487263 4.37152
473 0.000390977 0.487654 4.3682
474 0.000390977 0.488045 4.36471
475 0.000390977 0.488436 4.36187
476 0.000390977 0.488827 4.35905
477 0.000390977 0.489218 4.35632
478 0.000390977 0.489609 4.35325
479 0.000390977 0.49 4.34889
480 0.000454545 0.490455 4.34559
481 0.000477273 0.490932 4.34239
482 0.000477273 0.491409 4.33851
483 0.000477273 0.491886 4.33485
484 0.000477273 0.492364 4.33202
485 0.000477273 0.492841 4.32894
486 0.000477273 0.493318 4.32572
487 0.000477273 0.493795 4.32333
488 0.000477273 0.494273 4.32062
489 0.000477273 0.49475 4.31797
490 0.000477273 0.495227 4.31523
491 0.000477273 0.495705 4.31227
492 0.000477273 0.496182 4.3093
493 0.000477273 0.496659 4.30622
494 0.000477273 0.497136 4.30365
495 0.000477273 0.497614 4.30053
496 0.000477273 0.498091 4.297
497 0.000477273 0.498568 4.29513
498 0.000477273 0.499045 4.29233
499 0.000477273 0.499523 4.28963
500 0.000477273 0.5 4.28698
501 0.000555556 0.500556 4.28312
502 0.000555556 0.501111 4.27928
503 0.000555556 0.501667 4.27665
504 0.000555556 0.502222 4.27341
505 0.000555556 0.502778 4.2709
506 0.000601852 0.50338 4.26863
507 0.000601852 0.503981 4.26559
508 0.000601852 0.504583 4.26303
509 0.000601852 0.505185 4.26015
510 0.000601852 0.505787 4.25728
511 0.000601852 0.506389 4.25417
512 0.000601852 0.506991 4.25182
513 0.000601852 0.507593 4.24856
514 0.000601852 0.508194 4.24548
515 0.000601852 0.508796 4.24301
516 0.000601852 0.509398 4.24064
517 0.000601852 0.51 4.2389
518 0.000666667 0.510667 4.23484
519 0.000666667 0.511333 4.23322
520 0.000666667 0.512 4.23104
521 0.000666667 0.512667 4.22987
522 0.000666667 0.513333 4.2293
523 0.000666667 0.514 4.22504
524 0.000666667 0.514667 4.22181
525 0.000666667 0.515333 4.22162
526 0.000666667 0.516 4.22129
527 0.000666667 0.516667 4.22139
528 0.000666667 0.517333 4.21806
529 0.000666667 0.518 4.2142
530 0.000666667 0.518667 4.20971
531 0.000666667 0.519333 4.20617
532 0.000666667 0.52 4.20011
533 0.000714286 0.520714 4.19677
534 0.000714286 0.521429 4.19287
535 0.000714286 0.522143 4.18896
536 0.000714286 0.522857 4.18525
537 0.000714286 0.523571 4.18164
538 0.000714286 0.524286 4.17779
539 0.000714286 0.525 4.17329
540 0.000714286 0.525714 4.1698
541 0.000714286 0.526429 4.16602
542 0.000714286 0.527143 4.16232
543 0.000714286 0.527857 4.15783
544 0.000714286 0.528571 4.15356
545 0.000714286 0.529286 4.14938
546 0.000714286 0.53 4.14463
547 0.000833333 0.530833 4.13868
548 0.000833333 0.531667 4.13378
549 0.000833333 0.5325 4.1286
550 0.000833333 0.533333 4.12365
551 0.000833333 0.534167 4.11722
552 0.000833333 0.535 4.11163
553 0.000833333 0.535833 4.1065
554 0.000833333 0.536667 4.10146
555 0.000833333 0.5375 4.09579
556 0.000833333 0.538333 4.09022
557 0.000833333 0.539167 4.08569
558 0.000833333 0.54 4.08137
559 0.000909091 0.540909 4.07568
560 0.000909091 0.541818 4.07017
561 0.000909091 0.542727 4.06546
562 0.000909091 0.543636 4.06083
563 0.000909091 0.544545 4.05506
564 0.000909091 0.545455 4.05025
565 0.000909091 0.546364 4.04618
566 0.000909091 0.547273 4.04179
567 0.000909091 0.548182 4.03716
568 0.000909091 0.549091 4.03248
569 0.000909091 0.55 4.02765
570 0.001 0.551 4.02191
571 0.001 0.552 4.01584
572 0.001 0.553 4.01006
573 0.001 0.554 4.00449
574 0.001 0.555 3.99876
575 0.001 0.556 3.99292
576 0.001 0.557 3.98734
577 0.001 0.558 3.98146
578 0.001 0.559 3.97578
579 0.001 0.56 3.9698
580 0.001 0.561 3.96421
581 0.001 0.562 3.95863
582 0.001 0.563 3.95308
583 0.001 0.564 3.94775
584 0.001 0.565 3.94253
585 0.001 0.566 3.93764
586 0.001 0.567 3.93275
587 0.001 0.568 3.92799
588 0.001 0.569 3.92361
589 0.001 0.57 3.92011
590 0.00111111 0.571111 3.91552
591 0.00111111 0.572222 3.91045
592 0.00111111 0.573333 3.90603
593 0.00111111 0.574444 3.90117
594 0.00111111 0.575556 3.89668
595 0.00111111 0.576667 3.89187
596 0.00111111 0.577778 3.88896
597 0.00111111 0.578889 3.88478
598 0.00111111 0.58 3.87998
599 0.00111111 0.581111 3.87915
600 0.00111111 0.582222 3.8744
601 0.00111111 0.583333 3.86926
602 0.00111111 0.584444 3.86228
603 0.00111111 0.585556 3.85725
604 0.00111111 0.586667 3.85177
605 0.00111111 0.587778 3.84447
606 0.00111111 0.588889 3.83993
607 0.00111111 0.59 3.83582
608 0.00125 0.59125 3.82877
609 0.00125 0.5925 3.82252
610 0.00125 0.59375 3.81663
611 0.00125 0.595 3.81278
612 0.00125 0.59625 3.80627
613 0.00125 0.5975 3.80021
614 0.00125 0.59875 3.79272
615 0.00125 0.6 3.78345
616 0.00125 0.60125 3.77732
617 0.00125 0.6025 3.77031
618 0.00125 0.60375 3.76219
619 0.00125 0.605 3.75491
620 0.00125 0.60625 3.74849
621 0.00125 0.6075 3.74075
622 0.00125 0.60875 3.73337
623 0.00125 0.61 3.72654
624 0.00142857 0.611429 3.71751
625 0.00142857 0.612857 3.70929
626 0.00142857 0.614286 3.70223
627 0.00142857 0.615714 3.69437
628 0.00142857 0.617143 3.68703
629 0.00142857 0.618571 3.67975
630 0.00142857 0.62 3.67238
631 0.00142857 0.621429 3.66575
632 0.00142857 0.622857 3.65792
633 0.00142857 0.624286 3.65188
634 0.00142857 0.625714 3.64525
635 0.00142857 0.627143 3.63826
636 0.00142857 0.628571 3.63306
637 0.00142857 0.63 3.62698
638 0.00142857 0.631429 3.61946
639 0.00142857 0.632857 3.61287
640 0.00142857 0.634286 3.6064
641 0.00142857 0.635714 3.59826
642 0.00142857 0.637143 3.59288
643 0.00142857 0.638571 3.58687
644 0.00142857 0.64 3.57814
645 0.00166667 0.641667 3.57202
646 0.00138889 0.643056 3.56251
647 0.00138889 0.644444 3.55653
648 0.00138889 0.645833 3.55003
649 0.00138889 0.647222 3.54278
650 0.00138889 0.648611 3.53491
651 0.00138889 0.65 3.5268
652 0.00142857 0.651429 3.5189
653 0.00142857 0.652857 3.51086
654 0.00142857 0.654286 3.50215
655 0.00142857 0.655714 3.49511
656 0.00142857 0.657143 3.48629
657 0.00142857 0.658571 3.47907
658 0.00142857 0.66 3.47221
659 0.00142857 0.661429 3.46409
660 0.00142857 0.662857 3.4569
661 0.00142857 0.664286 3.4497
662 0.00142857 0.665714 3.44209
663 0.00142857 0.667143 3.43483
664 0.00142857 0.668571 3.42745
665 0.00142857 0.67 3.42019
666 0.00166667 0.671667 3.41152
667 0.00166667 0.673333 3.40389
668 0.00166667 0.675 3.39554
669 0.00166667 0.676667 3.38679
670 0.00166667 0.678333 3.37847
671 0.00166667 0.68 3.36977
672 0.00166667 0.681667 3.36158
673 0.00166667 0.683333 3.35319
674 0.00166667 0.685 3.34435
675 0.00166667 0.686667 3.33534
676 0.00166667 0.688333 3.32692
677 0.00166667 0.69 3.31845
Level 8, Oh 1.0e-02, Oha 2.0e-04, Bo 0.001, zWall 4, Ldomain 10

# Quadtree, 677 steps, 20.5924 CPU, 20.62 real, 2.15e+05 points.step/s, 41 var
=========================================
Simulation completed successfully
Output location: simulationCases/2809
=========================================
	Command being timed: "./runSimulation.sh ../report/params/smoke_l8_b.params"
	User time (seconds): 51.21
	System time (seconds): 4.47
	Percent of CPU this job got: 98%
	Elapsed (wall clock) time (h:mm:ss or m:ss): 0:56.70
	Average shared text size (kbytes): 0
	Average unshared data size (kbytes): 0
	Average stack size (kbytes): 0
	Average total size (kbytes): 0
	Maximum resident set size (kbytes): 547364
	Average resident set size (kbytes): 0
	Major (requiring I/O) page faults: 0
	Minor (reclaiming a frame) page faults: 525277
	Voluntary context switches: 3996
	Involuntary context switches: 335
	Swaps: 0
	File system inputs: 0
	File system outputs: 212904
	Socket messages sent: 0
	Socket messages received: 0
	Signals delivered: 0
	Page size (bytes): 4096
	Exit status: 0
