Creating case directory: simulationCases/2820

=========================================
Bursting Bubble Simulation (Newtonian)
=========================================
Case Number: 2820
Case Directory: simulationCases/2820
Parameter File: ../report/params/smoke_oh002.params

Physical Parameters:
  Oh=2e-2, Bond=1e-3
  MAXlevel=8, tmax=0.7, zWall=4.0

Stage: Both (Stage 1 + Stage 2)
Parallelization: Serial

Copied source file to case directory

=========================================
Stage 1: Generate Initial Condition
=========================================
Compiling for serial execution...
Compilation successful: burstingBubble

Running briefly to generate restart file...
  Running single-threaded
  Command: ./burstingBubble case.params tmax=0.10

========================================
Bursting Bubble Simulation Configuration
========================================
Case Number:              2820
Physical Parameters:
  Ohnesorge (liquid):     0.02
  Ohnesorge (gas):        0.0004  (OhRatio=0.02)
  Bond number:            0.001
Geometry:
  zWall:                  4
Adaptive Space:
  Levels (min/max):       4 / 8
  Initial grid level:     5 (2^5 = 32 cells)
  Error tol (f/Vel/K):    0.001 / 0.001 / 1e-06
Adaptive Time:
  CFL:                    0.1
  dtmax (ceiling):        0.01
  Solver TOLERANCE:       0.0001
  ke stop gates (min/max): 1e-06 / 100
Time Control:
  tmax:                   0.1
  tsnap:                  0.01
Drill Trigger (drill solver only):
  drillAMR:               ON
  maxlevel start/floor:   8
  cells/feature (K/jet):  5 / 5
  relax level (post-pinch): disabled
  staged tsnap:           ON (floor factor 0.1)
  focus (pre-incept) cap: disabled
  gas-wisp removal:       OFF
========================================

Level 8, Oh 2.0e-02, Oha 4.0e-04, Bo 0.001, zWall 4, Ldomain 10
i dt t ke
0 1.2522e-05 0 0
1 1.2522e-05 1.2522e-05 1.17447e-07
2 0.000285357 0.000297878 6.35959e-05
3 0.000539007 0.000836885 0.000480485
4 0.000763593 0.00160048 0.0016554
5 0.00093328 0.00253376 0.00380613
6 0.00106661 0.00360036 0.00688494
7 0.00127993 0.00488029 0.0102636
8 0.00127993 0.00616022 0.0127175
9 0.00127993 0.00744015 0.0209837
10 0.00127993 0.00872007 0.0309809
11 0.00127993 0.01 0.0438715
12 0.002 0.012 0.069501
13 0.002 0.014 0.084837
14 0.002 0.016 0.100668
15 0.002 0.018 0.118325
16 0.002 0.02 0.139048
17 0.002 0.022 0.153107
18 0.002 0.024 0.171478
19 0.002 0.026 0.199277
20 0.001 0.027 0.175114
21 0.001 0.028 0.185996
22 0.001 0.029 0.199524
23 0.001 0.03 0.21313
24 0.00142857 0.0314286 0.233976
25 0.00142857 0.0328571 0.255585
26 0.00142857 0.0342857 0.273145
27 0.00142857 0.0357143 0.291333
28 0.00142857 0.0371429 0.295202
29 0.00142857 0.0385714 0.307022
30 0.00142857 0.04 0.322831
31 0.00166667 0.0416667 0.342619
32 0.00166667 0.0433333 0.362804
33 0.00166667 0.045 0.382466
34 0.00166667 0.0466667 0.4015
35 0.00166667 0.0483333 0.419584
36 0.00166667 0.05 0.436222
37 0.002 0.052 0.45871
38 0.002 0.054 0.483978
39 0.002 0.056 0.510397
40 0.002 0.058 0.535861
41 0.002 0.06 0.557221
42 0.002 0.062 0.569872
43 0.002 0.064 0.588725
44 0.002 0.066 0.611435
45 0.002 0.068 0.634872
46 0.002 0.07 0.65808
47 0.002 0.072 0.678678
48 0.002 0.074 0.700647
49 0.002 0.076 0.722107
50 0.002 0.078 0.744064
51 0.002 0.08 0.766065
52 0.00166667 0.0816667 0.783223
53 0.00166667 0.0833333 0.803591
54 0.00166667 0.085 0.821812
55 0.00166667 0.0866667 0.840599
56 0.00166667 0.0883333 0.859877
57 0.00166667 0.09 0.878595
58 0.00166667 0.0916667 0.896442
59 0.00166667 0.0933333 0.91413
60 0.00166667 0.095 0.93336
61 0.00166667 0.0966667 0.951668
62 0.00166667 0.0983333 0.970631
63 0.00166667 0.1 0.988582
Level 8, Oh 2.0e-02, Oha 4.0e-04, Bo 0.001, zWall 4, Ldomain 10

# Quadtree, 63 steps, 2.36508 CPU, 2.37 real, 1.32e+05 points.step/s, 41 var

=========================================
Stage 1 complete: restart file created
Restart file location: simulationCases/2820/restart
=========================================

=========================================
Stage 2: Full Simulation
=========================================
Compiling for serial execution...
Compilation successful: burstingBubble

Starting full simulation...
  Command: ./burstingBubble case.params  (Oh=2e-2 Bond=1e-3 MAXlevel=8 tmax=0.7 zWall=4.0)
=========================================

========================================
Bursting Bubble Simulation Configuration
========================================
Case Number:              2820
Physical Parameters:
  Ohnesorge (liquid):     0.02
  Ohnesorge (gas):        0.0004  (OhRatio=0.02)
  Bond number:            0.001
Geometry:
  zWall:                  4
Adaptive Space:
  Levels (min/max):       4 / 8
  Initial grid level:     5 (2^5 = 32 cells)
  Error tol (f/Vel/K):    0.001 / 0.001 / 1e-06
Adaptive Time:
  CFL:                    0.1
  dtmax (ceiling):        0.01
  Solver TOLERANCE:       0.0001
  ke stop gates (min/max): 1e-06 / 100
Time Control:
  tmax:                   0.7
  tsnap:                  0.01
Drill Trigger (drill solver only):
  drillAMR:               ON
  maxlevel start/floor:   8
  cells/feature (K/jet):  5 / 5
  relax level (post-pinch): disabled
  staged tsnap:           ON (floor factor 0.1)
  focus (pre-incept) cap: disabled
  gas-wisp removal:       OFF
========================================

64 0.000277778 0.100278 0.988582
65 0.000422705 0.1007 0.993079
66 0.00054703 0.101248 0.999384
67 0.000673268 0.101921 1.00632
68 0.000807922 0.102729 1.01545
69 0.000908912 0.103638 1.02625
70 0.000908912 0.104547 1.03708
71 0.00109069 0.105637 1.04991
72 0.00109069 0.106728 1.06133
73 0.00109069 0.107819 1.07363
74 0.00109069 0.108909 1.08579
75 0.00109069 0.11 1.09784
76 0.00125 0.11125 1.11093
77 0.00145833 0.112708 1.12806
78 0.00145833 0.114167 1.14538
79 0.00145833 0.115625 1.16216
80 0.00145833 0.117083 1.1788
81 0.00145833 0.118542 1.19444
82 0.00145833 0.12 1.21084
83 0.00166667 0.121667 1.23065
84 0.00166667 0.123333 1.25031
85 0.00166667 0.125 1.26887
86 0.00166667 0.126667 1.2884
87 0.00166667 0.128333 1.30846
88 0.00166667 0.13 1.3281
89 0.00166667 0.131667 1.34804
90 0.00166667 0.133333 1.36736
91 0.00166667 0.135 1.38741
92 0.00166667 0.136667 1.40681
93 0.00166667 0.138333 1.42584
94 0.00166667 0.14 1.44668
95 0.00166667 0.141667 1.46818
96 0.00166667 0.143333 1.48903
97 0.00166667 0.145 1.50873
98 0.00166667 0.146667 1.52929
99 0.00166667 0.148333 1.5494
100 0.00166667 0.15 1.56955
101 0.00166667 0.151667 1.59034
102 0.00166667 0.153333 1.61015
103 0.00166667 0.155 1.6293
104 0.00166667 0.156667 1.65077
105 0.00166667 0.158333 1.67279
106 0.00166667 0.16 1.69412
107 0.00166667 0.161667 1.71371
108 0.00166667 0.163333 1.73477
109 0.00166667 0.165 1.756
110 0.00166667 0.166667 1.77818
111 0.00166667 0.168333 1.8005
112 0.00166667 0.17 1.82442
113 0.00166667 0.171667 1.84812
114 0.00166667 0.173333 1.87098
115 0.00166667 0.175 1.89438
116 0.00166667 0.176667 1.916
117 0.00166667 0.178333 1.93909
118 0.00166667 0.18 1.96328
119 0.00166667 0.181667 1.98599
120 0.00166667 0.183333 2.00894
121 0.00166667 0.185 2.03231
122 0.00166667 0.186667 2.05316
123 0.00166667 0.188333 2.07609
124 0.00166667 0.19 2.09953
125 0.00166667 0.191667 2.12226
126 0.00166667 0.193333 2.14552
127 0.00166667 0.195 2.16962
128 0.00166667 0.196667 2.19147
129 0.00166667 0.198333 2.21465
130 0.00166667 0.2 2.23526
131 0.00166667 0.201667 2.25734
132 0.00166667 0.203333 2.27939
133 0.00166667 0.205 2.30114
134 0.00166667 0.206667 2.32128
135 0.00166667 0.208333 2.34348
136 0.00166667 0.21 2.36618
137 0.00166667 0.211667 2.38897
138 0.00166667 0.213333 2.41163
139 0.00166667 0.215 2.43396
140 0.00166667 0.216667 2.45601
141 0.00166667 0.218333 2.47882
142 0.00166667 0.22 2.50146
143 0.00166667 0.221667 2.52438
144 0.00166667 0.223333 2.54711
145 0.00166667 0.225 2.56901
146 0.00166667 0.226667 2.59057
147 0.00166667 0.228333 2.6137
148 0.00166667 0.23 2.63649
149 0.00166667 0.231667 2.65949
150 0.00166667 0.233333 2.682
151 0.00166667 0.235 2.70499
152 0.00166667 0.236667 2.7278
153 0.00166667 0.238333 2.75131
154 0.00166667 0.24 2.77359
155 0.00166667 0.241667 2.79639
156 0.00166667 0.243333 2.81856
157 0.00166667 0.245 2.84041
158 0.00166667 0.246667 2.86278
159 0.00166667 0.248333 2.88568
160 0.00166667 0.25 2.90847
161 0.00166667 0.251667 2.93135
162 0.00166667 0.253333 2.95424
163 0.00166667 0.255 2.97751
164 0.00166667 0.256667 3.00033
165 0.00166667 0.258333 3.0232
166 0.00166667 0.26 3.04588
167 0.00166667 0.261667 3.06904
168 0.00166667 0.263333 3.09141
169 0.00166667 0.265 3.11468
170 0.00166667 0.266667 3.13753
171 0.00166667 0.268333 3.16068
172 0.00166667 0.27 3.1827
173 0.00166667 0.271667 3.20448
174 0.00166667 0.273333 3.22688
175 0.00166667 0.275 3.24963
176 0.00166667 0.276667 3.27108
177 0.00166667 0.278333 3.29417
178 0.00166667 0.28 3.31753
179 0.00166667 0.281667 3.34095
180 0.00166667 0.283333 3.36318
181 0.00166667 0.285 3.38638
182 0.00166667 0.286667 3.40972
183 0.00166667 0.288333 3.43274
184 0.00166667 0.29 3.45477
185 0.00166667 0.291667 3.47754
186 0.00166667 0.293333 3.49935
187 0.00166667 0.295 3.52144
188 0.00166667 0.296667 3.54434
189 0.00166667 0.298333 3.5673
190 0.00166667 0.3 3.58961
191 0.00166667 0.301667 3.61289
192 0.00166667 0.303333 3.63597
193 0.00166667 0.305 3.65836
194 0.00166667 0.306667 3.68081
195 0.00166667 0.308333 3.70386
196 0.00166667 0.31 3.72616
197 0.00166667 0.311667 3.74748
198 0.00166667 0.313333 3.76984
199 0.00166667 0.315 3.79281
200 0.00166667 0.316667 3.81513
201 0.00166667 0.318333 3.83795
202 0.00166667 0.32 3.85964
203 0.00166667 0.321667 3.88189
204 0.00166667 0.323333 3.90459
205 0.00166667 0.325 3.92563
206 0.00166667 0.326667 3.94667
207 0.00166667 0.328333 3.96826
208 0.00166667 0.33 3.99079
209 0.00166667 0.331667 4.01294
210 0.00166667 0.333333 4.0356
211 0.00166667 0.335 4.05708
212 0.00166667 0.336667 4.07891
213 0.00166667 0.338333 4.10052
214 0.000833333 0.339167 4.11046
215 0.000833333 0.34 4.12108
216 0.00142857 0.341429 4.13848
217 0.00142857 0.342857 4.15725
218 0.00142857 0.344286 4.17578
219 0.00142857 0.345714 4.19416
220 0.00142857 0.347143 4.21287
221 0.00142857 0.348571 4.23064
222 0.00142857 0.35 4.24888
223 0.00142857 0.351429 4.26759
224 0.00142857 0.352857 4.28391
225 0.00142857 0.354286 4.30177
226 0.00142857 0.355714 4.31952
227 0.00142857 0.357143 4.33736
228 0.00142857 0.358571 4.35512
229 0.00142857 0.36 4.37238
230 0.00142857 0.361429 4.38823
231 0.00142857 0.362857 4.40518
232 0.00142857 0.364286 4.42118
233 0.00142857 0.365714 4.43852
234 0.00142857 0.367143 4.4561
235 0.00142857 0.368571 4.47362
236 0.00142857 0.37 4.48979
237 0.00142857 0.371429 4.506
238 0.00142857 0.372857 4.52205
239 0.00142857 0.374286 4.53744
240 0.00142857 0.375714 4.55332
241 0.00142857 0.377143 4.57041
242 0.00142857 0.378571 4.58776
243 0.00142857 0.38 4.6048
244 0.00125 0.38125 4.6194
245 0.00125 0.3825 4.63138
246 0.00125 0.38375 4.64281
247 0.00125 0.385 4.65392
248 0.00125 0.38625 4.66776
249 0.00125 0.3875 4.68215
250 0.00125 0.38875 4.69645
251 0.00125 0.39 4.71077
252 0.00125 0.39125 4.72447
253 0.00125 0.3925 4.73741
254 0.00125 0.39375 4.74633
255 0.00125 0.395 4.75704
256 0.00125 0.39625 4.77028
257 0.00125 0.3975 4.78409
258 0.00125 0.39875 4.79818
259 0.00125 0.4 4.81099
260 0.00125 0.40125 4.82106
261 0.00125 0.4025 4.83117
262 0.00107143 0.403571 4.83721
263 0.00107143 0.404643 4.84677
264 0.00107143 0.405714 4.85779
265 0.00107143 0.406786 4.86901
266 0.00107143 0.407857 4.88046
267 0.00107143 0.408929 4.89106
268 0.00107143 0.41 4.90083
269 0.00111111 0.411111 4.90964
270 0.00111111 0.412222 4.91416
271 0.00111111 0.413333 4.92264
272 0.00111111 0.414444 4.93259
273 0.00111111 0.415556 4.94298
274 0.000888889 0.416444 4.9514
275 0.000888889 0.417333 4.95913
276 0.000888889 0.418222 4.96613
277 0.000888889 0.419111 4.9727
278 0.000888889 0.42 4.97479
279 0.001 0.421 4.98066
280 0.001 0.422 4.98786
281 0.001 0.423 4.99399
282 0.001 0.424 5.00101
283 0.001 0.425 5.00845
284 0.000833333 0.425833 5.01398
285 0.000833333 0.426667 5.01927
286 0.000833333 0.4275 5.01981
287 0.000833333 0.428333 5.02347
288 0.000833333 0.429167 5.02944
289 0.000833333 0.43 5.03445
290 0.000909091 0.430909 5.03803
291 0.000909091 0.431818 5.04235
292 0.000818182 0.432636 5.04692
293 0.000818182 0.433455 5.05155
294 0.000818182 0.434273 5.05575
295 0.000818182 0.435091 5.05589
296 0.000818182 0.435909 5.05994
297 0.000818182 0.436727 5.06645
298 0.000818182 0.437545 5.07053
299 0.000613636 0.438159 5.0715
300 0.000613636 0.438773 5.07291
301 0.000613636 0.439386 5.07477
302 0.000613636 0.44 5.07685
303 0.000714286 0.440714 5.07941
304 0.000714286 0.441429 5.07847
305 0.000714286 0.442143 5.07787
306 0.000714286 0.442857 5.07973
307 0.000649351 0.443506 5.08256
308 0.000649351 0.444156 5.08216
309 0.000649351 0.444805 5.08299
310 0.000649351 0.445455 5.08441
311 0.000649351 0.446104 5.08553
312 0.000556586 0.44666 5.08603
313 0.000556586 0.447217 5.08576
314 0.000556586 0.447774 5.08579
315 0.000556586 0.44833 5.08071
316 0.000556586 0.448887 5.07853
317 0.000556586 0.449443 5.07621
318 0.000556586 0.45 5.07724
319 0.000555556 0.450556 5.07839
320 0.000524691 0.45108 5.07845
321 0.000524691 0.451605 5.07841
322 0.000524691 0.45213 5.07774
323 0.000491898 0.452622 5.07638
324 0.000491898 0.453113 5.07303
325 0.000459105 0.453573 5.07041
326 0.000459105 0.454032 5.06236
327 0.000459105 0.454491 5.05887
328 0.000459105 0.45495 5.05626
329 0.000420846 0.455371 5.05503
330 0.000420846 0.455792 5.05489
331 0.000420846 0.456212 5.05473
332 0.000378762 0.456591 5.05376
333 0.000378762 0.45697 5.05242
334 0.000378762 0.457349 5.0506
335 0.000378762 0.457727 5.04828
336 0.000324653 0.458052 5.04632
337 0.000324653 0.458377 5.04369
338 0.000324653 0.458701 5.03954
339 0.000324653 0.459026 5.03424
340 0.000324653 0.459351 5.02164
341 0.000324653 0.459675 5.0145
342 0.000324653 0.46 5.00804
343 0.0003125 0.460313 5.00257
344 0.0003125 0.460625 4.99804
345 0.000302419 0.460927 4.99388
346 0.000292664 0.46122 4.9906
347 0.000283223 0.461503 4.98591
348 0.000274087 0.461777 4.98153
349 0.000265245 0.462043 4.97696
350 0.000256689 0.462299 4.97211
351 0.000248409 0.462548 4.96662
352 0.000248409 0.462796 4.96093
353 0.000240128 0.463036 4.95498
354 0.000240128 0.463276 4.94852
355 0.000231848 0.463508 4.94174
356 0.000231848 0.46374 4.93352
357 0.000223568 0.463964 4.92572
358 0.000223568 0.464187 4.9142
359 0.000223568 0.464411 4.90383
360 0.000214969 0.464626 4.89548
361 0.000214969 0.464841 4.88503
362 0.00020637 0.465047 4.87711
363 0.000198116 0.465245 4.87127
364 0.000198116 0.465443 4.86609
365 0.000189861 0.465633 4.85988
366 0.00018195 0.465815 4.85427
367 0.00018195 0.465997 4.84546
368 0.000174039 0.466171 4.83911
369 0.000174039 0.466345 4.83245
370 0.000166128 0.466511 4.82587
371 0.000166128 0.466677 4.81861
372 0.000166128 0.466844 4.81132
373 0.000157822 0.467001 4.80459
374 0.000157822 0.467159 4.7975
375 0.000157822 0.467317 4.7902
376 0.000157822 0.467475 4.78193
377 0.000157822 0.467633 4.77352
378 0.000147958 0.467781 4.76597
379 0.000147958 0.467929 4.75847
380 0.000147958 0.468077 4.75102
381 0.000147958 0.468225 4.74363
382 0.000147958 0.468372 4.73602
383 0.000147958 0.46852 4.72827
384 0.000147958 0.468668 4.71993
385 0.000147958 0.468816 4.7073
386 0.000147958 0.468964 4.69608
387 0.000147958 0.469112 4.68366
388 0.000147958 0.46926 4.67004
389 0.000147958 0.469408 4.659
390 0.000147958 0.469556 4.65002
391 0.000147958 0.469704 4.64183
392 0.000147958 0.469852 4.63284
393 0.000147958 0.47 4.62346
394 0.00016129 0.470161 4.61349
395 0.000163978 0.470325 4.60286
396 0.000163978 0.470489 4.58928
397 0.000166855 0.470656 4.57764
398 0.000166855 0.470823 4.56779
399 0.000169945 0.470993 4.55796
400 0.000173213 0.471166 4.54837
401 0.000173213 0.471339 4.53951
402 0.000176748 0.471516 4.53101
403 0.000176748 0.471693 4.52279
404 0.000180591 0.471873 4.51458
405 0.000184695 0.472058 4.5043
406 0.000189093 0.472247 4.49293
407 0.000189093 0.472436 4.48326
408 0.000193941 0.47263 4.47413
409 0.000199183 0.472829 4.46548
410 0.000199183 0.473029 4.45792
411 0.000205041 0.473234 4.45013
412 0.000211449 0.473445 4.4432
413 0.000211449 0.473657 4.43643
414 0.00021874 0.473875 4.42679
415 0.00021874 0.474094 4.41752
416 0.000227153 0.474321 4.41022
417 0.000227153 0.474548 4.40163
418 0.000237029 0.474785 4.39564
419 0.000237029 0.475022 4.39006
420 0.000248881 0.475271 4.3851
421 0.000248881 0.47552 4.37903
422 0.000263521 0.475784 4.37203
423 0.000263521 0.476047 4.36165
424 0.000263521 0.476311 4.35497
425 0.000283792 0.476595 4.34938
426 0.000283792 0.476878 4.34435
427 0.000283792 0.477162 4.33981
428 0.000283792 0.477446 4.33442
429 0.000283792 0.47773 4.32776
430 0.000324333 0.478054 4.32118
431 0.000324333 0.478378 4.31222
432 0.000324333 0.478703 4.30601
433 0.000324333 0.479027 4.30156
434 0.000324333 0.479351 4.29672
435 0.000324333 0.479676 4.29281
436 0.000324333 0.48 4.29035
437 0.000384615 0.480385 4.2864
438 0.000400641 0.480785 4.28008
439 0.000400641 0.481186 4.27237
440 0.000419719 0.481606 4.26774
441 0.000419719 0.482025 4.26287
442 0.000419719 0.482445 4.25563
443 0.000444409 0.482889 4.24864
444 0.000444409 0.483334 4.24229
445 0.000444409 0.483778 4.23719
446 0.000478594 0.484257 4.23234
447 0.000478594 0.484735 4.22636
448 0.000478594 0.485214 4.21907
449 0.000478594 0.485693 4.21338
450 0.000478594 0.486171 4.20783
451 0.000478594 0.48665 4.20137
452 0.000478594 0.487128 4.19627
453 0.000478594 0.487607 4.19077
454 0.000478594 0.488086 4.18541
455 0.000478594 0.488564 4.18039
456 0.000478594 0.489043 4.1761
457 0.000478594 0.489521 4.17135
458 0.000478594 0.49 4.16698
459 0.000588235 0.490588 4.15927
460 0.000627451 0.491216 4.15173
461 0.000627451 0.491843 4.14387
462 0.000627451 0.492471 4.13787
463 0.000627451 0.493098 4.13279
464 0.000627451 0.493725 4.12825
465 0.000627451 0.494353 4.12081
466 0.000627451 0.49498 4.11443
467 0.000627451 0.495608 4.10831
468 0.000627451 0.496235 4.10307
469 0.000627451 0.496863 4.09733
470 0.000627451 0.49749 4.09143
471 0.000627451 0.498118 4.08628
472 0.000627451 0.498745 4.08087
473 0.000627451 0.499373 4.07592
474 0.000627451 0.5 4.07103
475 0.000769231 0.500769 4.06644
476 0.000769231 0.501538 4.06134
477 0.000769231 0.502308 4.05503
478 0.000769231 0.503077 4.04834
479 0.000865385 0.503942 4.04239
480 0.000865385 0.504808 4.0367
481 0.000865385 0.505673 4.03123
482 0.000865385 0.506538 4.0261
483 0.000865385 0.507404 4.01901
484 0.000865385 0.508269 4.01417
485 0.000865385 0.509135 4.00893
486 0.000865385 0.51 4.00387
487 0.000909091 0.510909 3.99788
488 0.000909091 0.511818 3.99327
489 0.000909091 0.512727 3.98805
490 0.000909091 0.513636 3.98255
491 0.000909091 0.514545 3.97748
492 0.000909091 0.515455 3.97403
493 0.000909091 0.516364 3.96925
494 0.000909091 0.517273 3.96536
495 0.000909091 0.518182 3.96123
496 0.000909091 0.519091 3.95668
497 0.000909091 0.52 3.95244
498 0.00111111 0.521111 3.94631
499 0.00111111 0.522222 3.94246
500 0.00111111 0.523333 3.93657
501 0.00111111 0.524444 3.93076
502 0.00111111 0.525556 3.92425
503 0.00111111 0.526667 3.91777
504 0.00111111 0.527778 3.91166
505 0.00111111 0.528889 3.90649
506 0.00111111 0.53 3.90049
507 0.00125 0.53125 3.89378
508 0.00125 0.5325 3.8874
509 0.00125 0.53375 3.88033
510 0.00125 0.535 3.87329
511 0.00125 0.53625 3.86677
512 0.00125 0.5375 3.85998
513 0.00125 0.53875 3.8525
514 0.00125 0.54 3.84583
515 0.00142857 0.541429 3.83824
516 0.00142857 0.542857 3.82954
517 0.00142857 0.544286 3.82075
518 0.00142857 0.545714 3.81216
519 0.00142857 0.547143 3.80408
520 0.00142857 0.548571 3.79366
521 0.00142857 0.55 3.78423
522 0.00142857 0.551429 3.77486
523 0.00142857 0.552857 3.76596
524 0.00142857 0.554286 3.75667
525 0.00142857 0.555714 3.74754
526 0.00142857 0.557143 3.7387
527 0.00142857 0.558571 3.73026
528 0.00142857 0.56 3.72195
529 0.00166667 0.561667 3.71274
530 0.00166667 0.563333 3.7027
531 0.00166667 0.565 3.69248
532 0.00166667 0.566667 3.68217
533 0.00166667 0.568333 3.67237
534 0.00166667 0.57 3.66242
535 0.00166667 0.571667 3.65243
536 0.00166667 0.573333 3.64257
537 0.00166667 0.575 3.63359
538 0.00166667 0.576667 3.62304
539 0.00166667 0.578333 3.61332
540 0.00166667 0.58 3.60367
541 0.00166667 0.581667 3.59457
542 0.00166667 0.583333 3.58494
543 0.00166667 0.585 3.57577
544 0.00166667 0.586667 3.56613
545 0.00166667 0.588333 3.5567
546 0.00166667 0.59 3.54769
547 0.002 0.592 3.53706
548 0.002 0.594 3.52725
549 0.002 0.596 3.5172
550 0.002 0.598 3.50618
551 0.002 0.6 3.49478
552 0.002 0.602 3.48453
553 0.002 0.604 3.47517
554 0.002 0.606 3.46575
555 0.002 0.608 3.45503
556 0.002 0.61 3.44394
557 0.002 0.612 3.43381
558 0.002 0.614 3.42303
559 0.002 0.616 3.41299
560 0.002 0.618 3.4022
561 0.002 0.62 3.39235
562 0.002 0.622 3.38315
563 0.002 0.624 3.37258
564 0.002 0.626 3.36277
565 0.002 0.628 3.35481
566 0.002 0.63 3.34283
567 0.002 0.632 3.33643
568 0.002 0.634 3.32671
569 0.002 0.636 3.31316
570 0.002 0.638 3.30107
571 0.002 0.64 3.28752
572 0.002 0.642 3.27421
573 0.002 0.644 3.26196
574 0.002 0.646 3.24996
575 0.002 0.648 3.23732
576 0.002 0.65 3.22606
577 0.002 0.652 3.21557
578 0.002 0.654 3.20346
579 0.002 0.656 3.19153
580 0.002 0.658 3.18018
581 0.002 0.66 3.17036
582 0.002 0.662 3.15823
583 0.002 0.664 3.14743
584 0.002 0.666 3.13679
585 0.002 0.668 3.12566
586 0.002 0.67 3.11555
587 0.0025 0.6725 3.10164
588 0.0025 0.675 3.08743
589 0.0025 0.6775 3.07513
590 0.0025 0.68 3.06236
591 0.0025 0.6825 3.0497
592 0.0025 0.685 3.03632
593 0.0025 0.6875 3.02321
594 0.0025 0.69 3.00914
Level 8, Oh 2.0e-02, Oha 4.0e-04, Bo 0.001, zWall 4, Ldomain 10

# Quadtree, 594 steps, 19.2772 CPU, 19.3 real, 1.88e+05 points.step/s, 41 var
=========================================
Simulation completed successfully
Output location: simulationCases/2820
=========================================
	Command being timed: "./runSimulation.sh ../report/params/smoke_oh002.params"
	User time (seconds): 50.39
	System time (seconds): 4.15
	Percent of CPU this job got: 97%
	Elapsed (wall clock) time (h:mm:ss or m:ss): 0:55.93
	Average shared text size (kbytes): 0
	Average unshared data size (kbytes): 0
	Average stack size (kbytes): 0
	Average total size (kbytes): 0
	Maximum resident set size (kbytes): 547464
	Average resident set size (kbytes): 0
	Major (requiring I/O) page faults: 0
	Minor (reclaiming a frame) page faults: 524905
	Voluntary context switches: 4002
	Involuntary context switches: 333
	Swaps: 0
	File system inputs: 0
	File system outputs: 205576
	Socket messages sent: 0
	Socket messages received: 0
	Signals delivered: 0
	Page size (bytes): 4096
	Exit status: 0
