report/CAPSULE_REPORT.md: OK
report/LICENSE_BOUNDARY.md: OK
report/OPEN_QUESTIONS.md: OK
report/REPRODUCTION_REPORT.md: OK
report/capsule_work/CITATION.cff: OK
report/capsule_work/LICENSE-DATA.md: OK
report/capsule_work/README.md: OK
report/capsule_work/SHA256SUMS: OK
report/capsule_work/cases.csv: OK
report/capsule_work/data-Oh-0.02297/3010_L13_case.params: OK
report/capsule_work/data-Oh-0.02297/3010_L13_log.txt: OK
report/capsule_work/data-Oh-0.02297/4012_L14_case.params: OK
report/capsule_work/data-Oh-0.02297/4012_L14_log.txt: OK
report/capsule_work/data-Oh-0.02297/facet_inception.txt: OK
report/capsule_work/data-Oh-0.02297/gridconv_Oh0.02297_L13-L14.pdf: OK
report/capsule_work/data-Oh-0.02297/gridconv_Oh0.02297_L13-L14.png: OK
report/capsule_work/data-Oh-0.03/3013_L13_case.params: OK
report/capsule_work/data-Oh-0.03/3013_L13_log.txt: OK
report/capsule_work/data-Oh-0.03/4015_L14_case.params: OK
report/capsule_work/data-Oh-0.03/4015_L14_log.txt: OK
report/capsule_work/data-Oh-0.03/5001_L15_focus13_case.params: OK
report/capsule_work/data-Oh-0.03/5001_L15_focus13_log.txt: OK
report/capsule_work/data-Oh-0.03/5003_L15_focus14_case.params: OK
report/capsule_work/data-Oh-0.03/5003_L15_focus14_log.txt: OK
report/capsule_work/data-Oh-0.03/5004_L15_focus15_case.params: OK
report/capsule_work/data-Oh-0.03/5004_L15_focus15_log.txt: OK
report/capsule_work/data-Oh-0.03/5008_L15_focus15_case.params: OK
report/capsule_work/data-Oh-0.03/5008_L15_focus15_log.txt: OK
report/capsule_work/data-Oh-0.03/facet_inception.txt: OK
report/capsule_work/data-Oh-0.03/gridconv3_Oh0.03_L13-L14-L15.pdf: OK
report/capsule_work/data-Oh-0.03/gridconv3_Oh0.03_L13-L14-L15.png: OK
report/capsule_work/data-fig2a/fields/snapshot-0.492500.npz: OK
report/capsule_work/data-fig2a/fields/snapshot-0.494219.npz: OK
report/capsule_work/data-fig2a/fields/snapshot-0.496719.npz: OK
report/capsule_work/data-fig2a/fields/snapshot-0.499844.npz: OK
report/capsule_work/data-fig2a/interfaces/snapshot-0.492500.npz: OK
report/capsule_work/data-fig2a/interfaces/snapshot-0.494219.npz: OK
report/capsule_work/data-fig2a/interfaces/snapshot-0.496719.npz: OK
report/capsule_work/data-fig2a/interfaces/snapshot-0.499844.npz: OK
report/capsule_work/data-fig2a/manifest.json: OK
report/capsule_work/data-fig2a/raw-snapshots.json: OK
report/capsule_work/facet-collapse-figure3/README.md: OK
report/capsule_work/facet-collapse-figure3/extract_full.py: OK
report/capsule_work/facet-collapse-figure3/facets/facetmain_0.494453.txt: OK
report/capsule_work/facet-collapse-figure3/facets/facetmain_0.494531.txt: OK
report/capsule_work/facet-collapse-figure3/facets/facetmain_0.494609.txt: OK
report/capsule_work/facet-collapse-figure3/facets/facetmain_0.494687.txt: OK
report/capsule_work/facet-collapse-figure3/facets/facetmain_0.494766.txt: OK
report/capsule_work/facet-collapse-figure3/facets/facetmain_0.494844.txt: OK
report/capsule_work/facet-collapse-figure3/facets/facetmain_0.494922.txt: OK
report/capsule_work/facet-collapse-figure3/facets/facetmain_0.495000.txt: OK
report/capsule_work/facet-collapse-figure3/facets/facetmain_0.495078.txt: OK
report/capsule_work/facet-collapse-figure3/facets/facetmain_0.495156.txt: OK
report/capsule_work/facet-collapse-figure3/facets/facetmain_0.495234.txt: OK
report/capsule_work/facet-collapse-figure3/facets/facetmain_0.495312.txt: OK
report/capsule_work/facet-collapse-figure3/facets/facetmain_0.495391.txt: OK
report/capsule_work/facet-collapse-figure3/facets/facetmain_0.495469.txt: OK
report/capsule_work/facet-collapse-figure3/facets/facetmain_0.495547.txt: OK
report/capsule_work/facet-collapse-figure3/facets/facetmain_0.495625.txt: OK
report/capsule_work/facet-collapse-figure3/facets/facetmain_0.495703.txt: OK
report/capsule_work/facet-collapse-figure3/facets/facetmain_0.495781.txt: OK
report/capsule_work/facet-collapse-figure3/facets/facetmain_0.495859.txt: OK
report/capsule_work/facet-collapse-figure3/facets/facetmain_0.495937.txt: OK
report/capsule_work/facet-collapse-figure3/facets/facetmain_0.496016.txt: OK
report/capsule_work/facet-collapse-figure3/facets/facetmain_0.496094.txt: OK
report/capsule_work/facet-collapse-figure3/facets/facetmain_0.496172.txt: OK
report/capsule_work/facet-collapse-figure3/facets/facetmain_0.496250.txt: OK
report/capsule_work/facet-collapse-figure3/facets/facetmain_0.496328.txt: OK
report/capsule_work/facet-collapse-figure3/facets/facetmain_0.496406.txt: OK
report/capsule_work/facet-collapse-figure3/facets/facetmain_0.496484.txt: OK
report/capsule_work/facet-collapse-figure3/facets/facetmain_0.496562.txt: OK
report/capsule_work/facet-collapse-figure3/facets/facetmain_0.496641.txt: OK
report/capsule_work/facet-collapse-figure3/facets/facetmain_0.496719.txt: OK
report/capsule_work/facet-collapse-figure3/facets/facetmain_0.496797.txt: OK
report/capsule_work/facet-collapse-figure3/facets/facetmain_0.496875.txt: OK
report/capsule_work/facet-collapse-figure3/facets/facetmain_0.496953.txt: OK
report/capsule_work/facet-collapse-figure3/facets/facetmain_0.497031.txt: OK
report/capsule_work/facet-collapse-figure3/facets/facetmain_0.497109.txt: OK
report/capsule_work/facet-collapse-figure3/facets/facetmain_0.497187.txt: OK
report/capsule_work/facet-collapse-figure3/facets/facetmain_0.497266.txt: OK
report/capsule_work/facet-collapse-figure3/facets/facetmain_0.497344.txt: OK
report/capsule_work/facet-collapse-figure3/facets/facetmain_0.497422.txt: OK
report/capsule_work/facet-collapse-figure3/facets/facetmain_0.497500.txt: OK
report/capsule_work/facet-collapse-figure3/facets/facetmain_0.497578.txt: OK
report/capsule_work/facet-collapse-figure3/facets/facetmain_0.497656.txt: OK
report/capsule_work/facet-collapse-figure3/facets/facetmain_0.497734.txt: OK
report/capsule_work/facet-collapse-figure3/facets/facetmain_0.497812.txt: OK
report/capsule_work/facet-collapse-figure3/facets/facetmain_0.497891.txt: OK
report/capsule_work/facet-collapse-figure3/facets/facetmain_0.497969.txt: OK
report/capsule_work/facet-collapse-figure3/facets/facetmain_0.498047.txt: OK
report/capsule_work/facet-collapse-figure3/facets/facetmain_0.498125.txt: OK
report/capsule_work/facet-collapse-figure3/facets/facetmain_0.498203.txt: OK
report/capsule_work/facet-collapse-figure3/facets/facetmain_0.498281.txt: OK
report/capsule_work/facet-collapse-figure3/facets/facetmain_0.498359.txt: OK
report/capsule_work/facet-collapse-figure3/facets/facetmain_0.498437.txt: OK
report/capsule_work/facet-collapse-figure3/facets/facetmain_0.498516.txt: OK
report/capsule_work/facet-collapse-figure3/facets/facetmain_0.498594.txt: OK
report/capsule_work/facet-collapse-figure3/facets/facetmain_0.498672.txt: OK
report/capsule_work/facet-collapse-figure3/facets/facetmain_0.498750.txt: OK
report/capsule_work/facet-collapse-figure3/facets/facetmain_0.498828.txt: OK
report/capsule_work/facet-collapse-figure3/facets/facetmain_0.498906.txt: OK
report/capsule_work/facet-collapse-figure3/facets/facetmain_0.498984.txt: OK
report/capsule_work/facet-collapse-figure3/facets/facetmain_0.499062.txt: OK
report/capsule_work/facet-collapse-figure3/facets/facetmain_0.499141.txt: OK
report/capsule_work/facet-collapse-figure3/facets/facetmain_0.499219.txt: OK
report/capsule_work/facet-collapse-figure3/facets/facetmain_0.499297.txt: OK
report/capsule_work/facet-collapse-figure3/facets/facetmain_0.499375.txt: OK
report/capsule_work/facet-collapse-figure3/facets/facetmain_0.499453.txt: OK
report/capsule_work/facet-collapse-figure3/facets/facetmain_0.499531.txt: OK
report/capsule_work/facet-collapse-figure3/facets/facetmain_0.499609.txt: OK
report/capsule_work/facet-collapse-figure3/facets/facetmain_0.499687.txt: OK
report/capsule_work/facet-collapse-figure3/facets/facetmain_0.499766.txt: OK
report/capsule_work/facet-collapse-figure3/facets/facetmain_0.499844.txt: OK
report/capsule_work/facet-collapse-figure3/facets/facetmain_0.499922.txt: OK
report/capsule_work/facet-collapse-figure3/facets/facetmain_0.500000.txt: OK
report/capsule_work/facet-collapse-figure3/facets/facetmain_0.500078.txt: OK
report/capsule_work/facet-collapse-figure3/facets/facetmain_0.500156.txt: OK
report/capsule_work/facet-collapse-figure3/facets/facetmain_0.500234.txt: OK
report/capsule_work/facet-collapse-figure3/facets/facetmain_0.500312.txt: OK
report/capsule_work/facet-collapse-figure3/facets/facetmain_0.500391.txt: OK
report/capsule_work/facet-collapse-figure3/facets/facetmain_0.500469.txt: OK
report/capsule_work/facet-collapse-figure3/facets/facetmain_0.500547.txt: OK
report/capsule_work/facet-collapse-figure3/facets/facetmain_0.500625.txt: OK
report/capsule_work/facet-collapse-figure3/facets/facetmain_0.500703.txt: OK
report/capsule_work/facet-collapse-figure3/facets/facetpremain_0.446406.txt: OK
report/capsule_work/facet-collapse-figure3/facets/facetpremain_0.448906.txt: OK
report/capsule_work/facet-collapse-figure3/facets/facetpremain_0.451406.txt: OK
report/capsule_work/facet-collapse-figure3/facets/facetpremain_0.453906.txt: OK
report/capsule_work/facet-collapse-figure3/facets/facetpremain_0.456406.txt: OK
report/capsule_work/facet-collapse-figure3/facets/facetpremain_0.458906.txt: OK
report/capsule_work/facet-collapse-figure3/facets/facetpremain_0.461406.txt: OK
report/capsule_work/facet-collapse-figure3/facets/facetpremain_0.463906.txt: OK
report/capsule_work/facet-collapse-figure3/facets/facetpremain_0.465156.txt: OK
report/capsule_work/facet-collapse-figure3/facets/facetpremain_0.466406.txt: OK
report/capsule_work/facet-collapse-figure3/facets/facetpremain_0.467656.txt: OK
report/capsule_work/facet-collapse-figure3/facets/facetpremain_0.468906.txt: OK
report/capsule_work/facet-collapse-figure3/facets/facetpremain_0.470156.txt: OK
report/capsule_work/facet-collapse-figure3/facets/facetpremain_0.471406.txt: OK
report/capsule_work/facet-collapse-figure3/facets/facetpremain_0.472656.txt: OK
report/capsule_work/facet-collapse-figure3/facets/facetpremain_0.473906.txt: OK
report/capsule_work/facet-collapse-figure3/facets/facetpremain_0.475156.txt: OK
report/capsule_work/facet-collapse-figure3/facets/facetpremain_0.476406.txt: OK
report/capsule_work/facet-collapse-figure3/facets/facetpremain_0.477656.txt: OK
report/capsule_work/facet-collapse-figure3/facets/facetpremain_0.478906.txt: OK
report/capsule_work/facet-collapse-figure3/facets/facetpremain_0.480156.txt: OK
report/capsule_work/facet-collapse-figure3/facets/facetpremain_0.481406.txt: OK
report/capsule_work/facet-collapse-figure3/facets/facetpremain_0.482656.txt: OK
report/capsule_work/facet-collapse-figure3/facets/facetpremain_0.483281.txt: OK
report/capsule_work/facet-collapse-figure3/facets/facetpremain_0.483437.txt: OK
report/capsule_work/facet-collapse-figure3/facets/facetpremain_0.483516.txt: OK
report/capsule_work/facet-collapse-figure3/facets/facetpremain_0.483594.txt: OK
report/capsule_work/facet-collapse-figure3/facets/facetpremain_0.483672.txt: OK
report/capsule_work/facet-collapse-figure3/facets/facetpremain_0.483750.txt: OK
report/capsule_work/facet-collapse-figure3/facets/facetpremain_0.484375.txt: OK
report/capsule_work/facet-collapse-figure3/facets/facetpremain_0.486875.txt: OK
report/capsule_work/facet-collapse-figure3/facets/facetpremain_0.489375.txt: OK
report/capsule_work/facet-collapse-figure3/facets/facetpremain_0.490625.txt: OK
report/capsule_work/facet-collapse-figure3/facets/facetpremain_0.491875.txt: OK
report/capsule_work/facet-collapse-figure3/facets/facetpremain_0.492500.txt: OK
report/capsule_work/facet-collapse-figure3/facets/facetpremain_0.493125.txt: OK
report/capsule_work/facet-collapse-figure3/facets/facetpremain_0.493281.txt: OK
report/capsule_work/facet-collapse-figure3/facets/facetpremain_0.493906.txt: OK
report/capsule_work/facet-collapse-figure3/facets/facetpremain_0.493984.txt: OK
report/capsule_work/facet-collapse-figure3/facets/facetpremain_0.494062.txt: OK
report/capsule_work/facet-collapse-figure3/facets/facetpremain_0.494141.txt: OK
report/capsule_work/facet-collapse-figure3/facets/facetpremain_0.494219.txt: OK
report/capsule_work/facet-collapse-figure3/facets/facetpremain_0.494297.txt: OK
report/capsule_work/facet-collapse-figure3/facets/facetpremain_0.494375.txt: OK
report/capsule_work/facet-collapse-figure3/facets/index.txt: OK
report/capsule_work/facet-collapse-figure3/facets/index_pre.txt: OK
report/capsule_work/facet-collapse-figure3/fig3_Oh0.03_collapse.pdf: OK
report/capsule_work/facet-collapse-figure3/fig3_Oh0.03_collapse.png: OK
report/capsule_work/facet-collapse-figure3/fig3_collapse.py: OK
report/capsule_work/fig2_flux_scalings.pdf: OK
report/capsule_work/fig2_flux_scalings.png: OK
report/capsule_work/fig2_v2.pdf: OK
report/capsule_work/fig2_v2.png: OK
report/capsule_work/fig2a_streamlines.pdf: OK
report/capsule_work/fig2a_streamlines.png: OK
report/capsule_work/fig2a_streamlines_frames/fig2a_streamlines_snapshot_0.492500.pdf: OK
report/capsule_work/fig2a_streamlines_frames/fig2a_streamlines_snapshot_0.492500.png: OK
report/capsule_work/fig2a_streamlines_frames/fig2a_streamlines_snapshot_0.494219.pdf: OK
report/capsule_work/fig2a_streamlines_frames/fig2a_streamlines_snapshot_0.494219.png: OK
report/capsule_work/fig2a_streamlines_frames/fig2a_streamlines_snapshot_0.496719.pdf: OK
report/capsule_work/fig2a_streamlines_frames/fig2a_streamlines_snapshot_0.496719.png: OK
report/capsule_work/fig2a_streamlines_frames/fig2a_streamlines_snapshot_0.499844.pdf: OK
report/capsule_work/fig2a_streamlines_frames/fig2a_streamlines_snapshot_0.499844.png: OK
report/capsule_work/figure-scripts/beta_alpha_Oh.csv: OK
report/capsule_work/figure-scripts/capsule_utils.py: OK
report/capsule_work/figure-scripts/extract_fig2a_fields.c: OK
report/capsule_work/figure-scripts/make_fig2_flux_scalings.py: OK
report/capsule_work/figure-scripts/make_fig2_v2.py: OK
report/capsule_work/figure-scripts/make_fig2a_streamlines.py: OK
report/capsule_work/figure-scripts/make_nu_vs_beta.py: OK
report/capsule_work/figure-scripts/make_sketch_paper_worthington.py: OK
report/capsule_work/metadata.json: OK
report/capsule_work/nu_vs_beta.pdf: OK
report/capsule_work/plotJetMetricsTheory.py: OK
report/capsule_work/provenance/environment.txt: OK
report/capsule_work/provenance/paper-capsule-commit.txt: OK
report/capsule_work/provenance/raw/5008/README.md: OK
report/capsule_work/provenance/raw/5008/restart.sbatch: OK
report/capsule_work/provenance/raw/5008/slurm-restart-sbb5008-24472158.err: OK
report/capsule_work/provenance/raw/5008/slurm-restart-sbb5008-24472158.out: OK
report/capsule_work/provenance/simulation-source.bundle: OK
report/capsule_work/pyproject.toml: OK
report/capsule_work/reproduce-Oh0.02297.sh: OK
report/capsule_work/reproduce-Oh0.03.sh: OK
report/capsule_work/reproduce-fig2-v2.sh: OK
report/capsule_work/reproduce_facets.sh: OK
report/capsule_work/sketch_paper_worthington.pdf: OK
report/capsule_work/sketch_paper_worthington.png: OK
report/capsule_work/tests/conftest.py: OK
report/capsule_work/tests/offline_guard/sitecustomize.py: OK
report/capsule_work/tests/test_fig2_regression.py: OK
report/capsule_work/uv.lock: OK
report/commands.log: OK
report/environment.txt: OK
report/figures/cavity_and_jet_events.png: OK
report/figures/common_time_interfaces.png: OK
report/figures/grid_cost.png: OK
report/figures/interface_case2808_t0.5000.dat: OK
report/figures/interface_case2808_t0.5800.dat: OK
report/figures/interface_case2808_t0.6400.dat: OK
report/figures/interface_case2808_t0.6900.dat: OK
report/figures/interface_case2809_t0.5000.dat: OK
report/figures/interface_case2809_t0.5800.dat: OK
report/figures/interface_case2809_t0.6400.dat: OK
report/figures/interface_case2809_t0.6900.dat: OK
report/figures/interface_case2810_t0.5000.dat: OK
report/figures/interface_case2810_t0.5800.dat: OK
report/figures/interface_case2810_t0.6400.dat: OK
report/figures/interface_case2810_t0.6900.dat: OK
report/figures/interface_case2820_t0.5000.dat: OK
report/figures/interface_case2820_t0.5800.dat: OK
report/figures/interface_case2820_t0.6400.dat: OK
report/figures/interface_case2820_t0.6900.dat: OK
report/figures/jet_height_vs_time.png: OK
report/figures/jet_speed_vs_time.png: OK
report/figures/volume_conservation.png: OK
report/logs/analyze_results.log: OK
report/logs/analyze_results.status: OK
report/logs/analyze_results_agg.log: OK
report/logs/analyze_results_agg.status: OK
report/logs/audit_tool_compile.log: OK
report/logs/audit_tool_compile.status: OK
report/logs/audit_tool_compile_density_fix.log: OK
report/logs/audit_tool_compile_density_fix.status: OK
report/logs/basilisk_install.log: OK
report/logs/basilisk_install.status: OK
report/logs/basilisk_install_bash.log: OK
report/logs/basilisk_install_bash.status: OK
report/logs/basilisk_install_resume.log: OK
report/logs/basilisk_install_resume.status: OK
report/logs/basilisk_installer.sha256: OK
report/logs/basilisk_installer_download.log: OK
report/logs/basilisk_installer_download.status: OK
report/logs/basilisk_make_resume.log: OK
report/logs/basilisk_make_resume.status: OK
report/logs/basilisk_postinstall_verify.log: OK
report/logs/capsule_bundle_verify.log: OK
report/logs/capsule_bundle_verify.status: OK
report/logs/capsule_bundle_verify_repo.log: OK
report/logs/capsule_bundle_verify_repo.status: OK
report/logs/capsule_pytest_offline.log: OK
report/logs/capsule_pytest_offline.status: OK
report/logs/capsule_pytest_offline_frozen.log: OK
report/logs/capsule_pytest_offline_frozen.status: OK
report/logs/capsule_reproduce_facets.log: OK
report/logs/capsule_reproduce_facets.status: OK
report/logs/capsule_reproduce_facets_uv.log: OK
report/logs/capsule_reproduce_facets_uv.status: OK
report/logs/capsule_reproduce_fig2_v2.log: OK
report/logs/capsule_reproduce_fig2_v2.status: OK
report/logs/capsule_reproduce_oh002297.log: OK
report/logs/capsule_reproduce_oh002297.status: OK
report/logs/capsule_reproduce_oh002297_uv.log: OK
report/logs/capsule_reproduce_oh002297_uv.status: OK
report/logs/capsule_reproduce_oh003.log: OK
report/logs/capsule_reproduce_oh003.status: OK
report/logs/capsule_reproduce_oh003_uv.log: OK
report/logs/capsule_reproduce_oh003_uv.status: OK
report/logs/capsule_sha256_copy.log: OK
report/logs/capsule_sha256_copy.status: OK
report/logs/capsule_sha256_upstream.log: OK
report/logs/capsule_sha256_upstream.status: OK
report/logs/capsule_uv_sync.log: OK
report/logs/capsule_uv_sync.status: OK
report/logs/case2808_extract.log: OK
report/logs/case2808_extract.status: OK
report/logs/case2808_extract_shortpath.log: OK
report/logs/case2808_extract_shortpath.status: OK
report/logs/case2808_run.log: OK
report/logs/case2808_run.status: OK
report/logs/case2809_extract.log: OK
report/logs/case2809_extract.status: OK
report/logs/case2809_extract_shortpath.log: OK
report/logs/case2809_extract_shortpath.status: OK
report/logs/case2809_run.log: OK
report/logs/case2809_run.status: OK
report/logs/case2810_extract.log: OK
report/logs/case2810_extract.status: OK
report/logs/case2810_run.log: OK
report/logs/case2810_run.status: OK
report/logs/case2820_extract.log: OK
report/logs/case2820_extract.status: OK
report/logs/case2820_extract_shortpath.log: OK
report/logs/case2820_extract_shortpath.status: OK
report/logs/case2820_run.log: OK
report/logs/case2820_run.status: OK
report/logs/default_compile.log: OK
report/logs/default_compile.status: OK
report/logs/git_checkout.log: OK
report/logs/git_checkout.status: OK
report/logs/git_clone.log: OK
report/logs/git_clone.status: OK
report/logs/repeat_logs.sha256: OK
report/logs/upstream_git_baseline.log: OK
report/logs/upstream_post_tools_compile.log: OK
report/logs/upstream_post_tools_compile.status: OK
report/logs/uv-0.11.29-x86_64-unknown-linux-gnu.tar.gz: OK
report/logs/uv-0.11.29-x86_64-unknown-linux-gnu.tar.gz.sha256: OK
report/logs/uv_archive_listing.txt: OK
report/logs/uv_binaries.sha256: OK
report/logs/uv_latest_release.json: OK
report/params/grid_l10.params: OK
report/params/grid_l11.params: OK
report/params/grid_l12.params: OK
report/params/smoke_l8_a.params: OK
report/params/smoke_l8_b.params: OK
report/params/smoke_oh002.params: OK
report/source_lock.tsv: OK
report/tables/capsule_output_comparison.tsv: OK
report/tables/capsule_outputs_after.sha256: OK
report/tables/capsule_outputs_before.sha256: OK
report/tables/capsule_png_comparison.tsv: OK
report/tables/case2808_base.tsv: OK
report/tables/case2808_jetfoot.tsv: OK
report/tables/case2808_snapshot_metrics.tsv: OK
report/tables/case2809_base.tsv: OK
report/tables/case2809_jetfoot.tsv: OK
report/tables/case2809_snapshot_metrics.tsv: OK
report/tables/case2810_base.tsv: OK
report/tables/case2810_jetfoot.tsv: OK
report/tables/case2810_snapshot_metrics.tsv: OK
report/tables/case2820_base.tsv: OK
report/tables/case2820_jetfoot.tsv: OK
report/tables/case2820_snapshot_metrics.tsv: OK
report/tables/grid_convergence.tsv: OK
report/tables/interface_distances.tsv: OK
report/tables/jet_metrics.tsv: OK
report/tables/l8_interfaces.sha256: OK
report/tables/parameter_response.tsv: OK
report/tables/repeatability.tsv: OK
report/tables/resource_estimates.tsv: OK
report/tables/warnings_and_failures.tsv: OK
report/tools/METRIC_DEFINITIONS.md: OK
report/tools/analyze_results.py: OK
report/tools/audit_snapshot: OK
report/tools/audit_snapshot.c: OK
report/tools/extract_case_metrics.sh: OK
