	Command being timed: "/home/kqdx/basilisk_work/reproductions/bursting_bubble_20260718/report/capsule_work/.venv/bin/python /home/kqdx/basilisk_work/ring_fountain/cases/14_comphy_bursting_bubble_reproduction/tools/analyze_results.py"
	User time (seconds): 5.14
	System time (seconds): 0.59
	Percent of CPU this job got: 142%
	Elapsed (wall clock) time (h:mm:ss or m:ss): 0:04.03
	Average shared text size (kbytes): 0
	Average unshared data size (kbytes): 0
	Average stack size (kbytes): 0
	Average total size (kbytes): 0
	Maximum resident set size (kbytes): 129088
	Average resident set size (kbytes): 0
	Major (requiring I/O) page faults: 83
	Minor (reclaiming a frame) page faults: 28381
	Voluntary context switches: 902
	Involuntary context switches: 79
	Swaps: 0
	File system inputs: 300824
	File system outputs: 888
	Socket messages sent: 0
	Socket messages received: 0
	Signals delivered: 0
	Page size (bytes): 4096
	Exit status: 0
