.project_config:
export BASILISK="/home/kqdx/basilisk_work/reproductions/drop_impact_20260718/upstream/basilisk/src"

if [ ! -d "$BASILISK" ]; then
  echo "Error: BASILISK directory not found: $BASILISK" >&2
  return 1 2>/dev/null || exit 1
fi

# Ensure the repo-installed Basilisk takes precedence, without duplicating PATH
_PATH=":$PATH:"
_PATH="${_PATH//:$BASILISK:/:}"
_PATH="${_PATH#:}"
_PATH="${_PATH%:}"
export PATH="$BASILISK${_PATH:+:$_PATH}"
unset _PATH

# Refresh command lookup cache (best-effort)
hash -r 2>/dev/null || true
rehash 2>/dev/null || true
.comphy-lock:
ref=v2026-01-13
os=linux
created_utc=2026-07-18T05:43:09Z
local_bview=false
patches_applied=2026-01-13-mpi-tree-dump-header-fix.patch
patches_skipped=
BASILISK=/home/kqdx/basilisk_work/reproductions/drop_impact_20260718/upstream/basilisk/src
qcc_command=/home/kqdx/basilisk_work/reproductions/drop_impact_20260718/upstream/basilisk/src/qcc
qcc_resolved=/home/kqdx/basilisk_work/reproductions/drop_impact_20260718/upstream/basilisk/src/qcc
qcc_version:
cc (Ubuntu 15.2.0-16ubuntu1) 15.2.0
Copyright (C) 2025 Free Software Foundation, Inc.
This is free software; see the source for copying conditions.  There is NO
warranty; not even for MERCHANTABILITY or FITNESS FOR A PARTICULAR PURPOSE.

qcc_sha256:
c40e73ea36d08459e28d99931314160c49fd4dfae62ead826ddb288f8b616407  /home/kqdx/basilisk_work/reproductions/drop_impact_20260718/upstream/basilisk/src/qcc
installed_size:
49M	basilisk
release_markers:
basilisk/.comphy-lock:1:ref=v2026-01-13
git_state_after_install:
## HEAD (no branch)
