report/OPEN_QUESTIONS.md: OK
report/REPRODUCTION_REPORT.md: OK
report/commands.log: OK
report/environment.txt: OK
report/figures/footprint_evolution_case1808.pdf: OK
report/figures/grid_footprint_comparison.png: OK
report/figures/grid_interface_common_times.png: OK
report/figures/grid_kinetic_energy.png: OK
report/figures/grid_volume_conservation.png: OK
report/figures/interface_case1808_t0.0000.dat: OK
report/figures/interface_case1808_t0.1500.dat: OK
report/figures/interface_case1808_t0.3100.dat: OK
report/figures/interface_evolution_case1808.png: OK
report/figures/native_video_case1808_t0.00.png: OK
report/figures/native_video_case1808_t0.15.png: OK
report/figures/native_video_case1808_t0.31.png: OK
report/logs/analyze_results.log: OK
report/logs/analyze_results.status: OK
report/logs/basilisk_install.log: OK
report/logs/basilisk_verification.log: OK
report/logs/grid_l10.log: OK
report/logs/grid_l10.status: OK
report/logs/grid_l11.log: OK
report/logs/grid_l11.status: OK
report/logs/grid_l12.log: OK
report/logs/grid_l12.status: OK
report/logs/install_script.sha256: OK
report/logs/postprocess_case1808.log: OK
report/logs/postprocess_case1808.status: OK
report/logs/postprocess_compile.log: OK
report/logs/postprocess_compile.status: OK
report/logs/postprocess_compile_compat.log: OK
report/logs/postprocess_compile_compat.status: OK
report/logs/postprocess_environment.log: OK
report/logs/python_dependencies.freeze: OK
report/logs/python_dependencies_install.log: OK
report/logs/python_dependencies_target_install.log: OK
report/logs/python_dependencies_versions.log: OK
report/logs/restart_1808_facets.dat: OK
report/logs/smoke_l8_a.log: OK
report/logs/smoke_l8_a.status: OK
report/logs/smoke_l8_b.log: OK
report/logs/smoke_l8_b.status: OK
report/logs/smoke_we20.log: OK
report/logs/smoke_we20.status: OK
report/logs/snapshot_metrics_compile.log: OK
report/logs/snapshot_metrics_compile.status: OK
report/logs/snapshot_metrics_compile_local.log: OK
report/logs/snapshot_metrics_compile_local.status: OK
report/logs/stage_a_default_compile.log: OK
report/logs/stage_a_default_compile.status: OK
report/params/grid_l10.params: OK
report/params/grid_l11.params: OK
report/params/grid_l12.params: OK
report/params/smoke_l8_a.params: OK
report/params/smoke_l8_b.params: OK
report/params/smoke_we20.params: OK
report/tables/case_1808_footprint.tsv: OK
report/tables/case_1808_snapshot_metrics.tsv: OK
report/tables/case_1810_footprint.tsv: OK
report/tables/case_1810_snapshot_metrics.tsv: OK
report/tables/case_1811_footprint.tsv: OK
report/tables/case_1811_snapshot_metrics.tsv: OK
report/tables/case_1812_footprint.tsv: OK
report/tables/case_1812_snapshot_metrics.tsv: OK
report/tables/file_side_effects.tsv: OK
report/tables/grid_convergence.tsv: OK
report/tables/interface_case1810_t0.1000.dat: OK
report/tables/interface_case1810_t0.2000.dat: OK
report/tables/interface_case1810_t0.3000.dat: OK
report/tables/interface_case1811_t0.1000.dat: OK
report/tables/interface_case1811_t0.2000.dat: OK
report/tables/interface_case1811_t0.3000.dat: OK
report/tables/interface_case1812_t0.1000.dat: OK
report/tables/interface_case1812_t0.2000.dat: OK
report/tables/interface_case1812_t0.3000.dat: OK
report/tables/interface_comparison.tsv: OK
report/tables/l11_l12_engineering_changes.tsv: OK
report/tables/repeat_1808_final_metrics.tsv: OK
report/tables/repeat_1808_interface_t0.1.dat: OK
report/tables/repeat_1809_final_metrics.tsv: OK
report/tables/repeat_1809_interface_t0.1.dat: OK
report/tables/resource_estimates.tsv: OK
report/tables/smoke_1808_footprint_0.05.csv: OK
report/tables/smoke_summary.tsv: OK
report/tables/warnings_and_failures.tsv: OK
report/tables/we10_interface_t0.2.dat: OK
report/tables/we20_interface_t0.2.dat: OK
report/tables/we_parameter_response.tsv: OK
report/tools/analyze_results.py: OK
report/tools/snapshot_metrics: OK
report/tools/snapshot_metrics.c: OK
upstream/.github/CNAME: OK
upstream/.github/ISSUE_TEMPLATE/blank_issue.md: OK
upstream/.github/ISSUE_TEMPLATE/bug_report.md: OK
upstream/.github/ISSUE_TEMPLATE/config.yml: OK
upstream/.github/ISSUE_TEMPLATE/example_request.md: OK
upstream/.github/ISSUE_TEMPLATE/feature_request.md: OK
upstream/.github/ISSUE_TEMPLATE/general_question.md: OK
upstream/.github/ISSUE_TEMPLATE/question.md: OK
upstream/.github/Website-generator-readme.md: OK
upstream/.github/assets/css/academicons-1.7.0/README.md: OK
upstream/.github/assets/css/academicons-1.7.0/bower.json: OK
upstream/.github/assets/css/academicons-1.7.0/css/academicons.css: OK
upstream/.github/assets/css/academicons-1.7.0/css/academicons.min.css: OK
upstream/.github/assets/css/academicons-1.7.0/fonts/academicons.eot: OK
upstream/.github/assets/css/academicons-1.7.0/fonts/academicons.svg: OK
upstream/.github/assets/css/academicons-1.7.0/fonts/academicons.ttf: OK
upstream/.github/assets/css/academicons-1.7.0/fonts/academicons.woff: OK
upstream/.github/assets/css/command-palette.css: OK
upstream/.github/assets/css/custom_styles.css: OK
upstream/.github/assets/css/fontello/css/animation.css: OK
upstream/.github/assets/css/fontello/css/fontello-codes.css: OK
upstream/.github/assets/css/fontello/css/fontello-embedded.css: OK
upstream/.github/assets/css/fontello/css/fontello-ie7-codes.css: OK
upstream/.github/assets/css/fontello/css/fontello-ie7.css: OK
upstream/.github/assets/css/fontello/css/fontello.css: OK
upstream/.github/assets/css/fontello/font/fontello.eot: OK
upstream/.github/assets/css/fontello/font/fontello.svg: OK
upstream/.github/assets/css/fontello/font/fontello.ttf: OK
upstream/.github/assets/css/fontello/font/fontello.woff: OK
upstream/.github/assets/css/fonts/librebaskerville/librebaskerville-bold-webfont.eot: OK
upstream/.github/assets/css/fonts/librebaskerville/librebaskerville-bold-webfont.svg: OK
upstream/.github/assets/css/fonts/librebaskerville/librebaskerville-bold-webfont.ttf: OK
upstream/.github/assets/css/fonts/librebaskerville/librebaskerville-bold-webfont.woff: OK
upstream/.github/assets/css/fonts/librebaskerville/librebaskerville-italic-webfont.eot: OK
upstream/.github/assets/css/fonts/librebaskerville/librebaskerville-italic-webfont.svg: OK
upstream/.github/assets/css/fonts/librebaskerville/librebaskerville-italic-webfont.ttf: OK
upstream/.github/assets/css/fonts/librebaskerville/librebaskerville-italic-webfont.woff: OK
upstream/.github/assets/css/fonts/librebaskerville/librebaskerville-regular-webfont.eot: OK
upstream/.github/assets/css/fonts/librebaskerville/librebaskerville-regular-webfont.svg: OK
upstream/.github/assets/css/fonts/librebaskerville/librebaskerville-regular-webfont.ttf: OK
upstream/.github/assets/css/fonts/librebaskerville/librebaskerville-regular-webfont.woff: OK
upstream/.github/assets/css/fonts/opensans/OpenSans-Bold-webfont.eot: OK
upstream/.github/assets/css/fonts/opensans/OpenSans-Bold-webfont.svg: OK
upstream/.github/assets/css/fonts/opensans/OpenSans-Bold-webfont.ttf: OK
upstream/.github/assets/css/fonts/opensans/OpenSans-Bold-webfont.woff: OK
upstream/.github/assets/css/fonts/opensans/OpenSans-BoldItalic-webfont.eot: OK
upstream/.github/assets/css/fonts/opensans/OpenSans-BoldItalic-webfont.svg: OK
upstream/.github/assets/css/fonts/opensans/OpenSans-BoldItalic-webfont.ttf: OK
upstream/.github/assets/css/fonts/opensans/OpenSans-BoldItalic-webfont.woff: OK
upstream/.github/assets/css/fonts/opensans/OpenSans-ExtraBold-webfont.eot: OK
upstream/.github/assets/css/fonts/opensans/OpenSans-ExtraBold-webfont.svg: OK
upstream/.github/assets/css/fonts/opensans/OpenSans-ExtraBold-webfont.ttf: OK
upstream/.github/assets/css/fonts/opensans/OpenSans-ExtraBold-webfont.woff: OK
upstream/.github/assets/css/fonts/opensans/OpenSans-ExtraBoldItalic-webfont.eot: OK
upstream/.github/assets/css/fonts/opensans/OpenSans-ExtraBoldItalic-webfont.svg: OK
upstream/.github/assets/css/fonts/opensans/OpenSans-ExtraBoldItalic-webfont.ttf: OK
upstream/.github/assets/css/fonts/opensans/OpenSans-ExtraBoldItalic-webfont.woff: OK
upstream/.github/assets/css/fonts/opensans/OpenSans-Italic-webfont.eot: OK
upstream/.github/assets/css/fonts/opensans/OpenSans-Italic-webfont.svg: OK
upstream/.github/assets/css/fonts/opensans/OpenSans-Italic-webfont.ttf: OK
upstream/.github/assets/css/fonts/opensans/OpenSans-Italic-webfont.woff: OK
upstream/.github/assets/css/fonts/opensans/OpenSans-Light-webfont.eot: OK
upstream/.github/assets/css/fonts/opensans/OpenSans-Light-webfont.svg: OK
upstream/.github/assets/css/fonts/opensans/OpenSans-Light-webfont.ttf: OK
upstream/.github/assets/css/fonts/opensans/OpenSans-Light-webfont.woff: OK
upstream/.github/assets/css/fonts/opensans/OpenSans-LightItalic-webfont.eot: OK
upstream/.github/assets/css/fonts/opensans/OpenSans-LightItalic-webfont.svg: OK
upstream/.github/assets/css/fonts/opensans/OpenSans-LightItalic-webfont.ttf: OK
upstream/.github/assets/css/fonts/opensans/OpenSans-LightItalic-webfont.woff: OK
upstream/.github/assets/css/fonts/opensans/OpenSans-Regular-webfont.eot: OK
upstream/.github/assets/css/fonts/opensans/OpenSans-Regular-webfont.svg: OK
upstream/.github/assets/css/fonts/opensans/OpenSans-Regular-webfont.ttf: OK
upstream/.github/assets/css/fonts/opensans/OpenSans-Regular-webfont.woff: OK
upstream/.github/assets/css/fonts/opensans/OpenSans-Semibold-webfont.eot: OK
upstream/.github/assets/css/fonts/opensans/OpenSans-Semibold-webfont.svg: OK
upstream/.github/assets/css/fonts/opensans/OpenSans-Semibold-webfont.ttf: OK
upstream/.github/assets/css/fonts/opensans/OpenSans-Semibold-webfont.woff: OK
upstream/.github/assets/css/fonts/opensans/OpenSans-SemiboldItalic-webfont.eot: OK
upstream/.github/assets/css/fonts/opensans/OpenSans-SemiboldItalic-webfont.svg: OK
upstream/.github/assets/css/fonts/opensans/OpenSans-SemiboldItalic-webfont.ttf: OK
upstream/.github/assets/css/fonts/opensans/OpenSans-SemiboldItalic-webfont.woff: OK
upstream/.github/assets/css/styles.css: OK
upstream/.github/assets/css/vendor.css: OK
upstream/.github/assets/custom_template.html: OK
upstream/.github/assets/favicon/apple-touch-icon.png: OK
upstream/.github/assets/favicon/favicon-96x96.png: OK
upstream/.github/assets/favicon/favicon.ico: OK
upstream/.github/assets/favicon/favicon.svg: OK
upstream/.github/assets/favicon/site.webmanifest: OK
upstream/.github/assets/favicon/web-app-manifest-192x192.png: OK
upstream/.github/assets/favicon/web-app-manifest-512x512.png: OK
upstream/.github/assets/js/command-data.js: OK
upstream/.github/assets/js/command-palette.js: OK
upstream/.github/assets/js/config.js: OK
upstream/.github/assets/js/html-sanitizer.js: OK
upstream/.github/assets/js/main.js: OK
upstream/.github/assets/js/search-helper.js: OK
upstream/.github/assets/js/search_db.json: OK
upstream/.github/assets/js/shortcut-key.js: OK
upstream/.github/assets/js/theme-toggle.js: OK
upstream/.github/assets/logos/CoMPhy-Lab-no-name.png: OK
upstream/.github/assets/logos/CoMPhy-Lab.svg: OK
upstream/.github/assets/logos/LogoPof_transparent_white.png: OK
upstream/.github/assets/logos/Logo_Vatsal_Vector.png: OK
upstream/.github/assets/logos/Logo_Vatsal_v3_OutLine.png: OK
upstream/.github/assets/logos/UT_Logo_2400_Sta_White_EN.png: OK
upstream/.github/assets/logos/UT_Logo_2400_White_EN.png: OK
upstream/.github/assets/logos/bluesky.png: OK
upstream/.github/assets/logos/logoBasilisk_TransparentBackground.png: OK
upstream/.github/scripts/__pycache__/generate_docs.cpython-313.pyc: OK
upstream/.github/scripts/build.sh: OK
upstream/.github/scripts/deploy.sh: OK
upstream/.github/scripts/fix_empty_anchors.py: OK
upstream/.github/scripts/generate_docs.py: OK
upstream/.github/scripts/html_cleaning_patterns.py: OK
upstream/.github/scripts/requirements.txt: OK
upstream/.github/workflows/deploy.yml: OK
upstream/.github/workflows/rebuild-on-search-update.yml: OK
upstream/.github/workflows/update-search.yml: OK
upstream/.gitignore: OK
upstream/.project_config: OK
upstream/.qcc2XyEeQ/_attributes.h: OK
upstream/.qcc2XyEeQ/_maps.h: OK
upstream/.qcc2XyEeQ/display.h: OK
upstream/.qcc2XyEeQ/draw.h: OK
upstream/.qcc2XyEeQ/draw_get.h: OK
upstream/.qcc2XyEeQ/draw_json.h: OK
upstream/.qcc2XyEeQ/fractions.h: OK
upstream/.qcc2XyEeQ/geometry.h: OK
upstream/.qcc2XyEeQ/gl/font.h: OK
upstream/.qcc2XyEeQ/gl/og_font.h: OK
upstream/.qcc2XyEeQ/gl/tinygl.h: OK
upstream/.qcc2XyEeQ/grid/balance.h: OK
upstream/.qcc2XyEeQ/grid/cartesian-common.h: OK
upstream/.qcc2XyEeQ/grid/events.h: OK
upstream/.qcc2XyEeQ/grid/foreach_cell.h: OK
upstream/.qcc2XyEeQ/grid/fpe.h: OK
upstream/.qcc2XyEeQ/grid/gpu/output.h: OK
upstream/.qcc2XyEeQ/grid/layers.h: OK
upstream/.qcc2XyEeQ/grid/memindex/virtual.h: OK
upstream/.qcc2XyEeQ/grid/mempool.h: OK
upstream/.qcc2XyEeQ/grid/multigrid-common.h: OK
upstream/.qcc2XyEeQ/grid/neighbors.h: OK
upstream/.qcc2XyEeQ/grid/quadtree.h: OK
upstream/.qcc2XyEeQ/grid/stencils.h: OK
upstream/.qcc2XyEeQ/grid/tree-common.h: OK
upstream/.qcc2XyEeQ/grid/tree-mpi.h: OK
upstream/.qcc2XyEeQ/grid/tree.h: OK
upstream/.qcc2XyEeQ/grid/variables.h: OK
upstream/.qcc2XyEeQ/input.h: OK
upstream/.qcc2XyEeQ/khash.h: OK
upstream/.qcc2XyEeQ/myc.h: OK
upstream/.qcc2XyEeQ/myc2d.h: OK
upstream/.qcc2XyEeQ/output.h: OK
upstream/.qcc2XyEeQ/parse.h: OK
upstream/.qcc2XyEeQ/utils.h: OK
upstream/.qcc2XyEeQ/vertexbuffer.h: OK
upstream/.qcc2XyEeQ/view.h: OK
upstream/AGENTS.md: OK
upstream/LICENSE: OK
upstream/README.md: OK
upstream/basilisk/.comphy-lock: OK
upstream/basilisk/src/qcc: OK
upstream/default.params: OK
upstream/docs/apple-touch-icon.png: OK
upstream/docs/assets/css/academicons-1.7.0/README.md: OK
upstream/docs/assets/css/academicons-1.7.0/bower.json: OK
upstream/docs/assets/css/academicons-1.7.0/css/academicons.css: OK
upstream/docs/assets/css/academicons-1.7.0/css/academicons.min.css: OK
upstream/docs/assets/css/academicons-1.7.0/fonts/academicons.eot: OK
upstream/docs/assets/css/academicons-1.7.0/fonts/academicons.svg: OK
upstream/docs/assets/css/academicons-1.7.0/fonts/academicons.ttf: OK
upstream/docs/assets/css/academicons-1.7.0/fonts/academicons.woff: OK
upstream/docs/assets/css/command-palette.css: OK
upstream/docs/assets/css/custom_styles.css: OK
upstream/docs/assets/css/fontello/css/animation.css: OK
upstream/docs/assets/css/fontello/css/fontello-codes.css: OK
upstream/docs/assets/css/fontello/css/fontello-embedded.css: OK
upstream/docs/assets/css/fontello/css/fontello-ie7-codes.css: OK
upstream/docs/assets/css/fontello/css/fontello-ie7.css: OK
upstream/docs/assets/css/fontello/css/fontello.css: OK
upstream/docs/assets/css/fontello/font/fontello.eot: OK
upstream/docs/assets/css/fontello/font/fontello.svg: OK
upstream/docs/assets/css/fontello/font/fontello.ttf: OK
upstream/docs/assets/css/fontello/font/fontello.woff: OK
upstream/docs/assets/css/fonts/librebaskerville/librebaskerville-bold-webfont.eot: OK
upstream/docs/assets/css/fonts/librebaskerville/librebaskerville-bold-webfont.svg: OK
upstream/docs/assets/css/fonts/librebaskerville/librebaskerville-bold-webfont.ttf: OK
upstream/docs/assets/css/fonts/librebaskerville/librebaskerville-bold-webfont.woff: OK
upstream/docs/assets/css/fonts/librebaskerville/librebaskerville-italic-webfont.eot: OK
upstream/docs/assets/css/fonts/librebaskerville/librebaskerville-italic-webfont.svg: OK
upstream/docs/assets/css/fonts/librebaskerville/librebaskerville-italic-webfont.ttf: OK
upstream/docs/assets/css/fonts/librebaskerville/librebaskerville-italic-webfont.woff: OK
upstream/docs/assets/css/fonts/librebaskerville/librebaskerville-regular-webfont.eot: OK
upstream/docs/assets/css/fonts/librebaskerville/librebaskerville-regular-webfont.svg: OK
upstream/docs/assets/css/fonts/librebaskerville/librebaskerville-regular-webfont.ttf: OK
upstream/docs/assets/css/fonts/librebaskerville/librebaskerville-regular-webfont.woff: OK
upstream/docs/assets/css/fonts/opensans/OpenSans-Bold-webfont.eot: OK
upstream/docs/assets/css/fonts/opensans/OpenSans-Bold-webfont.svg: OK
upstream/docs/assets/css/fonts/opensans/OpenSans-Bold-webfont.ttf: OK
upstream/docs/assets/css/fonts/opensans/OpenSans-Bold-webfont.woff: OK
upstream/docs/assets/css/fonts/opensans/OpenSans-BoldItalic-webfont.eot: OK
upstream/docs/assets/css/fonts/opensans/OpenSans-BoldItalic-webfont.svg: OK
upstream/docs/assets/css/fonts/opensans/OpenSans-BoldItalic-webfont.ttf: OK
upstream/docs/assets/css/fonts/opensans/OpenSans-BoldItalic-webfont.woff: OK
upstream/docs/assets/css/fonts/opensans/OpenSans-ExtraBold-webfont.eot: OK
upstream/docs/assets/css/fonts/opensans/OpenSans-ExtraBold-webfont.svg: OK
upstream/docs/assets/css/fonts/opensans/OpenSans-ExtraBold-webfont.ttf: OK
upstream/docs/assets/css/fonts/opensans/OpenSans-ExtraBold-webfont.woff: OK
upstream/docs/assets/css/fonts/opensans/OpenSans-ExtraBoldItalic-webfont.eot: OK
upstream/docs/assets/css/fonts/opensans/OpenSans-ExtraBoldItalic-webfont.svg: OK
upstream/docs/assets/css/fonts/opensans/OpenSans-ExtraBoldItalic-webfont.ttf: OK
upstream/docs/assets/css/fonts/opensans/OpenSans-ExtraBoldItalic-webfont.woff: OK
upstream/docs/assets/css/fonts/opensans/OpenSans-Italic-webfont.eot: OK
upstream/docs/assets/css/fonts/opensans/OpenSans-Italic-webfont.svg: OK
upstream/docs/assets/css/fonts/opensans/OpenSans-Italic-webfont.ttf: OK
upstream/docs/assets/css/fonts/opensans/OpenSans-Italic-webfont.woff: OK
upstream/docs/assets/css/fonts/opensans/OpenSans-Light-webfont.eot: OK
upstream/docs/assets/css/fonts/opensans/OpenSans-Light-webfont.svg: OK
upstream/docs/assets/css/fonts/opensans/OpenSans-Light-webfont.ttf: OK
upstream/docs/assets/css/fonts/opensans/OpenSans-Light-webfont.woff: OK
upstream/docs/assets/css/fonts/opensans/OpenSans-LightItalic-webfont.eot: OK
upstream/docs/assets/css/fonts/opensans/OpenSans-LightItalic-webfont.svg: OK
upstream/docs/assets/css/fonts/opensans/OpenSans-LightItalic-webfont.ttf: OK
upstream/docs/assets/css/fonts/opensans/OpenSans-LightItalic-webfont.woff: OK
upstream/docs/assets/css/fonts/opensans/OpenSans-Regular-webfont.eot: OK
upstream/docs/assets/css/fonts/opensans/OpenSans-Regular-webfont.svg: OK
upstream/docs/assets/css/fonts/opensans/OpenSans-Regular-webfont.ttf: OK
upstream/docs/assets/css/fonts/opensans/OpenSans-Regular-webfont.woff: OK
upstream/docs/assets/css/fonts/opensans/OpenSans-Semibold-webfont.eot: OK
upstream/docs/assets/css/fonts/opensans/OpenSans-Semibold-webfont.svg: OK
upstream/docs/assets/css/fonts/opensans/OpenSans-Semibold-webfont.ttf: OK
upstream/docs/assets/css/fonts/opensans/OpenSans-Semibold-webfont.woff: OK
upstream/docs/assets/css/fonts/opensans/OpenSans-SemiboldItalic-webfont.eot: OK
upstream/docs/assets/css/fonts/opensans/OpenSans-SemiboldItalic-webfont.svg: OK
upstream/docs/assets/css/fonts/opensans/OpenSans-SemiboldItalic-webfont.ttf: OK
upstream/docs/assets/css/fonts/opensans/OpenSans-SemiboldItalic-webfont.woff: OK
upstream/docs/assets/css/styles.css: OK
upstream/docs/assets/css/vendor.css: OK
upstream/docs/assets/favicon/apple-touch-icon.png: OK
upstream/docs/assets/favicon/favicon-96x96.png: OK
upstream/docs/assets/favicon/favicon.ico: OK
upstream/docs/assets/favicon/favicon.svg: OK
upstream/docs/assets/favicon/site.webmanifest: OK
upstream/docs/assets/favicon/web-app-manifest-192x192.png: OK
upstream/docs/assets/favicon/web-app-manifest-512x512.png: OK
upstream/docs/assets/js/command-data.js: OK
upstream/docs/assets/js/command-palette.js: OK
upstream/docs/assets/js/config.js: OK
upstream/docs/assets/js/html-sanitizer.js: OK
upstream/docs/assets/js/jquery-ui.packed.js: OK
upstream/docs/assets/js/jquery.min.js: OK
upstream/docs/assets/js/main.js: OK
upstream/docs/assets/js/norun.js: OK
upstream/docs/assets/js/plots.js: OK
upstream/docs/assets/js/preview.js: OK
upstream/docs/assets/js/run.js: OK
upstream/docs/assets/js/search-helper.js: OK
upstream/docs/assets/js/search_db.json: OK
upstream/docs/assets/js/shortcut-key.js: OK
upstream/docs/assets/js/status.js: OK
upstream/docs/assets/js/theme-toggle.js: OK
upstream/docs/assets/logos/CoMPhy-Lab-no-name.png: OK
upstream/docs/assets/logos/CoMPhy-Lab.svg: OK
upstream/docs/assets/logos/LogoPof_transparent_white.png: OK
upstream/docs/assets/logos/Logo_Vatsal_Vector.png: OK
upstream/docs/assets/logos/Logo_Vatsal_v3_OutLine.png: OK
upstream/docs/assets/logos/UT_Logo_2400_Sta_White_EN.png: OK
upstream/docs/assets/logos/UT_Logo_2400_White_EN.png: OK
upstream/docs/assets/logos/bluesky.png: OK
upstream/docs/assets/logos/logoBasilisk_TransparentBackground.png: OK
upstream/docs/default.params.html: OK
upstream/docs/favicon-96x96.png: OK
upstream/docs/favicon.ico: OK
upstream/docs/favicon.svg: OK
upstream/docs/index.html: OK
upstream/docs/postProcess/Video-generic.py.html: OK
upstream/docs/postProcess/getFootPrint.c.html: OK
upstream/docs/postProcess/getFootPrint.py.html: OK
upstream/docs/postProcess/index.html: OK
upstream/docs/postProcess/plotFootPrint.py.html: OK
upstream/docs/robots.txt: OK
upstream/docs/runParameterSweep.sh.html: OK
upstream/docs/runPostProcess-Ncases.sh.html: OK
upstream/docs/runSimulation.sh.html: OK
upstream/docs/runSweepHamilton.sbatch.html: OK
upstream/docs/runSweepSnellius.sbatch.html: OK
upstream/docs/simulationCases/dropImpact.c.html: OK
upstream/docs/simulationCases/dropImpact_legacy.c.html: OK
upstream/docs/simulationCases/index.html: OK
upstream/docs/simulationCases/runSnellius_legacy.sbatch.html: OK
upstream/docs/site.webmanifest: OK
upstream/docs/sitemap.xml: OK
upstream/docs/src-local/diagnostics.h.html: OK
upstream/docs/src-local/geometry.h.html: OK
upstream/docs/src-local/index.html: OK
upstream/docs/src-local/params.h.html: OK
upstream/docs/src-local/parse_params.sh.html: OK
upstream/docs/sweep.params.html: OK
upstream/docs/web-app-manifest-192x192.png: OK
upstream/docs/web-app-manifest-512x512.png: OK
upstream/postProcess/Video-generic.py: OK
upstream/postProcess/getData-generic.c: OK
upstream/postProcess/getFacet.c: OK
upstream/postProcess/getFootPrint.c: OK
upstream/postProcess/getFootPrint.py: OK
upstream/postProcess/plotFootPrint.py: OK
upstream/report/tools/snapshot_metrics.c: OK
upstream/reset_install_basilisk-ref-locked.sh: OK
upstream/runParameterSweep.sh: OK
upstream/runPostProcess-Ncases.sh: OK
upstream/runSimulation.sh: OK
upstream/runSweepHamilton.sbatch: OK
upstream/runSweepSnellius.sbatch: OK
upstream/simulationCases/1000/case.params: OK
upstream/simulationCases/1000/dropImpact: OK
upstream/simulationCases/1000/dropImpact.c: OK
upstream/simulationCases/1808/case.params: OK
upstream/simulationCases/1808/dropImpact: OK
upstream/simulationCases/1808/dropImpact.c: OK
upstream/simulationCases/1808/results/1808.mp4: OK
upstream/simulationCases/1808/results/Video/00000000.png: OK
upstream/simulationCases/1808/results/Video/00000010.png: OK
upstream/simulationCases/1808/results/Video/00000020.png: OK
upstream/simulationCases/1808/results/Video/00000030.png: OK
upstream/simulationCases/1808/results/Video/00000040.png: OK
upstream/simulationCases/1808/results/Video/00000050.png: OK
upstream/simulationCases/1808/results/Video/00000060.png: OK
upstream/simulationCases/1808/results/Video/00000070.png: OK
upstream/simulationCases/1808/results/Video/00000080.png: OK
upstream/simulationCases/1808/results/Video/00000090.png: OK
upstream/simulationCases/1808/results/Video/00000100.png: OK
upstream/simulationCases/1808/results/Video/00000110.png: OK
upstream/simulationCases/1808/results/Video/00000120.png: OK
upstream/simulationCases/1808/results/Video/00000130.png: OK
upstream/simulationCases/1808/results/Video/00000140.png: OK
upstream/simulationCases/1808/results/Video/00000150.png: OK
upstream/simulationCases/1808/results/Video/00000160.png: OK
upstream/simulationCases/1808/results/Video/00000170.png: OK
upstream/simulationCases/1808/results/Video/00000180.png: OK
upstream/simulationCases/1808/results/Video/00000190.png: OK
upstream/simulationCases/1808/results/Video/00000200.png: OK
upstream/simulationCases/1808/results/Video/00000210.png: OK
upstream/simulationCases/1808/results/Video/00000220.png: OK
upstream/simulationCases/1808/results/Video/00000230.png: OK
upstream/simulationCases/1808/results/Video/00000240.png: OK
upstream/simulationCases/1808/results/Video/00000250.png: OK
upstream/simulationCases/1808/results/Video/00000260.png: OK
upstream/simulationCases/1808/results/Video/00000270.png: OK
upstream/simulationCases/1808/results/Video/00000280.png: OK
upstream/simulationCases/1808/results/Video/00000290.png: OK
upstream/simulationCases/1808/results/Video/00000300.png: OK
upstream/simulationCases/1808/results/Video/00000310.png: OK
upstream/simulationCases/1808/results/footprint_evolution.pdf: OK
upstream/simulationCases/1808/results/intermediate/snapshot-0.0000: OK
upstream/simulationCases/1808/results/intermediate/snapshot-0.0100: OK
upstream/simulationCases/1808/results/intermediate/snapshot-0.0200: OK
upstream/simulationCases/1808/results/intermediate/snapshot-0.0300: OK
upstream/simulationCases/1808/results/intermediate/snapshot-0.0400: OK
upstream/simulationCases/1808/results/intermediate/snapshot-0.0500: OK
upstream/simulationCases/1808/results/intermediate/snapshot-0.0600: OK
upstream/simulationCases/1808/results/intermediate/snapshot-0.0700: OK
upstream/simulationCases/1808/results/intermediate/snapshot-0.0800: OK
upstream/simulationCases/1808/results/intermediate/snapshot-0.0900: OK
upstream/simulationCases/1808/results/intermediate/snapshot-0.1000: OK
upstream/simulationCases/1808/results/intermediate/snapshot-0.1100: OK
upstream/simulationCases/1808/results/intermediate/snapshot-0.1200: OK
upstream/simulationCases/1808/results/intermediate/snapshot-0.1300: OK
upstream/simulationCases/1808/results/intermediate/snapshot-0.1400: OK
upstream/simulationCases/1808/results/intermediate/snapshot-0.1500: OK
upstream/simulationCases/1808/results/intermediate/snapshot-0.1600: OK
upstream/simulationCases/1808/results/intermediate/snapshot-0.1700: OK
upstream/simulationCases/1808/results/intermediate/snapshot-0.1800: OK
upstream/simulationCases/1808/results/intermediate/snapshot-0.1900: OK
upstream/simulationCases/1808/results/intermediate/snapshot-0.2000: OK
upstream/simulationCases/1808/results/intermediate/snapshot-0.2100: OK
upstream/simulationCases/1808/results/intermediate/snapshot-0.2200: OK
upstream/simulationCases/1808/results/intermediate/snapshot-0.2300: OK
upstream/simulationCases/1808/results/intermediate/snapshot-0.2400: OK
upstream/simulationCases/1808/results/intermediate/snapshot-0.2500: OK
upstream/simulationCases/1808/results/intermediate/snapshot-0.2600: OK
upstream/simulationCases/1808/results/intermediate/snapshot-0.2700: OK
upstream/simulationCases/1808/results/intermediate/snapshot-0.2800: OK
upstream/simulationCases/1808/results/intermediate/snapshot-0.2900: OK
upstream/simulationCases/1808/results/intermediate/snapshot-0.3000: OK
upstream/simulationCases/1808/results/intermediate/snapshot-0.3100: OK
upstream/simulationCases/1808/results/log: OK
upstream/simulationCases/1808/results/rFootvsTime_0.0010.csv: OK
upstream/simulationCases/1808/results/rFootvsTime_0.0025.csv: OK
upstream/simulationCases/1808/results/rFootvsTime_0.0050.csv: OK
upstream/simulationCases/1808/results/rFootvsTime_0.0100.csv: OK
upstream/simulationCases/1808/results/rFootvsTime_0.0500.csv: OK
upstream/simulationCases/1808/results/restart: OK
upstream/simulationCases/1809/case.params: OK
upstream/simulationCases/1809/dropImpact: OK
upstream/simulationCases/1809/dropImpact.c: OK
upstream/simulationCases/1809/results/intermediate/snapshot-0.0000: OK
upstream/simulationCases/1809/results/intermediate/snapshot-0.0100: OK
upstream/simulationCases/1809/results/intermediate/snapshot-0.0200: OK
upstream/simulationCases/1809/results/intermediate/snapshot-0.0300: OK
upstream/simulationCases/1809/results/intermediate/snapshot-0.0400: OK
upstream/simulationCases/1809/results/intermediate/snapshot-0.0500: OK
upstream/simulationCases/1809/results/intermediate/snapshot-0.0600: OK
upstream/simulationCases/1809/results/intermediate/snapshot-0.0700: OK
upstream/simulationCases/1809/results/intermediate/snapshot-0.0800: OK
upstream/simulationCases/1809/results/intermediate/snapshot-0.0900: OK
upstream/simulationCases/1809/results/intermediate/snapshot-0.1000: OK
upstream/simulationCases/1809/results/intermediate/snapshot-0.1100: OK
upstream/simulationCases/1809/results/intermediate/snapshot-0.1200: OK
upstream/simulationCases/1809/results/intermediate/snapshot-0.1300: OK
upstream/simulationCases/1809/results/intermediate/snapshot-0.1400: OK
upstream/simulationCases/1809/results/intermediate/snapshot-0.1500: OK
upstream/simulationCases/1809/results/intermediate/snapshot-0.1600: OK
upstream/simulationCases/1809/results/intermediate/snapshot-0.1700: OK
upstream/simulationCases/1809/results/intermediate/snapshot-0.1800: OK
upstream/simulationCases/1809/results/intermediate/snapshot-0.1900: OK
upstream/simulationCases/1809/results/intermediate/snapshot-0.2000: OK
upstream/simulationCases/1809/results/intermediate/snapshot-0.2100: OK
upstream/simulationCases/1809/results/intermediate/snapshot-0.2200: OK
upstream/simulationCases/1809/results/intermediate/snapshot-0.2300: OK
upstream/simulationCases/1809/results/intermediate/snapshot-0.2400: OK
upstream/simulationCases/1809/results/intermediate/snapshot-0.2500: OK
upstream/simulationCases/1809/results/intermediate/snapshot-0.2600: OK
upstream/simulationCases/1809/results/intermediate/snapshot-0.2700: OK
upstream/simulationCases/1809/results/intermediate/snapshot-0.2800: OK
upstream/simulationCases/1809/results/intermediate/snapshot-0.2900: OK
upstream/simulationCases/1809/results/intermediate/snapshot-0.3000: OK
upstream/simulationCases/1809/results/intermediate/snapshot-0.3100: OK
upstream/simulationCases/1809/results/log: OK
upstream/simulationCases/1809/results/restart: OK
upstream/simulationCases/1810/case.params: OK
upstream/simulationCases/1810/dropImpact: OK
upstream/simulationCases/1810/dropImpact.c: OK
upstream/simulationCases/1810/results/intermediate/snapshot-0.0000: OK
upstream/simulationCases/1810/results/intermediate/snapshot-0.0100: OK
upstream/simulationCases/1810/results/intermediate/snapshot-0.0200: OK
upstream/simulationCases/1810/results/intermediate/snapshot-0.0300: OK
upstream/simulationCases/1810/results/intermediate/snapshot-0.0400: OK
upstream/simulationCases/1810/results/intermediate/snapshot-0.0500: OK
upstream/simulationCases/1810/results/intermediate/snapshot-0.0600: OK
upstream/simulationCases/1810/results/intermediate/snapshot-0.0700: OK
upstream/simulationCases/1810/results/intermediate/snapshot-0.0800: OK
upstream/simulationCases/1810/results/intermediate/snapshot-0.0900: OK
upstream/simulationCases/1810/results/intermediate/snapshot-0.1000: OK
upstream/simulationCases/1810/results/intermediate/snapshot-0.1100: OK
upstream/simulationCases/1810/results/intermediate/snapshot-0.1200: OK
upstream/simulationCases/1810/results/intermediate/snapshot-0.1300: OK
upstream/simulationCases/1810/results/intermediate/snapshot-0.1400: OK
upstream/simulationCases/1810/results/intermediate/snapshot-0.1500: OK
upstream/simulationCases/1810/results/intermediate/snapshot-0.1600: OK
upstream/simulationCases/1810/results/intermediate/snapshot-0.1700: OK
upstream/simulationCases/1810/results/intermediate/snapshot-0.1800: OK
upstream/simulationCases/1810/results/intermediate/snapshot-0.1900: OK
upstream/simulationCases/1810/results/intermediate/snapshot-0.2000: OK
upstream/simulationCases/1810/results/intermediate/snapshot-0.2100: OK
upstream/simulationCases/1810/results/intermediate/snapshot-0.2200: OK
upstream/simulationCases/1810/results/intermediate/snapshot-0.2300: OK
upstream/simulationCases/1810/results/intermediate/snapshot-0.2400: OK
upstream/simulationCases/1810/results/intermediate/snapshot-0.2500: OK
upstream/simulationCases/1810/results/intermediate/snapshot-0.2600: OK
upstream/simulationCases/1810/results/intermediate/snapshot-0.2700: OK
upstream/simulationCases/1810/results/intermediate/snapshot-0.2800: OK
upstream/simulationCases/1810/results/intermediate/snapshot-0.2900: OK
upstream/simulationCases/1810/results/intermediate/snapshot-0.3000: OK
upstream/simulationCases/1810/results/intermediate/snapshot-0.3100: OK
upstream/simulationCases/1810/results/log: OK
upstream/simulationCases/1810/results/restart: OK
upstream/simulationCases/1811/case.params: OK
upstream/simulationCases/1811/dropImpact: OK
upstream/simulationCases/1811/dropImpact.c: OK
upstream/simulationCases/1811/results/intermediate/snapshot-0.0000: OK
upstream/simulationCases/1811/results/intermediate/snapshot-0.0100: OK
upstream/simulationCases/1811/results/intermediate/snapshot-0.0200: OK
upstream/simulationCases/1811/results/intermediate/snapshot-0.0300: OK
upstream/simulationCases/1811/results/intermediate/snapshot-0.0400: OK
upstream/simulationCases/1811/results/intermediate/snapshot-0.0500: OK
upstream/simulationCases/1811/results/intermediate/snapshot-0.0600: OK
upstream/simulationCases/1811/results/intermediate/snapshot-0.0700: OK
upstream/simulationCases/1811/results/intermediate/snapshot-0.0800: OK
upstream/simulationCases/1811/results/intermediate/snapshot-0.0900: OK
upstream/simulationCases/1811/results/intermediate/snapshot-0.1000: OK
upstream/simulationCases/1811/results/intermediate/snapshot-0.1100: OK
upstream/simulationCases/1811/results/intermediate/snapshot-0.1200: OK
upstream/simulationCases/1811/results/intermediate/snapshot-0.1300: OK
upstream/simulationCases/1811/results/intermediate/snapshot-0.1400: OK
upstream/simulationCases/1811/results/intermediate/snapshot-0.1500: OK
upstream/simulationCases/1811/results/intermediate/snapshot-0.1600: OK
upstream/simulationCases/1811/results/intermediate/snapshot-0.1700: OK
upstream/simulationCases/1811/results/intermediate/snapshot-0.1800: OK
upstream/simulationCases/1811/results/intermediate/snapshot-0.1900: OK
upstream/simulationCases/1811/results/intermediate/snapshot-0.2000: OK
upstream/simulationCases/1811/results/intermediate/snapshot-0.2100: OK
upstream/simulationCases/1811/results/intermediate/snapshot-0.2200: OK
upstream/simulationCases/1811/results/intermediate/snapshot-0.2300: OK
upstream/simulationCases/1811/results/intermediate/snapshot-0.2400: OK
upstream/simulationCases/1811/results/intermediate/snapshot-0.2500: OK
upstream/simulationCases/1811/results/intermediate/snapshot-0.2600: OK
upstream/simulationCases/1811/results/intermediate/snapshot-0.2700: OK
upstream/simulationCases/1811/results/intermediate/snapshot-0.2800: OK
upstream/simulationCases/1811/results/intermediate/snapshot-0.2900: OK
upstream/simulationCases/1811/results/intermediate/snapshot-0.3000: OK
upstream/simulationCases/1811/results/intermediate/snapshot-0.3100: OK
upstream/simulationCases/1811/results/log: OK
upstream/simulationCases/1811/results/restart: OK
upstream/simulationCases/1812/case.params: OK
upstream/simulationCases/1812/dropImpact: OK
upstream/simulationCases/1812/dropImpact.c: OK
upstream/simulationCases/1812/results/intermediate/snapshot-0.0000: OK
upstream/simulationCases/1812/results/intermediate/snapshot-0.0100: OK
upstream/simulationCases/1812/results/intermediate/snapshot-0.0200: OK
upstream/simulationCases/1812/results/intermediate/snapshot-0.0300: OK
upstream/simulationCases/1812/results/intermediate/snapshot-0.0400: OK
upstream/simulationCases/1812/results/intermediate/snapshot-0.0500: OK
upstream/simulationCases/1812/results/intermediate/snapshot-0.0600: OK
upstream/simulationCases/1812/results/intermediate/snapshot-0.0700: OK
upstream/simulationCases/1812/results/intermediate/snapshot-0.0800: OK
upstream/simulationCases/1812/results/intermediate/snapshot-0.0900: OK
upstream/simulationCases/1812/results/intermediate/snapshot-0.1000: OK
upstream/simulationCases/1812/results/intermediate/snapshot-0.1100: OK
upstream/simulationCases/1812/results/intermediate/snapshot-0.1200: OK
upstream/simulationCases/1812/results/intermediate/snapshot-0.1300: OK
upstream/simulationCases/1812/results/intermediate/snapshot-0.1400: OK
upstream/simulationCases/1812/results/intermediate/snapshot-0.1500: OK
upstream/simulationCases/1812/results/intermediate/snapshot-0.1600: OK
upstream/simulationCases/1812/results/intermediate/snapshot-0.1700: OK
upstream/simulationCases/1812/results/intermediate/snapshot-0.1800: OK
upstream/simulationCases/1812/results/intermediate/snapshot-0.1900: OK
upstream/simulationCases/1812/results/intermediate/snapshot-0.2000: OK
upstream/simulationCases/1812/results/intermediate/snapshot-0.2100: OK
upstream/simulationCases/1812/results/intermediate/snapshot-0.2200: OK
upstream/simulationCases/1812/results/intermediate/snapshot-0.2300: OK
upstream/simulationCases/1812/results/intermediate/snapshot-0.2400: OK
upstream/simulationCases/1812/results/intermediate/snapshot-0.2500: OK
upstream/simulationCases/1812/results/intermediate/snapshot-0.2600: OK
upstream/simulationCases/1812/results/intermediate/snapshot-0.2700: OK
upstream/simulationCases/1812/results/intermediate/snapshot-0.2800: OK
upstream/simulationCases/1812/results/intermediate/snapshot-0.2900: OK
upstream/simulationCases/1812/results/intermediate/snapshot-0.3000: OK
upstream/simulationCases/1812/results/intermediate/snapshot-0.3100: OK
upstream/simulationCases/1812/results/log: OK
upstream/simulationCases/1812/results/restart: OK
upstream/simulationCases/1820/case.params: OK
upstream/simulationCases/1820/dropImpact: OK
upstream/simulationCases/1820/dropImpact.c: OK
upstream/simulationCases/1820/results/intermediate/snapshot-0.0000: OK
upstream/simulationCases/1820/results/intermediate/snapshot-0.0100: OK
upstream/simulationCases/1820/results/intermediate/snapshot-0.0200: OK
upstream/simulationCases/1820/results/intermediate/snapshot-0.0300: OK
upstream/simulationCases/1820/results/intermediate/snapshot-0.0400: OK
upstream/simulationCases/1820/results/intermediate/snapshot-0.0500: OK
upstream/simulationCases/1820/results/intermediate/snapshot-0.0600: OK
upstream/simulationCases/1820/results/intermediate/snapshot-0.0700: OK
upstream/simulationCases/1820/results/intermediate/snapshot-0.0800: OK
upstream/simulationCases/1820/results/intermediate/snapshot-0.0900: OK
upstream/simulationCases/1820/results/intermediate/snapshot-0.1000: OK
upstream/simulationCases/1820/results/intermediate/snapshot-0.1100: OK
upstream/simulationCases/1820/results/intermediate/snapshot-0.1200: OK
upstream/simulationCases/1820/results/intermediate/snapshot-0.1300: OK
upstream/simulationCases/1820/results/intermediate/snapshot-0.1400: OK
upstream/simulationCases/1820/results/intermediate/snapshot-0.1500: OK
upstream/simulationCases/1820/results/intermediate/snapshot-0.1600: OK
upstream/simulationCases/1820/results/intermediate/snapshot-0.1700: OK
upstream/simulationCases/1820/results/intermediate/snapshot-0.1800: OK
upstream/simulationCases/1820/results/intermediate/snapshot-0.1900: OK
upstream/simulationCases/1820/results/intermediate/snapshot-0.2000: OK
upstream/simulationCases/1820/results/intermediate/snapshot-0.2100: OK
upstream/simulationCases/1820/results/intermediate/snapshot-0.2200: OK
upstream/simulationCases/1820/results/intermediate/snapshot-0.2300: OK
upstream/simulationCases/1820/results/intermediate/snapshot-0.2400: OK
upstream/simulationCases/1820/results/intermediate/snapshot-0.2500: OK
upstream/simulationCases/1820/results/intermediate/snapshot-0.2600: OK
upstream/simulationCases/1820/results/intermediate/snapshot-0.2700: OK
upstream/simulationCases/1820/results/intermediate/snapshot-0.2800: OK
upstream/simulationCases/1820/results/intermediate/snapshot-0.2900: OK
upstream/simulationCases/1820/results/intermediate/snapshot-0.3000: OK
upstream/simulationCases/1820/results/intermediate/snapshot-0.3100: OK
upstream/simulationCases/1820/results/intermediate/snapshot-0.3200: OK
upstream/simulationCases/1820/results/intermediate/snapshot-0.3300: OK
upstream/simulationCases/1820/results/intermediate/snapshot-0.3400: OK
upstream/simulationCases/1820/results/intermediate/snapshot-0.3500: OK
upstream/simulationCases/1820/results/intermediate/snapshot-0.3600: OK
upstream/simulationCases/1820/results/intermediate/snapshot-0.3700: OK
upstream/simulationCases/1820/results/intermediate/snapshot-0.3800: OK
upstream/simulationCases/1820/results/intermediate/snapshot-0.3900: OK
upstream/simulationCases/1820/results/intermediate/snapshot-0.4000: OK
upstream/simulationCases/1820/results/intermediate/snapshot-0.4100: OK
upstream/simulationCases/1820/results/intermediate/snapshot-0.4200: OK
upstream/simulationCases/1820/results/intermediate/snapshot-0.4300: OK
upstream/simulationCases/1820/results/intermediate/snapshot-0.4400: OK
upstream/simulationCases/1820/results/log: OK
upstream/simulationCases/1820/results/restart: OK
upstream/simulationCases/dropImpact.c: OK
upstream/simulationCases/dropImpact_legacy.c: OK
upstream/simulationCases/runSnellius_legacy.sbatch: OK
upstream/src-local/diagnostics.h: OK
upstream/src-local/geometry.h: OK
upstream/src-local/params.h: OK
upstream/src-local/parse_params.sh: OK
upstream/sweep.params: OK
