=========================================
Drop Impact Simulation - Single Case
=========================================
Case Number: 1811
Case Directory: simulationCases/1811
Parameter File: ../report/params/grid_l11.params
Execution Mode: Serial

Creating case directory: simulationCases/1811

=========================================
Compilation
=========================================
Copied source file to case directory
Compiling dropImpact.c...
Compilation successful: dropImpact

=========================================
Execution
=========================================
Running simulation with case.params

Starting simulation...
=========================================
INFO: tmax scaled: 0.1 * sqrt(We=10) = 0.3162
Created output directory: results
Created output directory: results/intermediate
Log file opened: results/log

========================================
Drop Impact Simulation Configuration
========================================

Case Identification:
  Case Number:              1811

Physical Parameters:
  Weber number (We):        10
  Ohnesorge (drop):         0.01
  Ohnesorge (surround):     1e-05
  Density ratio:            0.001
  Reynolds (drop):          316.228

Geometry:
  Domain size (Ldomain):    8
  Drop position (x, y):     (1.05, 0)
  Drop radius:              1
  Impact velocity:          -1

Numerical Settings:
  Grid levels (min/max):    6 / 11
  Initial grid level:       6 (2^6 = 64 cells)
  Error tolerances:
    VOF (fErr):             0.001
    Curvature (KErr):       0.0001
    Velocity (VelErr):      0.01

Time Control:
  Maximum time (tmax):      0.316228
  Snapshot interval:        0.01

Output:
  Output directory:         results
  Log interval:             1 iterations

========================================


Initializing simulation from initial conditions...
Initial grid refinement complete (MAXlevel = 11)
Initial drop setup complete:
  Drop center: (1.05, 0)
  Drop radius: 1
  Impact velocity: -1
Initialization complete.

i=0  t=0  dt=1.2522e-06  KE=2.08836
Snapshot saved at t = 0
Snapshot saved at t = 0.01
Snapshot saved at t = 0.02
i=100  t=0.0263636  dt=0.00030303  KE=2.07798
Snapshot saved at t = 0.03
Snapshot saved at t = 0.04
i=200  t=0.0480967  dt=0.000126887  KE=2.07701
Snapshot saved at t = 0.05
Snapshot saved at t = 0.06
i=300  t=0.0607932  dt=0.000133432  KE=2.07283
Snapshot saved at t = 0.07
i=400  t=0.0761172  dt=0.00019414  KE=2.06421
Snapshot saved at t = 0.08
Snapshot saved at t = 0.09
i=500  t=0.0994685  dt=0.000265742  KE=2.04705
Snapshot saved at t = 0.1
Snapshot saved at t = 0.11
Snapshot saved at t = 0.12
i=600  t=0.129394  dt=0.00030303  KE=2.02199
Snapshot saved at t = 0.13
Snapshot saved at t = 0.14
Snapshot saved at t = 0.15
i=700  t=0.159697  dt=0.00030303  KE=1.99367
Snapshot saved at t = 0.16
Snapshot saved at t = 0.17
Snapshot saved at t = 0.18
i=800  t=0.19  dt=0.00030303  KE=1.96363
Snapshot saved at t = 0.19
Snapshot saved at t = 0.2
Snapshot saved at t = 0.21
Snapshot saved at t = 0.22
i=900  t=0.220303  dt=0.00030303  KE=1.93237
Snapshot saved at t = 0.23
Snapshot saved at t = 0.24
Snapshot saved at t = 0.25
i=1000  t=0.250606  dt=0.00030303  KE=1.90007
Snapshot saved at t = 0.26
Snapshot saved at t = 0.27
Snapshot saved at t = 0.28
i=1100  t=0.280909  dt=0.00030303  KE=1.8669
Snapshot saved at t = 0.29
Snapshot saved at t = 0.3
Snapshot saved at t = 0.31
Log file closed

Simulation completed successfully.

# Quadtree, 1196 steps, 100.5 CPU, 100.6 real, 2.14e+05 points.step/s, 41 var
=========================================
Simulation completed successfully
Output location: simulationCases/1811
=========================================
	Command being timed: "./runSimulation.sh ../report/params/grid_l11.params"
	User time (seconds): 106.62
	System time (seconds): 1.06
	Percent of CPU this job got: 99%
	Elapsed (wall clock) time (h:mm:ss or m:ss): 1:48.11
	Average shared text size (kbytes): 0
	Average unshared data size (kbytes): 0
	Average stack size (kbytes): 0
	Average total size (kbytes): 0
	Maximum resident set size (kbytes): 542904
	Average resident set size (kbytes): 0
	Major (requiring I/O) page faults: 0
	Minor (reclaiming a frame) page faults: 307612
	Voluntary context switches: 2441
	Involuntary context switches: 819
	Swaps: 0
	File system inputs: 8
	File system outputs: 277144
	Socket messages sent: 0
	Socket messages received: 0
	Signals delivered: 0
	Page size (bytes): 4096
	Exit status: 0
