=========================================
Drop Impact - Post-Processing Pipeline
=========================================
Cases to process: 1808
Total cases: 1

Settings:
  CPUs:       4
  nGFS:       32
  tsnap:      0.01
  GridsPerR:  64
  Domain:     R=[0,3], Z=[0,3]

Steps to run:
  [1] Video-generic.py (frame generation)
  [2] getFootPrint.py (footprint extraction)
  [3] plotFootPrint.py (PDF generation)


=========================================
Processing Cases
=========================================

-----------------------------------------
Case 1808
-----------------------------------------
  Found 32 snapshots in intermediate/

  [1/3] Running Video-generic.py...
[13:59:53] [INFO] Processing 1808/results/intermediate/snapshot-0.0200
[13:59:53] [INFO] Processing 1808/results/intermediate/snapshot-0.0000
[13:59:53] [INFO] Processing 1808/results/intermediate/snapshot-0.0400
[13:59:53] [INFO] Processing 1808/results/intermediate/snapshot-0.0600
[13:59:53] [INFO] snapshot-0.0400: nz = 192
[13:59:53] [INFO] snapshot-0.0600: nz = 192
[13:59:53] [INFO] snapshot-0.0000: nz = 192
[13:59:53] [INFO] snapshot-0.0200: nz = 192
[13:59:53] [INFO] Saved: 1808/results/Video/00000000.png
[13:59:53] [INFO] Processing 1808/results/intermediate/snapshot-0.0100
[13:59:53] [INFO] Saved: 1808/results/Video/00000040.png
[13:59:53] [INFO] Processing 1808/results/intermediate/snapshot-0.0500
[13:59:53] [INFO] Saved: 1808/results/Video/00000060.png
[13:59:53] [INFO] Processing 1808/results/intermediate/snapshot-0.0700
[13:59:53] [INFO] Saved: 1808/results/Video/00000020.png
[13:59:53] [INFO] Processing 1808/results/intermediate/snapshot-0.0300
[13:59:53] [INFO] snapshot-0.0100: nz = 192
[13:59:53] [INFO] snapshot-0.0500: nz = 192
[13:59:53] [INFO] snapshot-0.0700: nz = 192
[13:59:53] [INFO] snapshot-0.0300: nz = 192
[13:59:54] [INFO] Saved: 1808/results/Video/00000010.png
[13:59:54] [INFO] Processing 1808/results/intermediate/snapshot-0.0800
[13:59:54] [INFO] Saved: 1808/results/Video/00000070.png
[13:59:54] [INFO] Processing 1808/results/intermediate/snapshot-0.1000
[13:59:54] [INFO] Saved: 1808/results/Video/00000050.png
[13:59:54] [INFO] Processing 1808/results/intermediate/snapshot-0.1200
[13:59:54] [INFO] Saved: 1808/results/Video/00000030.png
[13:59:54] [INFO] Processing 1808/results/intermediate/snapshot-0.1400
[13:59:54] [INFO] snapshot-0.0800: nz = 192
[13:59:54] [INFO] snapshot-0.1000: nz = 192
[13:59:54] [INFO] snapshot-0.1400: nz = 192
[13:59:54] [INFO] snapshot-0.1200: nz = 192
[13:59:54] [INFO] Saved: 1808/results/Video/00000080.png
[13:59:54] [INFO] Processing 1808/results/intermediate/snapshot-0.0900
[13:59:54] [INFO] Saved: 1808/results/Video/00000100.png
[13:59:54] [INFO] Processing 1808/results/intermediate/snapshot-0.1100
[13:59:54] [INFO] Saved: 1808/results/Video/00000120.png
[13:59:54] [INFO] Processing 1808/results/intermediate/snapshot-0.1300
[13:59:54] [INFO] Saved: 1808/results/Video/00000140.png
[13:59:54] [INFO] Processing 1808/results/intermediate/snapshot-0.1500
[13:59:54] [INFO] snapshot-0.0900: nz = 192
[13:59:54] [INFO] snapshot-0.1100: nz = 192
[13:59:54] [INFO] snapshot-0.1300: nz = 192
[13:59:54] [INFO] snapshot-0.1500: nz = 192
[13:59:55] [INFO] Saved: 1808/results/Video/00000090.png
[13:59:55] [INFO] Processing 1808/results/intermediate/snapshot-0.1600
[13:59:55] [INFO] Saved: 1808/results/Video/00000110.png
[13:59:55] [INFO] Processing 1808/results/intermediate/snapshot-0.1800
[13:59:55] [INFO] Saved: 1808/results/Video/00000130.png
[13:59:55] [INFO] Processing 1808/results/intermediate/snapshot-0.2000
[13:59:55] [INFO] Saved: 1808/results/Video/00000150.png
[13:59:55] [INFO] Processing 1808/results/intermediate/snapshot-0.2200
[13:59:55] [INFO] snapshot-0.1600: nz = 192
[13:59:55] [INFO] snapshot-0.1800: nz = 192
[13:59:55] [INFO] snapshot-0.2200: nz = 192
[13:59:55] [INFO] snapshot-0.2000: nz = 192
[13:59:55] [INFO] Saved: 1808/results/Video/00000160.png
[13:59:55] [INFO] Processing 1808/results/intermediate/snapshot-0.1700
[13:59:55] [INFO] Saved: 1808/results/Video/00000220.png
[13:59:55] [INFO] Processing 1808/results/intermediate/snapshot-0.2300
[13:59:55] [INFO] Saved: 1808/results/Video/00000180.png
[13:59:55] [INFO] Processing 1808/results/intermediate/snapshot-0.1900
[13:59:55] [INFO] Saved: 1808/results/Video/00000200.png
[13:59:55] [INFO] Processing 1808/results/intermediate/snapshot-0.2100
[13:59:55] [INFO] snapshot-0.1700: nz = 192
[13:59:55] [INFO] snapshot-0.1900: nz = 192
[13:59:55] [INFO] snapshot-0.2300: nz = 192
[13:59:55] [INFO] snapshot-0.2100: nz = 192
[13:59:56] [INFO] Saved: 1808/results/Video/00000170.png
[13:59:56] [INFO] Processing 1808/results/intermediate/snapshot-0.2400
[13:59:56] [INFO] Saved: 1808/results/Video/00000190.png
[13:59:56] [INFO] Processing 1808/results/intermediate/snapshot-0.2600
[13:59:56] [INFO] Saved: 1808/results/Video/00000230.png
[13:59:56] [INFO] Processing 1808/results/intermediate/snapshot-0.2800
[13:59:56] [INFO] Saved: 1808/results/Video/00000210.png
[13:59:56] [INFO] Processing 1808/results/intermediate/snapshot-0.3000
[13:59:56] [INFO] snapshot-0.2400: nz = 192
[13:59:56] [INFO] snapshot-0.3000: nz = 192
[13:59:56] [INFO] snapshot-0.2600: nz = 192
[13:59:56] [INFO] snapshot-0.2800: nz = 192
[13:59:56] [INFO] Saved: 1808/results/Video/00000300.png
[13:59:56] [INFO] Processing 1808/results/intermediate/snapshot-0.3100
[13:59:56] [INFO] Saved: 1808/results/Video/00000240.png
[13:59:56] [INFO] Processing 1808/results/intermediate/snapshot-0.2500
[13:59:56] [INFO] Saved: 1808/results/Video/00000280.png
[13:59:56] [INFO] Processing 1808/results/intermediate/snapshot-0.2900
[13:59:56] [INFO] Saved: 1808/results/Video/00000260.png
[13:59:56] [INFO] Processing 1808/results/intermediate/snapshot-0.2700
[13:59:56] [INFO] snapshot-0.3100: nz = 192
[13:59:56] [INFO] snapshot-0.2500: nz = 192
[13:59:56] [INFO] snapshot-0.2900: nz = 192
[13:59:57] [INFO] snapshot-0.2700: nz = 192
[13:59:57] [INFO] Saved: 1808/results/Video/00000310.png
[13:59:57] [INFO] Saved: 1808/results/Video/00000250.png
[13:59:57] [INFO] Saved: 1808/results/Video/00000270.png
[13:59:57] [INFO] Saved: 1808/results/Video/00000290.png
[13:59:57] [INFO] Encoding video: /home/kqdx/basilisk_work/reproductions/drop_impact_20260718/upstream/simulationCases/1808/results/1808.mp4
[13:59:57] [INFO] Video saved: /home/kqdx/basilisk_work/reproductions/drop_impact_20260718/upstream/simulationCases/1808/results/1808.mp4
  [1/3] Video generation complete

  [2/3] Running getFootPrint.py...

Processing cutoff r <= 0.001 m
x_cutoff=0.001 :: t=0.020000, rf=0
x_cutoff=0.001 :: t=0.040000, rf=0
x_cutoff=0.001 :: t=0.000000, rf=0
x_cutoff=0.001 :: t=0.060000, rf=0
x_cutoff=0.001 :: t=0.030000, rf=0
x_cutoff=0.001 :: t=0.050000, rf=0
x_cutoff=0.001 :: t=0.010000, rf=0
x_cutoff=0.001 :: t=0.070000, rf=0
x_cutoff=0.001 :: t=0.100000, rf=0
x_cutoff=0.001 :: t=0.080000, rf=0
x_cutoff=0.001 :: t=0.120000, rf=0
x_cutoff=0.001 :: t=0.140000, rf=0
x_cutoff=0.001 :: t=0.090000, rf=0
x_cutoff=0.001 :: t=0.130000, rf=0
x_cutoff=0.001 :: t=0.110000, rf=0
x_cutoff=0.001 :: t=0.150000, rf=0
x_cutoff=0.001 :: t=0.160000, rf=0
x_cutoff=0.001 :: t=0.200000, rf=0
x_cutoff=0.001 :: t=0.180000, rf=0
x_cutoff=0.001 :: t=0.220000, rf=0
x_cutoff=0.001 :: t=0.210000, rf=0
x_cutoff=0.001 :: t=0.170000, rf=0
x_cutoff=0.001 :: t=0.190000, rf=0
x_cutoff=0.001 :: t=0.230000, rf=0
x_cutoff=0.001 :: t=0.240000, rf=0
x_cutoff=0.001 :: t=0.260000, rf=0
x_cutoff=0.001 :: t=0.280000, rf=0
x_cutoff=0.001 :: t=0.300000, rf=0
x_cutoff=0.001 :: t=0.270000, rf=0
x_cutoff=0.001 :: t=0.250000, rf=0
x_cutoff=0.001 :: t=0.290000, rf=0
x_cutoff=0.001 :: t=0.310000, rf=0
Wrote 32 rows to /home/kqdx/basilisk_work/reproductions/drop_impact_20260718/upstream/simulationCases/1808/results/rFootvsTime_0.0010.csv

Processing cutoff r <= 0.0025 m
x_cutoff=0.0025 :: t=0.020000, rf=0
x_cutoff=0.0025 :: t=0.040000, rf=0
x_cutoff=0.0025 :: t=0.000000, rf=0
x_cutoff=0.0025 :: t=0.060000, rf=0
x_cutoff=0.0025 :: t=0.050000, rf=0
x_cutoff=0.0025 :: t=0.010000, rf=0
x_cutoff=0.0025 :: t=0.030000, rf=0
x_cutoff=0.0025 :: t=0.070000, rf=0
x_cutoff=0.0025 :: t=0.080000, rf=0
x_cutoff=0.0025 :: t=0.100000, rf=0
x_cutoff=0.0025 :: t=0.120000, rf=0
x_cutoff=0.0025 :: t=0.090000, rf=0
x_cutoff=0.0025 :: t=0.140000, rf=0
x_cutoff=0.0025 :: t=0.110000, rf=0
x_cutoff=0.0025 :: t=0.130000, rf=0
x_cutoff=0.0025 :: t=0.150000, rf=0
x_cutoff=0.0025 :: t=0.160000, rf=0
x_cutoff=0.0025 :: t=0.180000, rf=0
x_cutoff=0.0025 :: t=0.200000, rf=0
x_cutoff=0.0025 :: t=0.220000, rf=0
x_cutoff=0.0025 :: t=0.170000, rf=0
x_cutoff=0.0025 :: t=0.190000, rf=0
x_cutoff=0.0025 :: t=0.210000, rf=0
x_cutoff=0.0025 :: t=0.260000, rf=0
x_cutoff=0.0025 :: t=0.240000, rf=0
x_cutoff=0.0025 :: t=0.230000, rf=0
x_cutoff=0.0025 :: t=0.280000, rf=0
x_cutoff=0.0025 :: t=0.270000, rf=0
x_cutoff=0.0025 :: t=0.250000, rf=0
x_cutoff=0.0025 :: t=0.300000, rf=0
x_cutoff=0.0025 :: t=0.290000, rf=0
x_cutoff=0.0025 :: t=0.310000, rf=0
Wrote 32 rows to /home/kqdx/basilisk_work/reproductions/drop_impact_20260718/upstream/simulationCases/1808/results/rFootvsTime_0.0025.csv

Processing cutoff r <= 0.005 m
x_cutoff=0.005 :: t=0.020000, rf=0
x_cutoff=0.005 :: t=0.000000, rf=0
x_cutoff=0.005 :: t=0.040000, rf=0
x_cutoff=0.005 :: t=0.060000, rf=0
x_cutoff=0.005 :: t=0.030000, rf=0
x_cutoff=0.005 :: t=0.010000, rf=0
x_cutoff=0.005 :: t=0.050000, rf=0
x_cutoff=0.005 :: t=0.070000, rf=0
x_cutoff=0.005 :: t=0.100000, rf=0
x_cutoff=0.005 :: t=0.080000, rf=0
x_cutoff=0.005 :: t=0.120000, rf=0
x_cutoff=0.005 :: t=0.140000, rf=0
x_cutoff=0.005 :: t=0.110000, rf=0
x_cutoff=0.005 :: t=0.090000, rf=0
x_cutoff=0.005 :: t=0.130000, rf=0
x_cutoff=0.005 :: t=0.150000, rf=0
x_cutoff=0.005 :: t=0.160000, rf=0
x_cutoff=0.005 :: t=0.180000, rf=0
x_cutoff=0.005 :: t=0.200000, rf=0
x_cutoff=0.005 :: t=0.220000, rf=0
x_cutoff=0.005 :: t=0.190000, rf=0
x_cutoff=0.005 :: t=0.170000, rf=0
x_cutoff=0.005 :: t=0.210000, rf=0
x_cutoff=0.005 :: t=0.230000, rf=0
x_cutoff=0.005 :: t=0.260000, rf=0
x_cutoff=0.005 :: t=0.240000, rf=0
x_cutoff=0.005 :: t=0.280000, rf=0
x_cutoff=0.005 :: t=0.300000, rf=0
x_cutoff=0.005 :: t=0.270000, rf=0
x_cutoff=0.005 :: t=0.250000, rf=0
x_cutoff=0.005 :: t=0.290000, rf=0
x_cutoff=0.005 :: t=0.310000, rf=0
Wrote 32 rows to /home/kqdx/basilisk_work/reproductions/drop_impact_20260718/upstream/simulationCases/1808/results/rFootvsTime_0.0050.csv

Processing cutoff r <= 0.01 m
x_cutoff=0.01 :: t=0.020000, rf=0
x_cutoff=0.01 :: t=0.040000, rf=0
x_cutoff=0.01 :: t=0.000000, rf=0
x_cutoff=0.01 :: t=0.060000, rf=0
x_cutoff=0.01 :: t=0.030000, rf=0
x_cutoff=0.01 :: t=0.050000, rf=0
x_cutoff=0.01 :: t=0.010000, rf=0
x_cutoff=0.01 :: t=0.070000, rf=0
x_cutoff=0.01 :: t=0.080000, rf=0
x_cutoff=0.01 :: t=0.100000, rf=0
x_cutoff=0.01 :: t=0.120000, rf=0
x_cutoff=0.01 :: t=0.140000, rf=0
x_cutoff=0.01 :: t=0.090000, rf=0
x_cutoff=0.01 :: t=0.110000, rf=0
x_cutoff=0.01 :: t=0.130000, rf=0
x_cutoff=0.01 :: t=0.150000, rf=0
x_cutoff=0.01 :: t=0.160000, rf=0
x_cutoff=0.01 :: t=0.180000, rf=0
x_cutoff=0.01 :: t=0.200000, rf=0
x_cutoff=0.01 :: t=0.170000, rf=0
x_cutoff=0.01 :: t=0.220000, rf=0
x_cutoff=0.01 :: t=0.190000, rf=0
x_cutoff=0.01 :: t=0.210000, rf=0
x_cutoff=0.01 :: t=0.240000, rf=0
x_cutoff=0.01 :: t=0.230000, rf=0
x_cutoff=0.01 :: t=0.260000, rf=0
x_cutoff=0.01 :: t=0.280000, rf=0
x_cutoff=0.01 :: t=0.300000, rf=0
x_cutoff=0.01 :: t=0.250000, rf=0
x_cutoff=0.01 :: t=0.290000, rf=0
x_cutoff=0.01 :: t=0.270000, rf=0
x_cutoff=0.01 :: t=0.310000, rf=0
Wrote 32 rows to /home/kqdx/basilisk_work/reproductions/drop_impact_20260718/upstream/simulationCases/1808/results/rFootvsTime_0.0100.csv

Processing cutoff r <= 0.05 m
x_cutoff=0.05 :: t=0.020000, rf=0.232895
x_cutoff=0.05 :: t=0.040000, rf=0.313441
x_cutoff=0.05 :: t=0.000000, rf=0.156867
x_cutoff=0.05 :: t=0.060000, rf=0.375644
x_cutoff=0.05 :: t=0.030000, rf=0.281882
x_cutoff=0.05 :: t=0.050000, rf=0.345492
x_cutoff=0.05 :: t=0.010000, rf=0.197906
x_cutoff=0.05 :: t=0.070000, rf=0.389575
x_cutoff=0.05 :: t=0.100000, rf=0.474992
x_cutoff=0.05 :: t=0.080000, rf=0.418519
x_cutoff=0.05 :: t=0.120000, rf=0.513734
x_cutoff=0.05 :: t=0.140000, rf=0.566241
x_cutoff=0.05 :: t=0.090000, rf=0.447008
x_cutoff=0.05 :: t=0.110000, rf=0.502147
x_cutoff=0.05 :: t=0.130000, rf=0.540084
x_cutoff=0.05 :: t=0.150000, rf=0.577355
x_cutoff=0.05 :: t=0.180000, rf=0.659768
x_cutoff=0.05 :: t=0.160000, rf=0.603567
x_cutoff=0.05 :: t=0.200000, rf=0.69884
x_cutoff=0.05 :: t=0.220000, rf=0.75579
x_cutoff=0.05 :: t=0.170000, rf=0.631582
x_cutoff=0.05 :: t=0.190000, rf=0.687798
x_cutoff=0.05 :: t=0.210000, rf=0.72744
x_cutoff=0.05 :: t=0.230000, rf=0.784148
x_cutoff=0.05 :: t=0.260000, rf=0.854818
x_cutoff=0.05 :: t=0.240000, rf=0.813737
x_cutoff=0.05 :: t=0.280000, rf=0.910845
x_cutoff=0.05 :: t=0.300000, rf=0.944984
x_cutoff=0.05 :: t=0.290000, rf=0.920275
x_cutoff=0.05 :: t=0.270000, rf=0.882792
x_cutoff=0.05 :: t=0.250000, rf=0.825919
x_cutoff=0.05 :: t=0.310000, rf=0.951505
Wrote 32 rows to /home/kqdx/basilisk_work/reproductions/drop_impact_20260718/upstream/simulationCases/1808/results/rFootvsTime_0.0500.csv
  [2/3] Footprint extraction complete

  [3/3] Running plotFootPrint.py...
findfont: Generic family 'serif' not found because none of the following families were found: Computer Modern Roman
findfont: Generic family 'serif' not found because none of the following families were found: Computer Modern Roman
findfont: Generic family 'serif' not found because none of the following families were found: Computer Modern Roman
findfont: Generic family 'serif' not found because none of the following families were found: Computer Modern Roman
findfont: Generic family 'serif' not found because none of the following families were found: Computer Modern Roman
findfont: Generic family 'serif' not found because none of the following families were found: Computer Modern Roman
findfont: Generic family 'serif' not found because none of the following families were found: Computer Modern Roman
findfont: Generic family 'serif' not found because none of the following families were found: Computer Modern Roman
findfont: Generic family 'serif' not found because none of the following families were found: Computer Modern Roman
findfont: Generic family 'serif' not found because none of the following families were found: Computer Modern Roman
findfont: Generic family 'serif' not found because none of the following families were found: Computer Modern Roman
findfont: Generic family 'serif' not found because none of the following families were found: Computer Modern Roman
findfont: Generic family 'serif' not found because none of the following families were found: Computer Modern Roman
findfont: Font family ['serif'] not found. Falling back to DejaVu Sans.
findfont: Generic family 'serif' not found because none of the following families were found: Computer Modern Roman
findfont: Generic family 'serif' not found because none of the following families were found: Computer Modern Roman
findfont: Generic family 'serif' not found because none of the following families were found: Computer Modern Roman
findfont: Generic family 'serif' not found because none of the following families were found: Computer Modern Roman
findfont: Generic family 'serif' not found because none of the following families were found: Computer Modern Roman
findfont: Generic family 'serif' not found because none of the following families were found: Computer Modern Roman
findfont: Generic family 'serif' not found because none of the following families were found: Computer Modern Roman
findfont: Generic family 'serif' not found because none of the following families were found: Computer Modern Roman
findfont: Generic family 'serif' not found because none of the following families were found: Computer Modern Roman
findfont: Generic family 'serif' not found because none of the following families were found: Computer Modern Roman
findfont: Generic family 'serif' not found because none of the following families were found: Computer Modern Roman
findfont: Generic family 'serif' not found because none of the following families were found: Computer Modern Roman
findfont: Generic family 'serif' not found because none of the following families were found: Computer Modern Roman
findfont: Generic family 'serif' not found because none of the following families were found: Computer Modern Roman
findfont: Generic family 'serif' not found because none of the following families were found: Computer Modern Roman
findfont: Font family ['serif'] not found. Falling back to DejaVu Sans.
findfont: Generic family 'serif' not found because none of the following families were found: Computer Modern Roman
findfont: Generic family 'serif' not found because none of the following families were found: Computer Modern Roman
findfont: Generic family 'serif' not found because none of the following families were found: Computer Modern Roman
findfont: Generic family 'serif' not found because none of the following families were found: Computer Modern Roman
findfont: Generic family 'serif' not found because none of the following families were found: Computer Modern Roman
findfont: Generic family 'serif' not found because none of the following families were found: Computer Modern Roman
findfont: Generic family 'serif' not found because none of the following families were found: Computer Modern Roman
findfont: Generic family 'serif' not found because none of the following families were found: Computer Modern Roman
findfont: Generic family 'serif' not found because none of the following families were found: Computer Modern Roman
findfont: Generic family 'serif' not found because none of the following families were found: Computer Modern Roman
findfont: Generic family 'serif' not found because none of the following families were found: Computer Modern Roman
findfont: Generic family 'serif' not found because none of the following families were found: Computer Modern Roman
findfont: Generic family 'serif' not found because none of the following families were found: Computer Modern Roman
findfont: Generic family 'serif' not found because none of the following families were found: Computer Modern Roman
findfont: Generic family 'serif' not found because none of the following families were found: Computer Modern Roman
findfont: Generic family 'serif' not found because none of the following families were found: Computer Modern Roman
findfont: Generic family 'serif' not found because none of the following families were found: Computer Modern Roman
findfont: Generic family 'serif' not found because none of the following families were found: Computer Modern Roman
findfont: Generic family 'serif' not found because none of the following families were found: Computer Modern Roman
findfont: Generic family 'serif' not found because none of the following families were found: Computer Modern Roman
findfont: Generic family 'serif' not found because none of the following families were found: Computer Modern Roman
findfont: Generic family 'serif' not found because none of the following families were found: Computer Modern Roman
findfont: Generic family 'serif' not found because none of the following families were found: Computer Modern Roman
findfont: Generic family 'serif' not found because none of the following families were found: Computer Modern Roman
findfont: Generic family 'serif' not found because none of the following families were found: Computer Modern Roman
findfont: Generic family 'serif' not found because none of the following families were found: Computer Modern Roman
findfont: Generic family 'serif' not found because none of the following families were found: Computer Modern Roman
findfont: Generic family 'serif' not found because none of the following families were found: Computer Modern Roman
findfont: Generic family 'serif' not found because none of the following families were found: Computer Modern Roman
findfont: Generic family 'serif' not found because none of the following families were found: Computer Modern Roman
findfont: Generic family 'serif' not found because none of the following families were found: Computer Modern Roman
findfont: Generic family 'serif' not found because none of the following families were found: Computer Modern Roman
findfont: Generic family 'serif' not found because none of the following families were found: Computer Modern Roman
findfont: Generic family 'serif' not found because none of the following families were found: Computer Modern Roman
findfont: Generic family 'serif' not found because none of the following families were found: Computer Modern Roman
findfont: Generic family 'serif' not found because none of the following families were found: Computer Modern Roman
findfont: Generic family 'serif' not found because none of the following families were found: Computer Modern Roman
findfont: Generic family 'serif' not found because none of the following families were found: Computer Modern Roman
findfont: Generic family 'serif' not found because none of the following families were found: Computer Modern Roman
findfont: Generic family 'serif' not found because none of the following families were found: Computer Modern Roman
findfont: Generic family 'serif' not found because none of the following families were found: Computer Modern Roman
findfont: Generic family 'serif' not found because none of the following families were found: Computer Modern Roman
findfont: Generic family 'serif' not found because none of the following families were found: Computer Modern Roman
findfont: Generic family 'serif' not found because none of the following families were found: Computer Modern Roman
findfont: Generic family 'serif' not found because none of the following families were found: Computer Modern Roman
findfont: Generic family 'serif' not found because none of the following families were found: Computer Modern Roman
findfont: Generic family 'serif' not found because none of the following families were found: Computer Modern Roman
findfont: Generic family 'serif' not found because none of the following families were found: Computer Modern Roman
findfont: Generic family 'serif' not found because none of the following families were found: Computer Modern Roman
findfont: Generic family 'serif' not found because none of the following families were found: Computer Modern Roman
findfont: Generic family 'serif' not found because none of the following families were found: Computer Modern Roman
findfont: Generic family 'serif' not found because none of the following families were found: Computer Modern Roman
findfont: Generic family 'serif' not found because none of the following families were found: Computer Modern Roman
findfont: Generic family 'serif' not found because none of the following families were found: Computer Modern Roman
findfont: Generic family 'serif' not found because none of the following families were found: Computer Modern Roman
findfont: Generic family 'serif' not found because none of the following families were found: Computer Modern Roman
findfont: Generic family 'serif' not found because none of the following families were found: Computer Modern Roman
findfont: Generic family 'serif' not found because none of the following families were found: Computer Modern Roman
findfont: Generic family 'serif' not found because none of the following families were found: Computer Modern Roman
findfont: Generic family 'serif' not found because none of the following families were found: Computer Modern Roman
findfont: Generic family 'serif' not found because none of the following families were found: Computer Modern Roman
findfont: Generic family 'serif' not found because none of the following families were found: Computer Modern Roman
findfont: Generic family 'serif' not found because none of the following families were found: Computer Modern Roman
findfont: Generic family 'serif' not found because none of the following families were found: Computer Modern Roman
findfont: Generic family 'serif' not found because none of the following families were found: Computer Modern Roman
findfont: Generic family 'serif' not found because none of the following families were found: Computer Modern Roman
findfont: Generic family 'serif' not found because none of the following families were found: Computer Modern Roman
findfont: Generic family 'serif' not found because none of the following families were found: Computer Modern Roman
findfont: Generic family 'serif' not found because none of the following families were found: Computer Modern Roman
findfont: Generic family 'serif' not found because none of the following families were found: Computer Modern Roman
findfont: Generic family 'serif' not found because none of the following families were found: Computer Modern Roman
findfont: Generic family 'serif' not found because none of the following families were found: Computer Modern Roman
findfont: Generic family 'serif' not found because none of the following families were found: Computer Modern Roman
findfont: Generic family 'serif' not found because none of the following families were found: Computer Modern Roman
findfont: Generic family 'serif' not found because none of the following families were found: Computer Modern Roman
findfont: Generic family 'serif' not found because none of the following families were found: Computer Modern Roman
findfont: Generic family 'serif' not found because none of the following families were found: Computer Modern Roman
findfont: Generic family 'serif' not found because none of the following families were found: Computer Modern Roman
findfont: Generic family 'serif' not found because none of the following families were found: Computer Modern Roman
findfont: Generic family 'serif' not found because none of the following families were found: Computer Modern Roman
findfont: Generic family 'serif' not found because none of the following families were found: Computer Modern Roman
findfont: Generic family 'serif' not found because none of the following families were found: Computer Modern Roman
findfont: Generic family 'serif' not found because none of the following families were found: Computer Modern Roman
findfont: Generic family 'serif' not found because none of the following families were found: Computer Modern Roman
findfont: Generic family 'serif' not found because none of the following families were found: Computer Modern Roman
findfont: Generic family 'serif' not found because none of the following families were found: Computer Modern Roman
findfont: Generic family 'serif' not found because none of the following families were found: Computer Modern Roman
findfont: Generic family 'serif' not found because none of the following families were found: Computer Modern Roman
findfont: Generic family 'serif' not found because none of the following families were found: Computer Modern Roman
findfont: Generic family 'serif' not found because none of the following families were found: Computer Modern Roman
findfont: Generic family 'serif' not found because none of the following families were found: Computer Modern Roman
findfont: Generic family 'serif' not found because none of the following families were found: Computer Modern Roman
findfont: Generic family 'serif' not found because none of the following families were found: Computer Modern Roman
findfont: Generic family 'serif' not found because none of the following families were found: Computer Modern Roman
findfont: Generic family 'serif' not found because none of the following families were found: Computer Modern Roman
findfont: Generic family 'serif' not found because none of the following families were found: Computer Modern Roman
findfont: Generic family 'serif' not found because none of the following families were found: Computer Modern Roman
findfont: Generic family 'serif' not found because none of the following families were found: Computer Modern Roman
findfont: Generic family 'serif' not found because none of the following families were found: Computer Modern Roman
findfont: Generic family 'serif' not found because none of the following families were found: Computer Modern Roman
findfont: Generic family 'serif' not found because none of the following families were found: Computer Modern Roman
findfont: Generic family 'serif' not found because none of the following families were found: Computer Modern Roman
findfont: Generic family 'serif' not found because none of the following families were found: Computer Modern Roman
findfont: Generic family 'serif' not found because none of the following families were found: Computer Modern Roman
findfont: Generic family 'serif' not found because none of the following families were found: Computer Modern Roman
findfont: Generic family 'serif' not found because none of the following families were found: Computer Modern Roman
findfont: Generic family 'serif' not found because none of the following families were found: Computer Modern Roman
findfont: Generic family 'serif' not found because none of the following families were found: Computer Modern Roman
Searching for CSV files in: /home/kqdx/basilisk_work/reproductions/drop_impact_20260718/upstream/simulationCases/1808/results
Found 5 CSV files
Warning: No non-zero footprint data in /home/kqdx/basilisk_work/reproductions/drop_impact_20260718/upstream/simulationCases/1808/results/rFootvsTime_0.0010.csv
Loaded: FootprintData(cutoff=0.001, n_points=0)
Warning: No non-zero footprint data in /home/kqdx/basilisk_work/reproductions/drop_impact_20260718/upstream/simulationCases/1808/results/rFootvsTime_0.0025.csv
Loaded: FootprintData(cutoff=0.0025, n_points=0)
Warning: No non-zero footprint data in /home/kqdx/basilisk_work/reproductions/drop_impact_20260718/upstream/simulationCases/1808/results/rFootvsTime_0.0050.csv
Loaded: FootprintData(cutoff=0.005, n_points=0)
Warning: No non-zero footprint data in /home/kqdx/basilisk_work/reproductions/drop_impact_20260718/upstream/simulationCases/1808/results/rFootvsTime_0.0100.csv
Loaded: FootprintData(cutoff=0.01, n_points=0)
Loaded: FootprintData(cutoff=0.05, n_points=32)

Creating plot with 5 cutoff values...
Saved figure: /home/kqdx/basilisk_work/reproductions/drop_impact_20260718/upstream/simulationCases/1808/results/footprint_evolution.pdf

Done!
  [3/3] Plot generation complete

  Case 1808: SUCCESS

=========================================
Post-Processing Complete
=========================================
Total cases: 1
Successful:  1
Failed:      0

Output locations:
  /home/kqdx/basilisk_work/reproductions/drop_impact_20260718/upstream/simulationCases/1808/results/

	Command being timed: "./runPostProcess-Ncases.sh --CPUs 4 --nGFS 32 --tsnap 0.01 --GridsPerR 64 --ZMAX 3 --RMAX 3 --ZMIN 0 1808"
	User time (seconds): 5.45
	System time (seconds): 0.65
	Percent of CPU this job got: 80%
	Elapsed (wall clock) time (h:mm:ss or m:ss): 0:07.59
	Average shared text size (kbytes): 0
	Average unshared data size (kbytes): 0
	Average stack size (kbytes): 0
	Average total size (kbytes): 0
	Maximum resident set size (kbytes): 467212
	Average resident set size (kbytes): 0
	Major (requiring I/O) page faults: 167
	Minor (reclaiming a frame) page faults: 116875
	Voluntary context switches: 4342
	Involuntary context switches: 444
	Swaps: 0
	File system inputs: 504864
	File system outputs: 368
	Socket messages sent: 0
	Socket messages received: 0
	Signals delivered: 0
	Page size (bytes): 4096
	Exit status: 0
