=========================================
Drop Impact Simulation - Single Case
=========================================
Case Number: 1000
Case Directory: simulationCases/1000
Parameter File: default.params
Execution Mode: Serial

Creating case directory: simulationCases/1000

=========================================
Compilation
=========================================
Copied source file to case directory
Compiling dropImpact.c...
Compilation successful: dropImpact

Compile-only mode: Stopping here
	Command being timed: "./runSimulation.sh --compile-only default.params"
	User time (seconds): 7.54
	System time (seconds): 1.05
	Percent of CPU this job got: 94%
	Elapsed (wall clock) time (h:mm:ss or m:ss): 0:09.07
	Average shared text size (kbytes): 0
	Average unshared data size (kbytes): 0
	Average stack size (kbytes): 0
	Average total size (kbytes): 0
	Maximum resident set size (kbytes): 543124
	Average resident set size (kbytes): 0
	Major (requiring I/O) page faults: 2
	Minor (reclaiming a frame) page faults: 265772
	Voluntary context switches: 2431
	Involuntary context switches: 58
	Swaps: 0
	File system inputs: 320
	File system outputs: 12736
	Socket messages sent: 0
	Socket messages received: 0
	Signals delivered: 0
	Page size (bytes): 4096
	Exit status: 0
