0 0.00000 0.00033 0.00000 0.00000 0.00000 0.00031 0.00000 0.00002 0.00000 0.20797 0.20157 0.00000 0.00640 0.01240 0.00118 0.01036 0.00086 0.01543 -0.00006 0.01166 0.00382 0.23580
1 0.00100 0.00075 0.00000 0.00057 0.00000 0.00015 0.00000 0.00003 0.00000 0.20176 0.18981 0.00032 0.01163 0.01240 0.00118 0.01036 0.00086 0.01543 -0.00006 0.01167 0.00382 0.22960
2 0.00200 0.00069 0.00000 0.00052 0.00000 0.00015 0.00000 0.00002 0.00000 0.20136 0.18854 0.00031 0.01251 0.01240 0.00118 0.01036 0.00086 0.01543 -0.00006 0.01167 0.00382 0.22920
3 0.00300 0.00084 0.00000 0.00064 0.00000 0.00015 0.00000 0.00004 0.00000 0.20116 0.18741 0.00042 0.01333 0.01240 0.00118 0.01036 0.00086 0.01543 -0.00006 0.01167 0.00382 0.22899
4 0.00400 0.00086 0.00001 0.00066 0.00000 0.00016 0.00000 0.00003 0.00000 0.20118 0.18771 0.00042 0.01304 0.01240 0.00118 0.01036 0.00086 0.01543 -0.00006 0.01167 0.00382 0.22902
5 0.00500 0.00099 0.00001 0.00078 0.00000 0.00016 0.00000 0.00004 0.00000 0.20119 0.18742 0.00050 0.01327 0.01240 0.00118 0.01036 0.00086 0.01543 -0.00006 0.01167 0.00382 0.22902
6 0.00600 0.00103 0.00001 0.00084 0.00000 0.00016 0.00000 0.00003 0.00000 0.20123 0.18758 0.00054 0.01311 0.01240 0.00118 0.01036 0.00086 0.01543 -0.00006 0.01167 0.00382 0.22907
7 0.00700 0.00113 0.00001 0.00092 0.00000 0.00016 0.00000 0.00004 0.00000 0.20112 0.18696 0.00061 0.01355 0.01240 0.00118 0.01036 0.00086 0.01543 -0.00006 0.01167 0.00382 0.22896
8 0.00800 0.00109 0.00001 0.00091 0.00001 0.00016 0.00000 0.00003 0.00000 0.20111 0.18728 0.00059 0.01324 0.01240 0.00118 0.01036 0.00086 0.01543 -0.00006 0.01167 0.00382 0.22895
9 0.00900 0.00113 0.00001 0.00094 0.00001 0.00016 0.00000 0.00003 0.00000 0.20099 0.18687 0.00062 0.01350 0.01240 0.00118 0.01036 0.00086 0.01543 -0.00006 0.01167 0.00382 0.22883
10 0.01000 0.00113 0.00001 0.00095 0.00001 0.00016 0.00000 0.00003 0.00000 0.20096 0.18670 0.00063 0.01363 0.01240 0.00118 0.01036 0.00085 0.01543 -0.00006 0.01167 0.00382 0.22880
11 0.01100 0.00118 0.00001 0.00099 0.00001 0.00016 0.00000 0.00003 0.00000 0.20095 0.18634 0.00067 0.01394 0.01240 0.00118 0.01036 0.00085 0.01543 -0.00006 0.01166 0.00382 0.22878
12 0.01200 0.00118 0.00001 0.00099 0.00001 0.00016 0.00000 0.00003 0.00000 0.20086 0.18643 0.00068 0.01375 0.01240 0.00118 0.01036 0.00085 0.01543 -0.00006 0.01166 0.00382 0.22869
13 0.01300 0.00122 0.00002 0.00102 0.00001 0.00016 0.00000 0.00004 0.00000 0.20094 0.18624 0.00071 0.01400 0.01240 0.00118 0.01036 0.00085 0.01543 -0.00006 0.01167 0.00382 0.22878
14 0.01400 0.00128 0.00002 0.00110 0.00001 0.00016 0.00000 0.00002 0.00000 0.20100 0.18645 0.00077 0.01378 0.01239 0.00118 0.01036 0.00085 0.01543 -0.00006 0.01167 0.00382 0.22884
15 0.01500 0.00126 0.00002 0.00108 0.00001 0.00016 0.00000 0.00003 0.00000 0.20067 0.18596 0.00074 0.01396 0.01239 0.00118 0.01036 0.00085 0.01543 -0.00006 0.01167 0.00382 0.22851
16 0.01600 0.00124 0.00002 0.00106 0.00001 0.00016 0.00000 0.00003 0.00000 0.20059 0.18583 0.00074 0.01402 0.01239 0.00118 0.01036 0.00085 0.01543 -0.00006 0.01167 0.00382 0.22843
17 0.01700 0.00124 0.00002 0.00106 0.00002 0.00015 0.00000 0.00003 0.00000 0.20056 0.18583 0.00075 0.01398 0.01239 0.00118 0.01036 0.00085 0.01543 -0.00006 0.01167 0.00382 0.22841
18 0.01800 0.00128 0.00002 0.00109 0.00002 0.00015 0.00001 0.00003 0.00000 0.20053 0.18561 0.00077 0.01415 0.01239 0.00118 0.01036 0.00085 0.01543 -0.00006 0.01167 0.00382 0.22838
19 0.01900 0.00129 0.00002 0.00111 0.00002 0.00015 0.00001 0.00003 0.00000 0.20063 0.18575 0.00081 0.01407 0.01239 0.00118 0.01036 0.00085 0.01543 -0.00006 0.01167 0.00382 0.22848
20 0.02000 0.00131 0.00002 0.00113 0.00002 0.00015 0.00001 0.00003 0.00000 0.20037 0.18542 0.00080 0.01415 0.01239 0.00118 0.01036 0.00085 0.01543 -0.00006 0.01167 0.00382 0.22822
21 0.02100 0.00129 0.00003 0.00112 0.00002 0.00015 0.00001 0.00003 0.00000 0.20050 0.18545 0.00080 0.01425 0.01239 0.00118 0.01036 0.00085 0.01543 -0.00006 0.01167 0.00382 0.22835
22 0.02200 0.00137 0.00003 0.00119 0.00002 0.00015 0.00001 0.00004 0.00000 0.20041 0.18509 0.00085 0.01448 0.01239 0.00118 0.01036 0.00085 0.01544 -0.00006 0.01167 0.00382 0.22826
23 0.02300 0.00134 0.00003 0.00116 0.00002 0.00015 0.00001 0.00003 0.00000 0.20025 0.18528 0.00084 0.01413 0.01239 0.00117 0.01036 0.00085 0.01544 -0.00006 0.01167 0.00382 0.22810
24 0.02400 0.00136 0.00003 0.00119 0.00002 0.00015 0.00001 0.00003 0.00000 0.20016 0.18519 0.00085 0.01413 0.01239 0.00117 0.01036 0.00085 0.01544 -0.00006 0.01167 0.00382 0.22802
25 0.02500 0.00138 0.00003 0.00120 0.00002 0.00015 0.00001 0.00003 0.00000 0.20009 0.18505 0.00086 0.01418 0.01239 0.00117 0.01036 0.00085 0.01544 -0.00006 0.01167 0.00382 0.22795
26 0.02600 0.00139 0.00003 0.00121 0.00003 0.00015 0.00001 0.00003 0.00000 0.20006 0.18502 0.00087 0.01417 0.01239 0.00117 0.01036 0.00085 0.01544 -0.00006 0.01168 0.00382 0.22792
27 0.02700 0.00141 0.00003 0.00123 0.00003 0.00015 0.00001 0.00003 0.00000 0.20000 0.18484 0.00089 0.01428 0.01239 0.00117 0.01036 0.00085 0.01544 -0.00006 0.01168 0.00382 0.22786
28 0.02800 0.00142 0.00004 0.00125 0.00003 0.00015 0.00001 0.00003 0.00000 0.20005 0.18490 0.00091 0.01424 0.01239 0.00117 0.01036 0.00085 0.01544 -0.00006 0.01168 0.00382 0.22791
29 0.02900 0.00144 0.00004 0.00127 0.00003 0.00015 0.00001 0.00003 0.00000 0.19986 0.18468 0.00091 0.01427 0.01238 0.00117 0.01036 0.00085 0.01544 -0.00006 0.01168 0.00382 0.22772
30 0.03000 0.00143 0.00004 0.00126 0.00003 0.00014 0.00001 0.00003 0.00000 0.19993 0.18468 0.00092 0.01433 0.01238 0.00117 0.01036 0.00085 0.01544 -0.00006 0.01168 0.00382 0.22779
31 0.03100 0.00149 0.00004 0.00131 0.00003 0.00014 0.00001 0.00003 0.00000 0.19982 0.18442 0.00094 0.01446 0.01238 0.00117 0.01036 0.00085 0.01544 -0.00006 0.01168 0.00382 0.22769
32 0.03200 0.00147 0.00004 0.00130 0.00003 0.00014 0.00001 0.00003 0.00000 0.19996 0.18462 0.00097 0.01437 0.01238 0.00117 0.01036 0.00085 0.01544 -0.00006 0.01168 0.00382 0.22783
33 0.03300 0.00150 0.00004 0.00133 0.00003 0.00014 0.00001 0.00003 0.00000 0.19966 0.18431 0.00096 0.01439 0.01238 0.00117 0.01036 0.00085 0.01545 -0.00006 0.01168 0.00382 0.22753
34 0.03400 0.00149 0.00004 0.00132 0.00004 0.00014 0.00001 0.00003 0.00000 0.19960 0.18429 0.00096 0.01436 0.01238 0.00117 0.01036 0.00085 0.01545 -0.00006 0.01168 0.00382 0.22748
35 0.03500 0.00151 0.00005 0.00134 0.00004 0.00014 0.00001 0.00003 0.00000 0.19956 0.18425 0.00097 0.01433 0.01238 0.00117 0.01036 0.00085 0.01545 -0.00006 0.01169 0.00382 0.22743
36 0.03600 0.00154 0.00005 0.00136 0.00004 0.00014 0.00001 0.00003 0.00000 0.19951 0.18417 0.00099 0.01435 0.01238 0.00117 0.01036 0.00085 0.01545 -0.00006 0.01169 0.00382 0.22738
37 0.03700 0.00156 0.00005 0.00139 0.00004 0.00014 0.00001 0.00003 0.00000 0.19946 0.18415 0.00101 0.01431 0.01238 0.00117 0.01036 0.00085 0.01545 -0.00006 0.01169 0.00382 0.22734
38 0.03800 0.00158 0.00005 0.00141 0.00004 0.00014 0.00001 0.00003 0.00000 0.19941 0.18401 0.00102 0.01438 0.01238 0.00117 0.01036 0.00085 0.01545 -0.00006 0.01169 0.00382 0.22729
39 0.03900 0.00160 0.00005 0.00143 0.00004 0.00014 0.00001 0.00003 0.00000 0.19941 0.18405 0.00104 0.01432 0.01238 0.00117 0.01036 0.00085 0.01545 -0.00006 0.01169 0.00382 0.22730
40 0.04000 0.00163 0.00005 0.00145 0.00004 0.00014 0.00001 0.00004 0.00000 0.19938 0.18381 0.00106 0.01451 0.01238 0.00117 0.01036 0.00085 0.01546 -0.00006 0.01169 0.00382 0.22727
41 0.04100 0.00164 0.00006 0.00148 0.00005 0.00014 0.00001 0.00003 0.00000 0.19946 0.18399 0.00109 0.01438 0.01238 0.00117 0.01036 0.00085 0.01546 -0.00006 0.01170 0.00382 0.22735
42 0.04200 0.00165 0.00006 0.00149 0.00005 0.00014 0.00001 0.00003 0.00000 0.19917 0.18371 0.00107 0.01439 0.01238 0.00117 0.01036 0.00085 0.01546 -0.00006 0.01170 0.00382 0.22707
43 0.04300 0.00165 0.00006 0.00148 0.00005 0.00014 0.00001 0.00003 0.00000 0.19912 0.18368 0.00107 0.01437 0.01238 0.00117 0.01036 0.00085 0.01546 -0.00006 0.01170 0.00382 0.22702
44 0.04400 0.00167 0.00006 0.00150 0.00005 0.00014 0.00001 0.00003 0.00000 0.19908 0.18365 0.00109 0.01435 0.01238 0.00117 0.01036 0.00085 0.01546 -0.00006 0.01170 0.00382 0.22698
45 0.04500 0.00169 0.00006 0.00152 0.00005 0.00014 0.00001 0.00003 0.00000 0.19903 0.18357 0.00111 0.01435 0.01237 0.00117 0.01036 0.00084 0.01546 -0.00006 0.01170 0.00382 0.22693
46 0.04600 0.00171 0.00006 0.00154 0.00005 0.00014 0.00001 0.00003 0.00000 0.19899 0.18354 0.00112 0.01432 0.01237 0.00117 0.01036 0.00084 0.01546 -0.00006 0.01170 0.00382 0.22689
47 0.04700 0.00173 0.00007 0.00156 0.00005 0.00014 0.00001 0.00003 0.00000 0.19893 0.18344 0.00114 0.01436 0.01237 0.00117 0.01036 0.00084 0.01547 -0.00006 0.01170 0.00382 0.22684
48 0.04800 0.00175 0.00007 0.00159 0.00006 0.00014 0.00001 0.00003 0.00000 0.19892 0.18345 0.00115 0.01431 0.01237 0.00117 0.01036 0.00084 0.01547 -0.00006 0.01170 0.00382 0.22682
49 0.04900 0.00178 0.00007 0.00161 0.00006 0.00014 0.00001 0.00003 0.00000 0.19888 0.18328 0.00117 0.01443 0.01237 0.00117 0.01036 0.00084 0.01547 -0.00006 0.01171 0.00382 0.22679
50 0.05000 0.00180 0.00007 0.00163 0.00006 0.00014 0.00001 0.00003 0.00000 0.19894 0.18339 0.00120 0.01435 0.01237 0.00117 0.01036 0.00084 0.01547 -0.00006 0.01171 0.00382 0.22685
51 0.05100 0.00183 0.00007 0.00166 0.00006 0.00014 0.00001 0.00004 0.00000 0.19891 0.18308 0.00122 0.01460 0.01237 0.00117 0.01036 0.00084 0.01548 -0.00006 0.01172 0.00382 0.22683
52 0.05200 0.00184 0.00007 0.00168 0.00006 0.00014 0.00001 0.00003 0.00000 0.19900 0.18334 0.00125 0.01441 0.01237 0.00117 0.01036 0.00084 0.01548 -0.00006 0.01172 0.00382 0.22693
53 0.05300 0.00186 0.00008 0.00169 0.00006 0.00014 0.00001 0.00003 0.00000 0.19863 0.18304 0.00122 0.01437 0.01237 0.00117 0.01036 0.00084 0.01549 -0.00006 0.01172 0.00382 0.22656
54 0.05400 0.00184 0.00008 0.00168 0.00007 0.00014 0.00001 0.00003 0.00000 0.19858 0.18303 0.00122 0.01434 0.01237 0.00116 0.01036 0.00084 0.01549 -0.00006 0.01173 0.00382 0.22652
55 0.05500 0.00186 0.00008 0.00170 0.00007 0.00014 0.00001 0.00003 0.00000 0.19854 0.18300 0.00123 0.01431 0.01237 0.00116 0.01036 0.00084 0.01549 -0.00006 0.01173 0.00382 0.22648
56 0.05600 0.00189 0.00008 0.00172 0.00007 0.00014 0.00001 0.00003 0.00000 0.19850 0.18294 0.00125 0.01431 0.01237 0.00116 0.01036 0.00084 0.01550 -0.00006 0.01173 0.00382 0.22644
57 0.05700 0.00191 0.00008 0.00175 0.00007 0.00014 0.00001 0.00003 0.00000 0.19845 0.18291 0.00127 0.01428 0.01237 0.00116 0.01036 0.00084 0.01550 -0.00006 0.01174 0.00382 0.22640
58 0.05800 0.00194 0.00009 0.00177 0.00007 0.00014 0.00001 0.00003 0.00000 0.19840 0.18282 0.00128 0.01430 0.01237 0.00116 0.01036 0.00084 0.01550 -0.00006 0.01174 0.00382 0.22636
59 0.05900 0.00196 0.00009 0.00179 0.00007 0.00014 0.00001 0.00003 0.00000 0.19838 0.18283 0.00130 0.01425 0.01237 0.00116 0.01036 0.00084 0.01551 -0.00006 0.01174 0.00382 0.22634
60 0.06000 0.00199 0.00009 0.00181 0.00008 0.00014 0.00001 0.00003 0.00000 0.19833 0.18270 0.00131 0.01432 0.01237 0.00116 0.01036 0.00084 0.01551 -0.00006 0.01175 0.00382 0.22629
61 0.06100 0.00200 0.00009 0.00183 0.00008 0.00014 0.00001 0.00003 0.00000 0.19835 0.18276 0.00133 0.01426 0.01236 0.00116 0.01036 0.00084 0.01551 -0.00006 0.01175 0.00382 0.22632
62 0.06200 0.00205 0.00009 0.00187 0.00008 0.00014 0.00001 0.00003 0.00000 0.19831 0.18255 0.00136 0.01441 0.01236 0.00116 0.01036 0.00084 0.01552 -0.00006 0.01176 0.00382 0.22629
63 0.06300 0.00204 0.00010 0.00188 0.00008 0.00014 0.00001 0.00003 0.00000 0.19838 0.18272 0.00138 0.01429 0.01236 0.00116 0.01036 0.00084 0.01552 -0.00006 0.01176 0.00382 0.22636
64 0.06400 0.00209 0.00010 0.00192 0.00008 0.00014 0.00001 0.00004 0.00000 0.19828 0.18240 0.00139 0.01448 0.01236 0.00116 0.01036 0.00084 0.01552 -0.00006 0.01176 0.00382 0.22627
65 0.06500 0.00209 0.00010 0.00193 0.00009 0.00014 0.00001 0.00003 0.00000 0.19839 0.18266 0.00142 0.01431 0.01236 0.00116 0.01036 0.00084 0.01553 -0.00006 0.01177 0.00382 0.22638
66 0.06600 0.00211 0.00010 0.00194 0.00009 0.00014 0.00001 0.00003 0.00000 0.19801 0.18239 0.00139 0.01422 0.01236 0.00116 0.01036 0.00084 0.01553 -0.00006 0.01177 0.00382 0.22600
67 0.06700 0.00210 0.00010 0.00193 0.00009 0.00014 0.00001 0.00003 0.00000 0.19797 0.18239 0.00139 0.01418 0.01236 0.00116 0.01036 0.00084 0.01554 -0.00006 0.01177 0.00382 0.22597
68 0.06800 0.00212 0.00011 0.00195 0.00009 0.00014 0.00001 0.00003 0.00000 0.19793 0.18236 0.00141 0.01416 0.01236 0.00116 0.01036 0.00084 0.01554 -0.00006 0.01178 0.00382 0.22594
69 0.06900 0.00215 0.00011 0.00198 0.00009 0.00014 0.00001 0.00003 0.00000 0.19789 0.18231 0.00143 0.01415 0.01236 0.00116 0.01036 0.00084 0.01554 -0.00006 0.01178 0.00382 0.22590
70 0.07000 0.00218 0.00011 0.00201 0.00010 0.00014 0.00001 0.00003 0.00000 0.19785 0.18228 0.00145 0.01412 0.01236 0.00116 0.01036 0.00084 0.01555 -0.00006 0.01179 0.00382 0.22587
71 0.07100 0.00220 0.00011 0.00203 0.00010 0.00014 0.00001 0.00003 0.00000 0.19780 0.18222 0.00146 0.01411 0.01236 0.00116 0.01036 0.00084 0.01555 -0.00006 0.01179 0.00382 0.22582
72 0.07200 0.00222 0.00012 0.00205 0.00010 0.00014 0.00001 0.00003 0.00000 0.19776 0.18221 0.00148 0.01408 0.01236 0.00116 0.01036 0.00084 0.01556 -0.00006 0.01180 0.00382 0.22579
73 0.07300 0.00224 0.00012 0.00207 0.00010 0.00014 0.00001 0.00003 0.00000 0.19771 0.18213 0.00149 0.01408 0.01236 0.00116 0.01036 0.00083 0.01556 -0.00006 0.01180 0.00382 0.22575
74 0.07400 0.00226 0.00012 0.00209 0.00010 0.00014 0.00001 0.00003 0.00000 0.19769 0.18214 0.00151 0.01404 0.01236 0.00116 0.01036 0.00083 0.01557 -0.00006 0.01181 0.00382 0.22573
75 0.07500 0.00229 0.00012 0.00212 0.00011 0.00014 0.00001 0.00003 0.00000 0.19763 0.18203 0.00153 0.01407 0.01236 0.00116 0.01036 0.00083 0.01557 -0.00006 0.01181 0.00382 0.22568
76 0.07600 0.00231 0.00012 0.00214 0.00011 0.00014 0.00001 0.00003 0.00000 0.19764 0.18208 0.00155 0.01401 0.01236 0.00116 0.01036 0.00083 0.01557 -0.00006 0.01181 0.00382 0.22569
77 0.07700 0.00235 0.00013 0.00217 0.00011 0.00014 0.00001 0.00003 0.00000 0.19758 0.18192 0.00157 0.01410 0.01235 0.00116 0.01036 0.00083 0.01557 -0.00006 0.01181 0.00382 0.22564
78 0.07800 0.00235 0.00013 0.00218 0.00011 0.00014 0.00001 0.00003 0.00000 0.19763 0.18205 0.00159 0.01400 0.01235 0.00116 0.01036 0.00083 0.01557 -0.00006 0.01181 0.00382 0.22568
79 0.07900 0.00239 0.00013 0.00222 0.00012 0.00014 0.00001 0.00003 0.00000 0.19752 0.18181 0.00160 0.01411 0.01235 0.00116 0.01036 0.00083 0.01557 -0.00006 0.01181 0.00382 0.22557
80 0.08000 0.00240 0.00013 0.00223 0.00012 0.00014 0.00001 0.00003 0.00000 0.19757 0.18199 0.00162 0.01396 0.01235 0.00116 0.01036 0.00083 0.01556 -0.00006 0.01180 0.00382 0.22562
81 0.08100 0.00244 0.00014 0.00226 0.00012 0.00014 0.00001 0.00004 0.00000 0.19745 0.18172 0.00164 0.01410 0.01235 0.00116 0.01036 0.00083 0.01556 -0.00006 0.01180 0.00382 0.22550
82 0.08200 0.00245 0.00014 0.00228 0.00012 0.00014 0.00001 0.00003 0.00000 0.19752 0.18193 0.00166 0.01393 0.01235 0.00116 0.01036 0.00083 0.01556 -0.00006 0.01180 0.00382 0.22557
83 0.08300 0.00249 0.00014 0.00231 0.00012 0.00015 0.00001 0.00004 0.00000 0.19739 0.18163 0.00167 0.01408 0.01235 0.00116 0.01036 0.00083 0.01556 -0.00006 0.01180 0.00382 0.22544
84 0.08400 0.00250 0.00014 0.00232 0.00013 0.00014 0.00001 0.00003 0.00000 0.19747 0.18187 0.00169 0.01391 0.01235 0.00116 0.01036 0.00083 0.01556 -0.00006 0.01180 0.00382 0.22552
85 0.08500 0.00255 0.00015 0.00236 0.00013 0.00015 0.00001 0.00004 0.00000 0.19733 0.18154 0.00171 0.01408 0.01235 0.00115 0.01036 0.00083 0.01556 -0.00006 0.01180 0.00382 0.22538
86 0.08600 0.00254 0.00015 0.00237 0.00013 0.00015 0.00001 0.00003 0.00000 0.19743 0.18181 0.00173 0.01389 0.01235 0.00115 0.01036 0.00083 0.01555 -0.00006 0.01179 0.00382 0.22548
87 0.08700 0.00260 0.00015 0.00241 0.00013 0.00015 0.00001 0.00004 0.00000 0.19728 0.18146 0.00175 0.01408 0.01235 0.00115 0.01036 0.00083 0.01555 -0.00006 0.01179 0.00382 0.22533
88 0.08800 0.00259 0.00015 0.00242 0.00014 0.00015 0.00002 0.00003 0.00000 0.19740 0.18175 0.00177 0.01387 0.01235 0.00115 0.01036 0.00083 0.01555 -0.00006 0.01179 0.00382 0.22545
89 0.08900 0.00265 0.00016 0.00247 0.00014 0.00015 0.00002 0.00004 0.00000 0.19724 0.18137 0.00179 0.01408 0.01235 0.00115 0.01036 0.00083 0.01554 -0.00006 0.01178 0.00382 0.22529
90 0.09000 0.00265 0.00016 0.00247 0.00014 0.00015 0.00002 0.00003 0.00000 0.19737 0.18170 0.00181 0.01386 0.01235 0.00115 0.01036 0.00083 0.01554 -0.00006 0.01178 0.00382 0.22542
91 0.09100 0.00267 0.00016 0.00249 0.00014 0.00015 0.00002 0.00003 0.00000 0.19691 0.18141 0.00178 0.01373 0.01235 0.00115 0.01036 0.00083 0.01554 -0.00006 0.01178 0.00382 0.22496
92 0.09200 0.00265 0.00016 0.00247 0.00015 0.00015 0.00002 0.00003 0.00000 0.19688 0.18142 0.00178 0.01368 0.01235 0.00115 0.01036 0.00083 0.01554 -0.00006 0.01178 0.00382 0.22493
93 0.09300 0.00268 0.00017 0.00250 0.00015 0.00015 0.00002 0.00003 0.00000 0.19685 0.18140 0.00180 0.01365 0.01234 0.00115 0.01036 0.00083 0.01554 -0.00006 0.01178 0.00382 0.22490
94 0.09400 0.00271 0.00017 0.00253 0.00015 0.00015 0.00002 0.00003 0.00000 0.19681 0.18136 0.00182 0.01363 0.01234 0.00115 0.01036 0.00083 0.01554 -0.00006 0.01178 0.00382 0.22486
95 0.09500 0.00274 0.00017 0.00256 0.00015 0.00015 0.00002 0.00003 0.00000 0.19677 0.18134 0.00184 0.01359 0.01234 0.00115 0.01036 0.00083 0.01554 -0.00006 0.01178 0.00382 0.22482
96 0.09600 0.00276 0.00018 0.00258 0.00016 0.00015 0.00002 0.00003 0.00000 0.19672 0.18129 0.00185 0.01358 0.01234 0.00115 0.01036 0.00083 0.01554 -0.00006 0.01178 0.00382 0.22478
97 0.09700 0.00279 0.00018 0.00261 0.00016 0.00015 0.00002 0.00003 0.00000 0.19669 0.18127 0.00187 0.01354 0.01234 0.00115 0.01036 0.00083 0.01554 -0.00006 0.01178 0.00382 0.22475
98 0.09800 0.00281 0.00018 0.00263 0.00016 0.00015 0.00002 0.00003 0.00000 0.19663 0.18121 0.00189 0.01353 0.01234 0.00115 0.01036 0.00083 0.01554 -0.00006 0.01178 0.00382 0.22470
99 0.09900 0.00284 0.00018 0.00265 0.00016 0.00015 0.00002 0.00003 0.00000 0.19661 0.18121 0.00191 0.01349 0.01234 0.00115 0.01036 0.00083 0.01554 -0.00006 0.01178 0.00382 0.22467
100 0.10000 0.00287 0.00019 0.00268 0.00017 0.00015 0.00002 0.00003 0.00000 0.19655 0.18113 0.00192 0.01350 0.01234 0.00115 0.01036 0.00083 0.01553 -0.00006 0.01177 0.00382 0.22461
101 0.10100 0.00289 0.00019 0.00270 0.00017 0.00015 0.00002 0.00003 0.00000 0.19653 0.18115 0.00194 0.01344 0.01234 0.00115 0.01036 0.00083 0.01553 -0.00006 0.01177 0.00382 0.22459
102 0.10200 0.00292 0.00019 0.00273 0.00017 0.00016 0.00002 0.00003 0.00000 0.19647 0.18104 0.00196 0.01347 0.01234 0.00115 0.01036 0.00083 0.01553 -0.00006 0.01177 0.00382 0.22453
103 0.10300 0.00294 0.00020 0.00275 0.00017 0.00016 0.00002 0.00003 0.00000 0.19648 0.18110 0.00198 0.01340 0.01234 0.00115 0.01036 0.00083 0.01552 -0.00006 0.01177 0.00382 0.22454
104 0.10400 0.00298 0.00020 0.00279 0.00018 0.00016 0.00002 0.00003 0.00000 0.19641 0.18093 0.00201 0.01348 0.01234 0.00115 0.01036 0.00083 0.01552 -0.00006 0.01176 0.00382 0.22447
105 0.10500 0.00299 0.00020 0.00280 0.00018 0.00016 0.00002 0.00003 0.00000 0.19645 0.18106 0.00202 0.01336 0.01234 0.00115 0.01036 0.00083 0.01552 -0.00006 0.01176 0.00382 0.22450
106 0.10600 0.00303 0.00020 0.00284 0.00018 0.00016 0.00002 0.00003 0.00000 0.19633 0.18083 0.00204 0.01345 0.01234 0.00115 0.01036 0.00083 0.01551 -0.00006 0.01176 0.00382 0.22438
107 0.10700 0.00304 0.00021 0.00285 0.00019 0.00016 0.00002 0.00003 0.00000 0.19636 0.18100 0.00206 0.01330 0.01234 0.00115 0.01036 0.00083 0.01551 -0.00006 0.01175 0.00382 0.22442
108 0.10800 0.00309 0.00021 0.00289 0.00019 0.00016 0.00002 0.00003 0.00000 0.19624 0.18076 0.00208 0.01340 0.01234 0.00115 0.01036 0.00083 0.01551 -0.00006 0.01175 0.00382 0.22429
109 0.10900 0.00309 0.00021 0.00290 0.00019 0.00016 0.00002 0.00003 0.00000 0.19628 0.18093 0.00210 0.01325 0.01233 0.00114 0.01036 0.00083 0.01550 -0.00006 0.01174 0.00382 0.22433
110 0.11000 0.00314 0.00022 0.00294 0.00019 0.00016 0.00002 0.00003 0.00000 0.19615 0.18067 0.00212 0.01336 0.01233 0.00114 0.01036 0.00083 0.01551 -0.00006 0.01175 0.00382 0.22421
111 0.11100 0.00314 0.00022 0.00295 0.00020 0.00016 0.00002 0.00003 0.00000 0.19618 0.18085 0.00213 0.01321 0.01233 0.00114 0.01037 0.00083 0.01550 -0.00006 0.01175 0.00382 0.22424
112 0.11200 0.00319 0.00022 0.00300 0.00020 0.00017 0.00002 0.00003 0.00000 0.19605 0.18058 0.00216 0.01332 0.01233 0.00114 0.01037 0.00082 0.01550 -0.00006 0.01174 0.00382 0.22411
113 0.11300 0.00319 0.00023 0.00300 0.00020 0.00017 0.00002 0.00003 0.00000 0.19609 0.18075 0.00217 0.01317 0.01233 0.00114 0.01037 0.00082 0.01550 -0.00006 0.01174 0.00382 0.22415
114 0.11400 0.00325 0.00023 0.00305 0.00021 0.00017 0.00002 0.00003 0.00000 0.19595 0.18048 0.00219 0.01328 0.01233 0.00114 0.01037 0.00082 0.01550 -0.00006 0.01174 0.00382 0.22401
115 0.11500 0.00325 0.00023 0.00305 0.00021 0.00017 0.00002 0.00003 0.00000 0.19599 0.18065 0.00221 0.01313 0.01233 0.00114 0.01037 0.00082 0.01550 -0.00006 0.01174 0.00382 0.22405
116 0.11600 0.00330 0.00024 0.00310 0.00021 0.00017 0.00002 0.00003 0.00000 0.19585 0.18037 0.00223 0.01325 0.01233 0.00114 0.01037 0.00082 0.01550 -0.00006 0.01174 0.00382 0.22391
117 0.11700 0.00330 0.00024 0.00310 0.00022 0.00017 0.00002 0.00003 0.00000 0.19588 0.18054 0.00224 0.01309 0.01233 0.00114 0.01037 0.00082 0.01549 -0.00006 0.01173 0.00382 0.22394
118 0.11800 0.00335 0.00024 0.00315 0.00022 0.00017 0.00002 0.00003 0.00000 0.19574 0.18025 0.00227 0.01322 0.01233 0.00114 0.01037 0.00082 0.01549 -0.00006 0.01173 0.00382 0.22380
119 0.11900 0.00335 0.00025 0.00315 0.00022 0.00017 0.00002 0.00003 0.00000 0.19578 0.18043 0.00228 0.01306 0.01233 0.00114 0.01037 0.00082 0.01549 -0.00006 0.01173 0.00382 0.22384
120 0.12000 0.00341 0.00025 0.00320 0.00023 0.00017 0.00002 0.00003 0.00000 0.19563 0.18013 0.00231 0.01319 0.01233 0.00114 0.01037 0.00082 0.01549 -0.00006 0.01173 0.00382 0.22370
121 0.12100 0.00340 0.00025 0.00321 0.00023 0.00017 0.00002 0.00003 0.00000 0.19567 0.18031 0.00232 0.01304 0.01233 0.00114 0.01037 0.00082 0.01548 -0.00006 0.01172 0.00382 0.22373
122 0.12200 0.00346 0.00026 0.00326 0.00023 0.00017 0.00002 0.00003 0.00000 0.19552 0.18000 0.00235 0.01317 0.01233 0.00114 0.01037 0.00082 0.01548 -0.00006 0.01172 0.00382 0.22358
123 0.12300 0.00345 0.00026 0.00326 0.00024 0.00017 0.00002 0.00003 0.00000 0.19555 0.18018 0.00236 0.01301 0.01233 0.00114 0.01037 0.00082 0.01548 -0.00006 0.01172 0.00382 0.22361
124 0.12400 0.00351 0.00026 0.00331 0.00024 0.00017 0.00002 0.00003 0.00000 0.19540 0.17986 0.00239 0.01316 0.01233 0.00114 0.01037 0.00082 0.01547 -0.00006 0.01171 0.00382 0.22347
125 0.12500 0.00350 0.00027 0.00331 0.00024 0.00017 0.00002 0.00003 0.00000 0.19543 0.18004 0.00240 0.01299 0.01233 0.00113 0.01037 0.00082 0.01547 -0.00006 0.01171 0.00382 0.22350
126 0.12600 0.00356 0.00027 0.00336 0.00025 0.00017 0.00002 0.00003 0.00000 0.19528 0.17971 0.00243 0.01314 0.01232 0.00113 0.01037 0.00082 0.01547 -0.00006 0.01171 0.00382 0.22334
127 0.12700 0.00356 0.00027 0.00336 0.00025 0.00017 0.00002 0.00003 0.00000 0.19531 0.17990 0.00244 0.01297 0.01232 0.00113 0.01037 0.00082 0.01547 -0.00006 0.01171 0.00382 0.22337
128 0.12800 0.00362 0.00028 0.00342 0.00025 0.00017 0.00002 0.00003 0.00000 0.19515 0.17956 0.00247 0.01312 0.01232 0.00113 0.01037 0.00082 0.01546 -0.00006 0.01170 0.00382 0.22321
129 0.12900 0.00361 0.00028 0.00342 0.00026 0.00017 0.00002 0.00003 0.00000 0.19518 0.17975 0.00248 0.01295 0.01232 0.00113 0.01037 0.00082 0.01546 -0.00006 0.01170 0.00382 0.22324
130 0.13000 0.00367 0.00028 0.00347 0.00026 0.00016 0.00002 0.00003 0.00000 0.19502 0.17941 0.00251 0.01310 0.01232 0.00113 0.01037 0.00082 0.01545 -0.00006 0.01170 0.00382 0.22308
131 0.13100 0.00366 0.00029 0.00347 0.00026 0.00016 0.00002 0.00003 0.00000 0.19505 0.17960 0.00252 0.01293 0.01232 0.00113 0.01037 0.00082 0.01545 -0.00006 0.01169 0.00382 0.22311
132 0.13200 0.00373 0.00029 0.00353 0.00027 0.00016 0.00002 0.00003 0.00000 0.19489 0.17925 0.00256 0.01308 0.01232 0.00113 0.01037 0.00082 0.01545 -0.00006 0.01169 0.00382 0.22296
133 0.13300 0.00372 0.00030 0.00353 0.00027 0.00016 0.00002 0.00003 0.00000 0.19492 0.17944 0.00256 0.01291 0.01232 0.00113 0.01037 0.00082 0.01545 -0.00006 0.01169 0.00382 0.22298
134 0.13400 0.00378 0.00030 0.00358 0.00027 0.00016 0.00002 0.00003 0.00000 0.19476 0.17909 0.00260 0.01307 0.01232 0.00113 0.01037 0.00082 0.01545 -0.00006 0.01169 0.00382 0.22283
135 0.13500 0.00377 0.00030 0.00358 0.00028 0.00016 0.00002 0.00003 0.00000 0.19478 0.17928 0.00261 0.01290 0.01232 0.00113 0.01037 0.00082 0.01545 -0.00006 0.01169 0.00382 0.22285
136 0.13600 0.00384 0.00031 0.00364 0.00028 0.00016 0.00002 0.00003 0.00000 0.19462 0.17893 0.00264 0.01305 0.01232 0.00113 0.01037 0.00082 0.01545 -0.00006 0.01169 0.00382 0.22270
137 0.13700 0.00382 0.00031 0.00364 0.00028 0.00016 0.00002 0.00003 0.00000 0.19465 0.17911 0.00265 0.01289 0.01232 0.00113 0.01037 0.00082 0.01545 -0.00006 0.01169 0.00382 0.22272
138 0.13800 0.00389 0.00032 0.00370 0.00029 0.00016 0.00002 0.00003 0.00000 0.19448 0.17876 0.00268 0.01304 0.01232 0.00113 0.01037 0.00082 0.01545 -0.00006 0.01169 0.00382 0.22256
139 0.13900 0.00388 0.00032 0.00369 0.00029 0.00016 0.00002 0.00003 0.00000 0.19451 0.17894 0.00269 0.01288 0.01232 0.00113 0.01037 0.00082 0.01545 -0.00006 0.01169 0.00382 0.22259
140 0.14000 0.00386 0.00032 0.00367 0.00030 0.00016 0.00002 0.00003 0.00000 0.19435 0.17859 0.00273 0.01303 0.01232 0.00112 0.01037 0.00082 0.01545 -0.00006 0.01169 0.00382 0.22243
141 0.14100 0.00383 0.00033 0.00364 0.00030 0.00016 0.00002 0.00003 0.00000 0.19437 0.17877 0.00273 0.01287 0.01232 0.00112 0.01037 0.00082 0.01544 -0.00006 0.01168 0.00382 0.22246
142 0.14200 0.00380 0.00033 0.00361 0.00030 0.00016 0.00002 0.00003 0.00000 0.19420 0.17841 0.00277 0.01302 0.01231 0.00112 0.01037 0.00082 0.01544 -0.00006 0.01168 0.00382 0.22229
143 0.14300 0.00375 0.00033 0.00356 0.00031 0.00016 0.00002 0.00003 0.00000 0.19423 0.17860 0.00278 0.01286 0.01231 0.00112 0.01037 0.00082 0.01544 -0.00006 0.01168 0.00382 0.22232
144 0.14400 0.00377 0.00034 0.00358 0.00031 0.00016 0.00002 0.00003 0.00000 0.19406 0.17823 0.00282 0.01301 0.01231 0.00112 0.01037 0.00082 0.01544 -0.00006 0.01168 0.00382 0.22215
145 0.14500 0.00374 0.00034 0.00355 0.00031 0.00016 0.00002 0.00003 0.00000 0.19409 0.17842 0.00282 0.01285 0.01231 0.00112 0.01037 0.00082 0.01544 -0.00006 0.01168 0.00382 0.22218
146 0.14600 0.00379 0.00035 0.00359 0.00032 0.00016 0.00002 0.00003 0.00000 0.19392 0.17805 0.00286 0.01300 0.01231 0.00112 0.01037 0.00082 0.01544 -0.00006 0.01168 0.00382 0.22201
147 0.14700 0.00376 0.00035 0.00357 0.00032 0.00016 0.00002 0.00003 0.00000 0.19394 0.17823 0.00287 0.01284 0.01231 0.00112 0.01037 0.00082 0.01544 -0.00006 0.01167 0.00382 0.22204
148 0.14800 0.00382 0.00035 0.00362 0.00032 0.00016 0.00002 0.00003 0.00000 0.19377 0.17787 0.00291 0.01299 0.01231 0.00112 0.01037 0.00082 0.01543 -0.00006 0.01167 0.00382 0.22187
149 0.14900 0.00380 0.00036 0.00361 0.00033 0.00017 0.00002 0.00003 0.00000 0.19379 0.17805 0.00291 0.01283 0.01231 0.00112 0.01037 0.00082 0.01543 -0.00006 0.01167 0.00382 0.22189
150 0.15000 0.00386 0.00036 0.00366 0.00033 0.00017 0.00003 0.00003 0.00000 0.19362 0.17768 0.00296 0.01299 0.01231 0.00112 0.01037 0.00082 0.01543 -0.00006 0.01167 0.00382 0.22172
151 0.15100 0.00385 0.00036 0.00365 0.00033 0.00017 0.00003 0.00003 0.00000 0.19364 0.17786 0.00296 0.01283 0.01231 0.00112 0.01037 0.00082 0.01543 -0.00006 0.01167 0.00382 0.22175
152 0.15200 0.00391 0.00037 0.00371 0.00034 0.00017 0.00003 0.00003 0.00000 0.19347 0.17749 0.00300 0.01298 0.01231 0.00112 0.01037 0.00082 0.01543 -0.00006 0.01167 0.00382 0.22158
153 0.15300 0.00390 0.00037 0.00370 0.00034 0.00017 0.00003 0.00003 0.00000 0.19349 0.17767 0.00300 0.01282 0.01231 0.00111 0.01037 0.00082 0.01543 -0.00006 0.01166 0.00382 0.22160
154 0.15400 0.00396 0.00038 0.00376 0.00035 0.00017 0.00003 0.00003 0.00000 0.19332 0.17729 0.00305 0.01297 0.01231 0.00111 0.01037 0.00082 0.01543 -0.00006 0.01166 0.00383 0.22143
155 0.15500 0.00395 0.00038 0.00375 0.00035 0.00017 0.00003 0.00003 0.00000 0.19334 0.17747 0.00305 0.01282 0.01231 0.00111 0.01037 0.00083 0.01543 -0.00006 0.01166 0.00383 0.22145
156 0.15600 0.00402 0.00038 0.00381 0.00035 0.00017 0.00003 0.00003 0.00000 0.19316 0.17710 0.00310 0.01297 0.01231 0.00111 0.01037 0.00083 0.01543 -0.00006 0.01166 0.00383 0.22128
157 0.15700 0.00400 0.00039 0.00380 0.00036 0.00017 0.00003 0.00003 0.00000 0.19319 0.17728 0.00310 0.01281 0.01231 0.00111 0.01037 0.00083 0.01542 -0.00006 0.01166 0.00383 0.22131
158 0.15800 0.00407 0.00039 0.00387 0.00036 0.00017 0.00003 0.00003 0.00000 0.19301 0.17690 0.00315 0.01296 0.01231 0.00111 0.01037 0.00083 0.01542 -0.00006 0.01166 0.00383 0.22113
159 0.15900 0.00406 0.00040 0.00386 0.00036 0.00017 0.00003 0.00003 0.00000 0.19303 0.17708 0.00315 0.01280 0.01231 0.00111 0.01037 0.00083 0.01542 -0.00006 0.01166 0.00383 0.22116
160 0.16000 0.00413 0.00040 0.00392 0.00037 0.00018 0.00003 0.00003 0.00000 0.19285 0.17670 0.00320 0.01295 0.01230 0.00111 0.01037 0.00083 0.01542 -0.00006 0.01166 0.00383 0.22098
161 0.16100 0.00411 0.00040 0.00391 0.00037 0.00018 0.00003 0.00003 0.00000 0.19287 0.17688 0.00320 0.01280 0.01230 0.00111 0.01037 0.00083 0.01542 -0.00006 0.01166 0.00383 0.22100
162 0.16200 0.00419 0.00041 0.00398 0.00038 0.00018 0.00003 0.00003 0.00000 0.19269 0.17650 0.00325 0.01294 0.01230 0.00111 0.01037 0.00083 0.01542 -0.00006 0.01165 0.00383 0.22082
163 0.16300 0.00417 0.00041 0.00396 0.00038 0.00018 0.00003 0.00003 0.00000 0.19272 0.17668 0.00324 0.01279 0.01230 0.00111 0.01037 0.00083 0.01542 -0.00006 0.01165 0.00383 0.22085
164 0.16400 0.00425 0.00042 0.00403 0.00038 0.00018 0.00003 0.00003 0.00001 0.19253 0.17630 0.00330 0.01293 0.01230 0.00111 0.01037 0.00083 0.01541 -0.00006 0.01165 0.00383 0.22067
165 0.16500 0.00423 0.00042 0.00402 0.00039 0.00018 0.00003 0.00003 0.00001 0.19256 0.17648 0.00329 0.01278 0.01230 0.00111 0.01037 0.00083 0.01541 -0.00006 0.01165 0.00383 0.22069
166 0.16600 0.00431 0.00043 0.00409 0.00039 0.00018 0.00003 0.00003 0.00001 0.19237 0.17610 0.00335 0.01292 0.01230 0.00111 0.01037 0.00083 0.01541 -0.00006 0.01164 0.00383 0.22051
167 0.16700 0.00429 0.00043 0.00408 0.00040 0.00019 0.00003 0.00003 0.00001 0.19240 0.17628 0.00334 0.01277 0.01230 0.00110 0.01037 0.00083 0.01541 -0.00006 0.01164 0.00383 0.22054
168 0.16800 0.00437 0.00043 0.00415 0.00040 0.00019 0.00003 0.00003 0.00001 0.19221 0.17590 0.00340 0.01291 0.01230 0.00110 0.01037 0.00083 0.01541 -0.00006 0.01164 0.00383 0.22035
169 0.16900 0.00435 0.00044 0.00413 0.00041 0.00019 0.00003 0.00003 0.00001 0.19224 0.17608 0.00339 0.01276 0.01230 0.00110 0.01037 0.00083 0.01540 -0.00006 0.01164 0.00383 0.22038
170 0.17000 0.00443 0.00044 0.00421 0.00041 0.00019 0.00003 0.00003 0.00001 0.19205 0.17570 0.00345 0.01290 0.01230 0.00110 0.01037 0.00083 0.01540 -0.00006 0.01163 0.00383 0.22019
171 0.17100 0.00441 0.00045 0.00419 0.00041 0.00019 0.00003 0.00002 0.00001 0.19207 0.17588 0.00345 0.01275 0.01230 0.00110 0.01037 0.00083 0.01540 -0.00006 0.01163 0.00383 0.22022
172 0.17200 0.00449 0.00045 0.00426 0.00042 0.00019 0.00003 0.00003 0.00001 0.19188 0.17549 0.00350 0.01289 0.01230 0.00110 0.01037 0.00083 0.01540 -0.00006 0.01163 0.00383 0.22003
173 0.17300 0.00447 0.00046 0.00425 0.00042 0.00020 0.00003 0.00002 0.00001 0.19191 0.17567 0.00350 0.01274 0.01230 0.00110 0.01037 0.00083 0.01540 -0.00006 0.01163 0.00383 0.22006
174 0.17400 0.00455 0.00046 0.00432 0.00043 0.00020 0.00003 0.00003 0.00001 0.19172 0.17528 0.00356 0.01288 0.01230 0.00110 0.01037 0.00083 0.01539 -0.00006 0.01162 0.00383 0.21987
175 0.17500 0.00453 0.00047 0.00431 0.00043 0.00020 0.00003 0.00002 0.00001 0.19174 0.17546 0.00355 0.01273 0.01230 0.00110 0.01037 0.00083 0.01539 -0.00006 0.01162 0.00383 0.21989
176 0.17600 0.00462 0.00047 0.00438 0.00044 0.00020 0.00003 0.00003 0.00001 0.19155 0.17507 0.00361 0.01287 0.01230 0.00110 0.01037 0.00083 0.01539 -0.00006 0.01162 0.00383 0.21970
177 0.17700 0.00459 0.00047 0.00437 0.00044 0.00020 0.00003 0.00002 0.00001 0.19157 0.17524 0.00360 0.01272 0.01230 0.00110 0.01037 0.00083 0.01539 -0.00006 0.01162 0.00383 0.21973
178 0.17800 0.00468 0.00048 0.00445 0.00044 0.00020 0.00003 0.00003 0.00001 0.19137 0.17485 0.00366 0.01286 0.01229 0.00110 0.01037 0.00083 0.01539 -0.00006 0.01162 0.00383 0.21954
179 0.17900 0.00466 0.00048 0.00443 0.00045 0.00020 0.00003 0.00002 0.00001 0.19139 0.17502 0.00366 0.01271 0.01229 0.00110 0.01037 0.00082 0.01539 -0.00006 0.01162 0.00383 0.21956
180 0.18000 0.00474 0.00049 0.00451 0.00045 0.00020 0.00003 0.00003 0.00001 0.19120 0.17463 0.00372 0.01285 0.01229 0.00110 0.01037 0.00082 0.01539 -0.00006 0.01162 0.00383 0.21937
181 0.18100 0.00472 0.00049 0.00449 0.00046 0.00020 0.00003 0.00002 0.00001 0.19122 0.17480 0.00371 0.01271 0.01229 0.00110 0.01037 0.00082 0.01539 -0.00006 0.01162 0.00383 0.21939
182 0.18200 0.00481 0.00050 0.00457 0.00046 0.00021 0.00003 0.00003 0.00001 0.19102 0.17440 0.00377 0.01285 0.01229 0.00110 0.01037 0.00082 0.01539 -0.00006 0.01161 0.00383 0.21920
183 0.18300 0.00478 0.00050 0.00455 0.00047 0.00021 0.00003 0.00002 0.00001 0.19104 0.17457 0.00377 0.01271 0.01229 0.00109 0.01037 0.00082 0.01539 -0.00006 0.01161 0.00383 0.21922
184 0.18400 0.00487 0.00051 0.00463 0.00047 0.00021 0.00003 0.00003 0.00001 0.19084 0.17417 0.00383 0.01284 0.01229 0.00109 0.01037 0.00082 0.01538 -0.00006 0.01161 0.00383 0.21902
185 0.18500 0.00484 0.00051 0.00461 0.00048 0.00021 0.00003 0.00002 0.00001 0.19087 0.17434 0.00382 0.01271 0.01229 0.00109 0.01037 0.00082 0.01538 -0.00006 0.01161 0.00383 0.21905
186 0.18600 0.00493 0.00052 0.00470 0.00048 0.00021 0.00003 0.00003 0.00001 0.19066 0.17393 0.00389 0.01285 0.01229 0.00109 0.01037 0.00082 0.01538 -0.00006 0.01161 0.00383 0.21886
187 0.18700 0.00491 0.00052 0.00468 0.00049 0.00021 0.00003 0.00002 0.00001 0.19068 0.17410 0.00388 0.01271 0.01229 0.00109 0.01037 0.00082 0.01539 -0.00006 0.01161 0.00383 0.21888
188 0.18800 0.00500 0.00053 0.00476 0.00049 0.00021 0.00003 0.00003 0.00001 0.19048 0.17369 0.00394 0.01284 0.01229 0.00109 0.01037 0.00082 0.01539 -0.00006 0.01161 0.00383 0.21869
189 0.18900 0.00497 0.00053 0.00474 0.00049 0.00021 0.00003 0.00002 0.00001 0.19051 0.17386 0.00393 0.01271 0.01229 0.00109 0.01037 0.00082 0.01539 -0.00006 0.01162 0.00383 0.21871
190 0.19000 0.00506 0.00054 0.00483 0.00050 0.00021 0.00003 0.00003 0.00001 0.19030 0.17346 0.00400 0.01284 0.01229 0.00109 0.01037 0.00082 0.01539 -0.00006 0.01162 0.00383 0.21852
191 0.19100 0.00504 0.00054 0.00480 0.00050 0.00021 0.00003 0.00002 0.00001 0.19033 0.17363 0.00399 0.01271 0.01229 0.00109 0.01037 0.00082 0.01539 -0.00006 0.01162 0.00384 0.21855
192 0.19200 0.00513 0.00055 0.00489 0.00051 0.00021 0.00003 0.00003 0.00001 0.19012 0.17322 0.00406 0.01284 0.01229 0.00109 0.01037 0.00082 0.01539 -0.00006 0.01162 0.00384 0.21835
193 0.19300 0.00510 0.00055 0.00487 0.00051 0.00021 0.00003 0.00002 0.00001 0.19015 0.17340 0.00405 0.01270 0.01229 0.00109 0.01037 0.00082 0.01539 -0.00006 0.01162 0.00384 0.21838
194 0.19400 0.00520 0.00056 0.00496 0.00052 0.00021 0.00003 0.00003 0.00001 0.18995 0.17299 0.00412 0.01283 0.01229 0.00109 0.01037 0.00082 0.01540 -0.00006 0.01162 0.00384 0.21819
195 0.19500 0.00517 0.00056 0.00493 0.00052 0.00021 0.00003 0.00002 0.00001 0.18997 0.17317 0.00411 0.01270 0.01229 0.00109 0.01037 0.00082 0.01540 -0.00006 0.01162 0.00384 0.21822
196 0.19600 0.00527 0.00057 0.00502 0.00053 0.00021 0.00003 0.00003 0.00001 0.18977 0.17276 0.00418 0.01283 0.01228 0.00109 0.01037 0.00082 0.01540 -0.00006 0.01162 0.00384 0.21802
197 0.19700 0.00524 0.00057 0.00500 0.00053 0.00021 0.00003 0.00002 0.00001 0.18979 0.17294 0.00417 0.01269 0.01228 0.00109 0.01037 0.00082 0.01540 -0.00006 0.01163 0.00384 0.21805
198 0.19800 0.00534 0.00058 0.00509 0.00054 0.00022 0.00003 0.00003 0.00001 0.18959 0.17253 0.00424 0.01282 0.01228 0.00109 0.01037 0.00082 0.01540 -0.00006 0.01163 0.00384 0.21786
199 0.19900 0.00531 0.00058 0.00507 0.00054 0.00022 0.00003 0.00002 0.00001 0.18962 0.17271 0.00423 0.01268 0.01228 0.00109 0.01037 0.00082 0.01540 -0.00006 0.01163 0.00384 0.21789
200 0.20000 0.00541 0.00059 0.00516 0.00055 0.00022 0.00003 0.00003 0.00001 0.18942 0.17231 0.00430 0.01281 0.01228 0.00109 0.01037 0.00082 0.01541 -0.00006 0.01163 0.00384 0.21769
201 0.20100 0.00537 0.00060 0.00513 0.00055 0.00022 0.00003 0.00002 0.00001 0.18944 0.17248 0.00429 0.01268 0.01228 0.00108 0.01037 0.00082 0.01541 -0.00006 0.01163 0.00384 0.21773
202 0.20200 0.00548 0.00060 0.00523 0.00056 0.00022 0.00004 0.00003 0.00001 0.18924 0.17208 0.00436 0.01280 0.01228 0.00108 0.01037 0.00082 0.01541 -0.00006 0.01163 0.00384 0.21753
203 0.20300 0.00544 0.00061 0.00520 0.00056 0.00022 0.00004 0.00002 0.00001 0.18927 0.17226 0.00435 0.01267 0.01228 0.00108 0.01038 0.00082 0.01541 -0.00006 0.01163 0.00384 0.21756
204 0.20400 0.00555 0.00061 0.00530 0.00057 0.00022 0.00004 0.00003 0.00001 0.18907 0.17185 0.00442 0.01279 0.01228 0.00108 0.01038 0.00082 0.01541 -0.00006 0.01163 0.00384 0.21737
205 0.20500 0.00551 0.00062 0.00527 0.00058 0.00022 0.00004 0.00002 0.00001 0.18910 0.17203 0.00441 0.01265 0.01228 0.00108 0.01038 0.00082 0.01541 -0.00006 0.01163 0.00384 0.21740
206 0.20600 0.00562 0.00062 0.00536 0.00058 0.00022 0.00004 0.00003 0.00001 0.18889 0.17163 0.00449 0.01278 0.01228 0.00108 0.01038 0.00082 0.01541 -0.00006 0.01163 0.00384 0.21720
207 0.20700 0.00558 0.00063 0.00533 0.00059 0.00022 0.00004 0.00002 0.00001 0.18892 0.17181 0.00447 0.01264 0.01228 0.00108 0.01038 0.00082 0.01540 -0.00006 0.01163 0.00384 0.21723
208 0.20800 0.00569 0.00063 0.00543 0.00059 0.00022 0.00004 0.00003 0.00001 0.18872 0.17141 0.00455 0.01276 0.01228 0.00108 0.01038 0.00082 0.01540 -0.00006 0.01163 0.00384 0.21704
209 0.20900 0.00565 0.00064 0.00540 0.00060 0.00022 0.00004 0.00002 0.00001 0.18875 0.17159 0.00453 0.01263 0.01228 0.00108 0.01038 0.00082 0.01540 -0.00006 0.01163 0.00384 0.21707
210 0.21000 0.00575 0.00065 0.00550 0.00060 0.00023 0.00004 0.00003 0.00001 0.18855 0.17119 0.00461 0.01275 0.01228 0.00108 0.01038 0.00082 0.01540 -0.00006 0.01162 0.00384 0.21687
211 0.21100 0.00571 0.00065 0.00546 0.00061 0.00022 0.00004 0.00002 0.00001 0.18858 0.17137 0.00459 0.01262 0.01228 0.00108 0.01038 0.00082 0.01540 -0.00006 0.01162 0.00384 0.21691
212 0.21200 0.00581 0.00066 0.00556 0.00061 0.00023 0.00004 0.00003 0.00001 0.18838 0.17097 0.00468 0.01273 0.01228 0.00108 0.01038 0.00082 0.01540 -0.00006 0.01162 0.00384 0.21671
213 0.21300 0.00577 0.00066 0.00552 0.00062 0.00022 0.00004 0.00002 0.00001 0.18841 0.17115 0.00465 0.01260 0.01228 0.00108 0.01038 0.00082 0.01540 -0.00006 0.01162 0.00384 0.21674
214 0.21400 0.00587 0.00067 0.00562 0.00062 0.00022 0.00004 0.00003 0.00001 0.18821 0.17075 0.00474 0.01272 0.01227 0.00108 0.01038 0.00082 0.01539 -0.00006 0.01162 0.00384 0.21655
215 0.21500 0.00582 0.00067 0.00558 0.00063 0.00022 0.00004 0.00002 0.00001 0.18824 0.17094 0.00472 0.01259 0.01227 0.00108 0.01038 0.00082 0.01539 -0.00006 0.01162 0.00384 0.21658
216 0.21600 0.00593 0.00068 0.00567 0.00064 0.00022 0.00004 0.00003 0.00001 0.18804 0.17053 0.00481 0.01270 0.01227 0.00108 0.01038 0.00082 0.01539 -0.00006 0.01162 0.00384 0.21639
217 0.21700 0.00588 0.00069 0.00563 0.00064 0.00022 0.00004 0.00002 0.00001 0.18807 0.17072 0.00478 0.01257 0.01227 0.00108 0.01038 0.00082 0.01539 -0.00006 0.01162 0.00384 0.21643
218 0.21800 0.00598 0.00069 0.00573 0.00065 0.00022 0.00004 0.00003 0.00001 0.18787 0.17032 0.00487 0.01268 0.01227 0.00108 0.01038 0.00082 0.01539 -0.00006 0.01162 0.00384 0.21623
219 0.21900 0.00593 0.00070 0.00569 0.00065 0.00022 0.00004 0.00002 0.00001 0.18791 0.17052 0.00485 0.01255 0.01227 0.00108 0.01038 0.00082 0.01539 -0.00006 0.01162 0.00384 0.21627
220 0.22000 0.00603 0.00070 0.00579 0.00066 0.00022 0.00004 0.00003 0.00001 0.18771 0.17012 0.00494 0.01265 0.01227 0.00108 0.01038 0.00082 0.01539 -0.00006 0.01162 0.00384 0.21608
221 0.22100 0.00598 0.00071 0.00574 0.00066 0.00022 0.00004 0.00002 0.00001 0.18774 0.17031 0.00491 0.01252 0.01227 0.00108 0.01038 0.00082 0.01539 -0.00006 0.01161 0.00384 0.21612
222 0.22200 0.00608 0.00072 0.00584 0.00067 0.00022 0.00004 0.00003 0.00001 0.18754 0.16992 0.00500 0.01263 0.01227 0.00108 0.01038 0.00082 0.01539 -0.00006 0.01161 0.00384 0.21592
223 0.22300 0.00603 0.00072 0.00579 0.00068 0.00021 0.00004 0.00002 0.00001 0.18758 0.17011 0.00498 0.01249 0.01227 0.00108 0.01038 0.00082 0.01539 -0.00006 0.01161 0.00384 0.21597
224 0.22400 0.00614 0.00073 0.00589 0.00068 0.00021 0.00004 0.00003 0.00001 0.18738 0.16972 0.00507 0.01260 0.01227 0.00108 0.01038 0.00082 0.01539 -0.00006 0.01161 0.00384 0.21577
225 0.22500 0.00608 0.00073 0.00585 0.00069 0.00021 0.00004 0.00002 0.00001 0.18743 0.16992 0.00504 0.01246 0.01227 0.00108 0.01038 0.00082 0.01539 -0.00006 0.01161 0.00384 0.21582
226 0.22600 0.00619 0.00074 0.00595 0.00069 0.00021 0.00004 0.00003 0.00001 0.18723 0.16953 0.00514 0.01256 0.01227 0.00107 0.01038 0.00082 0.01538 -0.00006 0.01160 0.00384 0.21562
227 0.22700 0.00613 0.00075 0.00590 0.00070 0.00021 0.00004 0.00002 0.00001 0.18727 0.16973 0.00511 0.01243 0.01227 0.00107 0.01038 0.00081 0.01538 -0.00006 0.01160 0.00384 0.21566
228 0.22800 0.00624 0.00075 0.00600 0.00071 0.00021 0.00004 0.00003 0.00001 0.18707 0.16934 0.00520 0.01253 0.01227 0.00107 0.01038 0.00081 0.01537 -0.00006 0.01160 0.00384 0.21547
229 0.22900 0.00618 0.00076 0.00595 0.00071 0.00021 0.00004 0.00002 0.00001 0.18712 0.16955 0.00517 0.01239 0.01227 0.00107 0.01038 0.00081 0.01537 -0.00006 0.01159 0.00384 0.21552
230 0.23000 0.00630 0.00077 0.00606 0.00072 0.00021 0.00004 0.00003 0.00001 0.18692 0.16915 0.00528 0.01250 0.01227 0.00107 0.01038 0.00081 0.01537 -0.00006 0.01159 0.00384 0.21532
231 0.23100 0.00623 0.00077 0.00600 0.00072 0.00021 0.00004 0.00002 0.00001 0.18698 0.16938 0.00524 0.01236 0.01227 0.00107 0.01038 0.00081 0.01536 -0.00006 0.01158 0.00384 0.21538
232 0.23200 0.00634 0.00078 0.00610 0.00073 0.00021 0.00004 0.00003 0.00001 0.18677 0.16897 0.00534 0.01246 0.01227 0.00107 0.01038 0.00081 0.01536 -0.00006 0.01158 0.00384 0.21517
233 0.23300 0.00628 0.00078 0.00605 0.00074 0.00021 0.00004 0.00002 0.00001 0.18683 0.16921 0.00531 0.01232 0.01226 0.00107 0.01038 0.00081 0.01536 -0.00006 0.01158 0.00384 0.21523
234 0.23400 0.00640 0.00079 0.00616 0.00074 0.00021 0.00004 0.00003 0.00001 0.18662 0.16880 0.00541 0.01241 0.01226 0.00107 0.01038 0.00081 0.01535 -0.00006 0.01157 0.00384 0.21503
235 0.23500 0.00634 0.00080 0.00611 0.00075 0.00020 0.00004 0.00002 0.00001 0.18668 0.16904 0.00537 0.01227 0.01226 0.00107 0.01038 0.00081 0.01535 -0.00006 0.01157 0.00384 0.21509
236 0.23600 0.00645 0.00080 0.00622 0.00075 0.00020 0.00004 0.00003 0.00001 0.18648 0.16864 0.00548 0.01236 0.01226 0.00107 0.01038 0.00081 0.01535 -0.00006 0.01157 0.00384 0.21489
237 0.23700 0.00639 0.00081 0.00616 0.00076 0.00020 0.00004 0.00002 0.00001 0.18654 0.16887 0.00544 0.01222 0.01226 0.00107 0.01038 0.00081 0.01534 -0.00006 0.01156 0.00384 0.21495
238 0.23800 0.00651 0.00082 0.00628 0.00077 0.00020 0.00004 0.00003 0.00001 0.18633 0.16847 0.00555 0.01231 0.01226 0.00107 0.01038 0.00081 0.01534 -0.00006 0.01156 0.00384 0.21475
239 0.23900 0.00645 0.00082 0.00622 0.00077 0.00020 0.00004 0.00002 0.00001 0.18639 0.16872 0.00551 0.01216 0.01226 0.00107 0.01038 0.00081 0.01534 -0.00006 0.01156 0.00384 0.21481
240 0.24000 0.00657 0.00083 0.00633 0.00078 0.00020 0.00004 0.00003 0.00001 0.18619 0.16832 0.00562 0.01225 0.01226 0.00107 0.01038 0.00081 0.01533 -0.00006 0.01155 0.00384 0.21461
241 0.24100 0.00650 0.00084 0.00628 0.00079 0.00020 0.00004 0.00002 0.00001 0.18625 0.16856 0.00558 0.01211 0.01226 0.00107 0.01038 0.00081 0.01534 -0.00006 0.01156 0.00384 0.21469
242 0.24200 0.00662 0.00084 0.00639 0.00079 0.00020 0.00004 0.00003 0.00001 0.18604 0.16816 0.00569 0.01219 0.01226 0.00107 0.01038 0.00081 0.01534 -0.00006 0.01156 0.00384 0.21449
243 0.24300 0.00656 0.00085 0.00634 0.00080 0.00020 0.00004 0.00002 0.00001 0.18611 0.16841 0.00565 0.01205 0.01226 0.00107 0.01038 0.00081 0.01534 -0.00006 0.01156 0.00384 0.21456
244 0.24400 0.00669 0.00086 0.00646 0.00080 0.00020 0.00004 0.00003 0.00001 0.18590 0.16801 0.00576 0.01214 0.01226 0.00107 0.01038 0.00081 0.01534 -0.00006 0.01156 0.00384 0.21436
245 0.24500 0.00662 0.00086 0.00640 0.00081 0.00020 0.00004 0.00002 0.00001 0.18597 0.16826 0.00571 0.01199 0.01226 0.00107 0.01038 0.00081 0.01534 -0.00006 0.01156 0.00384 0.21443
246 0.24600 0.00675 0.00087 0.00652 0.00082 0.00020 0.00004 0.00003 0.00001 0.18576 0.16786 0.00583 0.01207 0.01226 0.00107 0.01038 0.00081 0.01534 -0.00006 0.01156 0.00384 0.21423
247 0.24700 0.00668 0.00088 0.00646 0.00082 0.00020 0.00004 0.00002 0.00001 0.18583 0.16812 0.00578 0.01193 0.01226 0.00107 0.01038 0.00081 0.01534 -0.00006 0.01156 0.00384 0.21431
248 0.24800 0.00681 0.00088 0.00659 0.00083 0.00020 0.00004 0.00003 0.00001 0.18562 0.16772 0.00590 0.01201 0.01226 0.00107 0.01038 0.00081 0.01535 -0.00006 0.01156 0.00384 0.21411
249 0.24900 0.00674 0.00089 0.00653 0.00084 0.00019 0.00005 0.00002 0.00001 0.18569 0.16798 0.00585 0.01187 0.01226 0.00107 0.01038 0.00081 0.01534 -0.00006 0.01156 0.00384 0.21418
250 0.25000 0.00678 0.00090 0.00656 0.00084 0.00019 0.00005 0.00003 0.00001 0.18549 0.16759 0.00596 0.01194 0.01226 0.00107 0.01038 0.00080 0.01533 -0.00006 0.01155 0.00384 0.21398
