0 0.00000 0.00000 0.00000 0.00047 0.00001
1 0.00100 31.02966 11.99931 0.00041 0.00566
2 0.00200 4.00860 0.73912 0.00041 0.00463
3 0.00300 3.83102 2.05205 0.00042 0.00470
4 0.00400 2.23571 0.16247 0.00043 0.00460
5 0.00500 2.31459 0.93032 0.00043 0.00500
6 0.00600 0.91586 0.47598 0.00043 0.00519
7 0.00700 2.21696 1.63016 0.00044 0.00555
8 0.00800 0.12642 0.71052 0.00044 0.00556
9 0.00900 1.60739 0.73703 0.00044 0.00577
10 0.01000 0.35051 0.22581 0.00044 0.00583
11 0.01100 0.67489 1.18638 0.00044 0.00593
12 0.01200 0.24886 0.03469 0.00044 0.00591
13 0.01300 0.69773 1.04587 0.00044 0.00601
14 0.01400 0.10079 -0.00000 0.00044 0.00600
15 0.01500 1.14500 1.85892 0.00044 0.00616
16 0.01600 0.22295 0.22192 0.00044 0.00615
17 0.01700 0.18038 0.05854 0.00044 0.00614
18 0.01800 0.57353 1.03474 0.00044 0.00622
19 0.01900 0.15725 -0.00000 0.00044 0.00619
20 0.02000 0.76052 1.67909 0.00044 0.00631
21 0.02100 0.16568 -0.00000 0.00043 0.00628
22 0.02200 0.77375 1.75852 0.00044 0.00638
23 0.02300 0.29930 -0.00000 0.00044 0.00633
24 0.02400 0.44637 0.51239 0.00044 0.00643
25 0.02500 0.26582 0.41083 0.00044 0.00650
26 0.02600 0.06624 0.02448 0.00043 0.00653
27 0.02700 0.31978 0.77937 0.00044 0.00659
28 0.02800 0.09413 -0.00000 0.00043 0.00659
29 0.02900 0.42637 1.39213 0.00043 0.00668
30 0.03000 0.12526 -0.00000 0.00043 0.00668
31 0.03100 0.49863 1.32980 0.00043 0.00676
32 0.03200 0.18284 -0.00000 0.00043 0.00672
33 0.03300 0.70256 1.83862 0.00043 0.00684
34 0.03400 0.16515 0.07617 0.00043 0.00684
35 0.03500 0.14572 0.07299 0.00043 0.00688
36 0.03600 0.22165 0.36635 0.00043 0.00694
37 0.03700 0.07131 0.04121 0.00043 0.00699
38 0.03800 0.25342 0.68008 0.00044 0.00706
39 0.03900 0.07224 -0.00000 0.00043 0.00708
40 0.04000 0.46595 1.59877 0.00044 0.00718
41 0.04100 0.10105 -0.00000 0.00043 0.00715
42 0.04200 0.64898 1.66506 0.00043 0.00726
43 0.04300 0.17240 0.06486 0.00044 0.00726
44 0.04400 0.12122 0.06924 0.00044 0.00730
45 0.04500 0.19180 0.30054 0.00044 0.00736
46 0.04600 0.07587 0.05501 0.00044 0.00741
47 0.04700 0.21260 0.49254 0.00044 0.00747
48 0.04800 0.05322 -0.00000 0.00044 0.00750
49 0.04900 0.34583 1.15648 0.00044 0.00758
50 0.05000 0.07378 -0.00000 0.00044 0.00757
51 0.05100 0.63251 2.20282 0.00044 0.00770
52 0.05200 0.11784 -0.00000 0.00044 0.00764
53 0.05300 0.73254 1.97105 0.00044 0.00778
54 0.05400 0.18115 0.05746 0.00044 0.00777
55 0.05500 0.12829 0.06894 0.00044 0.00781
56 0.05600 0.18336 0.27652 0.00044 0.00787
57 0.05700 0.08473 0.06390 0.00044 0.00791
58 0.05800 0.18322 0.39302 0.00044 0.00798
59 0.05900 0.04912 0.00743 0.00044 0.00800
60 0.06000 0.26096 0.83243 0.00044 0.00808
61 0.06100 0.06118 -0.00000 0.00044 0.00809
62 0.06200 0.43636 1.74240 0.00044 0.00820
63 0.06300 0.08346 -0.00000 0.00044 0.00816
64 0.06400 0.70199 2.22789 0.00044 0.00831
65 0.06500 0.11385 -0.00000 0.00044 0.00823
66 0.06600 0.64509 1.92204 0.00044 0.00838
67 0.06700 0.16546 0.05395 0.00044 0.00838
68 0.06800 0.12924 0.07696 0.00044 0.00841
69 0.06900 0.15075 0.19535 0.00044 0.00847
70 0.07000 0.09372 0.08032 0.00044 0.00852
71 0.07100 0.14076 0.21655 0.00044 0.00858
72 0.07200 0.06458 0.05480 0.00044 0.00861
73 0.07300 0.16882 0.38172 0.00044 0.00868
74 0.07400 0.04889 0.01646 0.00044 0.00870
75 0.07500 0.22841 0.71715 0.00044 0.00878
76 0.07600 0.05284 -0.00000 0.00044 0.00879
77 0.07700 0.37584 1.36730 0.00044 0.00889
78 0.07800 0.06558 -0.00000 0.00044 0.00886
79 0.07900 0.56162 1.67526 0.00044 0.00899
80 0.08000 0.08735 -0.00000 0.00044 0.00894
81 0.08100 0.67742 1.85512 0.00044 0.00909
82 0.08200 0.08734 -0.00000 0.00044 0.00903
83 0.08300 0.75739 2.03659 0.00044 0.00919
84 0.08400 0.09129 -0.00000 0.00044 0.00912
85 0.08500 0.83444 2.23599 0.00044 0.00929
86 0.08600 0.09515 -0.00000 0.00044 0.00920
87 0.08700 0.91814 2.45497 0.00044 0.00939
88 0.08800 0.09903 -0.00000 0.00044 0.00929
89 0.08900 1.01085 2.69579 0.00045 0.00949
90 0.09000 0.10291 -0.00000 0.00045 0.00937
91 0.09100 0.78394 2.05081 0.00045 0.00955
92 0.09200 0.15711 0.04991 0.00045 0.00953
93 0.09300 0.12046 0.07432 0.00045 0.00957
94 0.09400 0.13630 0.17125 0.00045 0.00962
95 0.09500 0.08833 0.08264 0.00045 0.00967
96 0.09600 0.13004 0.17628 0.00045 0.00972
97 0.09700 0.07174 0.06599 0.00045 0.00976
98 0.09800 0.15506 0.25099 0.00045 0.00981
99 0.09900 0.05123 0.04461 0.00045 0.00985
100 0.10000 0.19809 0.43320 0.00045 0.00991
101 0.10100 0.05030 0.00676 0.00045 0.00993
102 0.10200 0.27462 0.73750 0.00045 0.01000
103 0.10300 0.06315 -0.00000 0.00045 0.01001
104 0.10400 0.41958 1.28903 0.00045 0.01011
105 0.10500 0.08071 -0.00000 0.00045 0.01008
106 0.10600 0.57308 1.43543 0.00045 0.01020
107 0.10700 0.09622 -0.00000 0.00045 0.01016
108 0.10800 0.63002 1.45764 0.00045 0.01029
109 0.10900 0.08915 -0.00000 0.00045 0.01025
110 0.11000 0.64931 1.46921 0.00045 0.01038
111 0.11100 0.08861 -0.00000 0.00045 0.01033
112 0.11200 0.66059 1.48042 0.00045 0.01046
113 0.11300 0.08879 -0.00000 0.00045 0.01042
114 0.11400 0.67072 1.49178 0.00045 0.01055
115 0.11500 0.08950 -0.00000 0.00044 0.01050
116 0.11600 0.68127 1.50420 0.00044 0.01063
117 0.11700 0.09262 -0.00000 0.00044 0.01058
118 0.11800 0.69182 1.51784 0.00044 0.01072
119 0.11900 0.10064 -0.00000 0.00044 0.01067
120 0.12000 0.70218 1.53250 0.00044 0.01080
121 0.12100 0.10877 -0.00000 0.00044 0.01075
122 0.12200 0.71259 1.54801 0.00044 0.01088
123 0.12300 0.12051 -0.00000 0.00044 0.01083
124 0.12400 0.72338 1.56508 0.00044 0.01096
125 0.12500 0.13200 -0.00000 0.00044 0.01091
126 0.12600 0.73186 1.56838 0.00044 0.01104
127 0.12700 0.14097 -0.00000 0.00044 0.01099
128 0.12800 0.73607 1.56336 0.00044 0.01112
129 0.12900 0.15833 -0.00000 0.00044 0.01107
130 0.13000 0.73879 1.55955 0.00044 0.01120
131 0.13100 0.14863 -0.00000 0.00044 0.01115
132 0.13200 0.74102 1.55561 0.00044 0.01128
133 0.13300 0.14573 -0.00000 0.00044 0.01122
134 0.13400 0.74339 1.55162 0.00044 0.01136
135 0.13500 0.14395 -0.00000 0.00044 0.01130
136 0.13600 0.74565 1.54775 0.00044 0.01143
137 0.13700 0.14216 -0.00000 0.00044 0.01138
138 0.13800 0.74805 1.54409 0.00044 0.01151
139 0.13900 0.14014 -0.00000 0.00044 0.01145
140 0.14000 0.75039 1.54055 0.00044 0.01158
141 0.14100 0.13784 -0.00000 0.00044 0.01153
142 0.14200 0.75271 1.53719 0.00044 0.01166
143 0.14300 0.13523 -0.00000 0.00044 0.01160
144 0.14400 0.75521 1.53402 0.00044 0.01173
145 0.14500 0.13228 -0.00000 0.00044 0.01167
146 0.14600 0.75788 1.53096 0.00044 0.01181
147 0.14700 0.12891 -0.00000 0.00044 0.01175
148 0.14800 0.76072 1.52815 0.00044 0.01188
149 0.14900 0.12499 -0.00000 0.00044 0.01182
150 0.15000 0.76367 1.52555 0.00044 0.01195
151 0.15100 0.12042 -0.00000 0.00044 0.01189
152 0.15200 0.76671 1.52318 0.00044 0.01202
153 0.15300 0.11532 -0.00000 0.00044 0.01196
154 0.15400 0.76984 1.52103 0.00044 0.01209
155 0.15500 0.11050 -0.00000 0.00044 0.01203
156 0.15600 0.77274 1.51907 0.00044 0.01216
157 0.15700 0.10737 -0.00000 0.00044 0.01210
158 0.15800 0.77570 1.51735 0.00044 0.01222
159 0.15900 0.10497 -0.00000 0.00044 0.01216
160 0.16000 0.77871 1.51581 0.00044 0.01229
161 0.16100 0.10252 -0.00000 0.00044 0.01223
162 0.16200 0.78180 1.51445 0.00044 0.01236
163 0.16300 0.09996 -0.00000 0.00044 0.01230
164 0.16400 0.78495 1.51325 0.00044 0.01242
165 0.16500 0.09729 -0.00000 0.00044 0.01236
166 0.16600 0.78816 1.51221 0.00044 0.01249
167 0.16700 0.09452 -0.00000 0.00044 0.01242
168 0.16800 0.79140 1.51131 0.00045 0.01255
169 0.16900 0.09169 -0.00000 0.00046 0.01249
170 0.17000 0.79464 1.51055 0.00047 0.01261
171 0.17100 0.08889 -0.00000 0.00049 0.01255
172 0.17200 0.80008 1.51043 0.00050 0.01267
173 0.17300 0.08636 -0.00000 0.00051 0.01260
174 0.17400 0.80260 1.51005 0.00053 0.01273
175 0.17500 0.08360 -0.00000 0.00054 0.01266
176 0.17600 0.80553 1.50970 0.00055 0.01278
177 0.17700 0.08238 -0.00000 0.00056 0.01271
178 0.17800 0.80711 1.50959 0.00057 0.01283
179 0.17900 0.08024 -0.00000 0.00058 0.01276
180 0.18000 0.80953 1.50963 0.00059 0.01288
181 0.18100 0.07800 -0.00000 0.00060 0.01281
182 0.18200 0.81218 1.50986 0.00060 0.01293
183 0.18300 0.07578 -0.00000 0.00061 0.01286
184 0.18400 0.81521 1.51053 0.00061 0.01298
185 0.18500 0.07362 -0.00000 0.00061 0.01291
186 0.18600 0.81793 1.51106 0.00061 0.01303
187 0.18700 0.07151 -0.00000 0.00061 0.01295
188 0.18800 0.82063 1.51189 0.00061 0.01308
189 0.18900 0.06943 -0.00000 0.00061 0.01300
190 0.19000 0.82347 1.51291 0.00061 0.01312
191 0.19100 0.06739 -0.00000 0.00060 0.01305
192 0.19200 0.82634 1.51412 0.00060 0.01317
193 0.19300 0.06539 -0.00000 0.00060 0.01309
194 0.19400 0.82921 1.51553 0.00060 0.01321
195 0.19500 0.06343 -0.00000 0.00060 0.01313
196 0.19600 0.83215 1.51717 0.00060 0.01326
197 0.19700 0.06149 -0.00000 0.00060 0.01318
198 0.19800 0.83508 1.51898 0.00060 0.01330
199 0.19900 0.05957 -0.00000 0.00059 0.01322
200 0.20000 0.83803 1.52099 0.00059 0.01334
201 0.20100 0.05768 -0.00000 0.00059 0.01326
202 0.20200 0.84100 1.52320 0.00059 0.01338
203 0.20300 0.05545 -0.00000 0.00059 0.01330
204 0.20400 0.84361 1.52557 0.00059 0.01342
205 0.20500 0.05352 -0.00000 0.00059 0.01334
206 0.20600 0.84664 1.52815 0.00059 0.01346
207 0.20700 0.05174 -0.00000 0.00058 0.01338
208 0.20800 0.84968 1.53096 0.00058 0.01350
209 0.20900 0.04999 -0.00000 0.00058 0.01342
210 0.21000 0.85276 1.53397 0.00058 0.01354
211 0.21100 0.04827 -0.00000 0.00058 0.01346
212 0.21200 0.85588 1.53717 0.00058 0.01358
213 0.21300 0.04655 -0.00000 0.00058 0.01349
214 0.21400 0.85922 1.54059 0.00058 0.01361
215 0.21500 0.04485 -0.00000 0.00058 0.01353
216 0.21600 0.86240 1.54420 0.00058 0.01365
217 0.21700 0.04317 -0.00000 0.00057 0.01357
218 0.21800 0.86563 1.54801 0.00057 0.01369
219 0.21900 0.04151 -0.00000 0.00057 0.01360
220 0.22000 0.86891 1.55203 0.00057 0.01372
221 0.22100 0.03987 -0.00000 0.00057 0.01363
222 0.22200 0.87224 1.55626 0.00057 0.01375
223 0.22300 0.03824 -0.00000 0.00057 0.01367
224 0.22400 0.87561 1.56070 0.00057 0.01379
225 0.22500 0.03664 -0.00000 0.00056 0.01370
226 0.22600 0.87900 1.56530 0.00056 0.01382
227 0.22700 0.03506 -0.00000 0.00056 0.01373
228 0.22800 0.88247 1.57014 0.00056 0.01385
229 0.22900 0.03252 -0.00000 0.00056 0.01376
230 0.23000 0.92373 1.64851 0.00056 0.01389
231 0.23100 0.02092 -0.00000 0.00056 0.01378
232 0.23200 0.95012 1.66724 0.00056 0.01391
233 0.23300 0.03148 -0.00000 0.00056 0.01381
234 0.23400 0.93737 1.67384 0.00056 0.01394
235 0.23500 0.02896 -0.00000 0.00055 0.01384
236 0.23600 0.93867 1.67476 0.00055 0.01397
237 0.23700 0.02654 -0.00000 0.00055 0.01387
238 0.23800 0.94250 1.68038 0.00055 0.01400
239 0.23900 0.02462 -0.00000 0.00055 0.01390
240 0.24000 0.94690 1.68677 0.00055 0.01403
241 0.24100 0.02303 -0.00000 0.00055 0.01393
242 0.24200 0.95136 1.69343 0.00055 0.01405
243 0.24300 0.02162 -0.00000 0.00054 0.01395
244 0.24400 0.95579 1.70034 0.00054 0.01408
245 0.24500 0.02032 -0.00000 0.00054 0.01398
246 0.24600 0.96017 1.70751 0.00054 0.01410
247 0.24700 0.01907 -0.00000 0.00054 0.01400
248 0.24800 0.96455 1.71495 0.00054 0.01413
249 0.24900 0.01784 -0.00000 0.00054 0.01402
250 0.25000 0.96878 1.72262 0.00054 0.01415
